ARM Linker, 5.03 [Build 76] [MDK-ARM Professional]

==============================================================================

Section Cross References

    startup.o(RESET) refers to startup.o(STACK) for StackMem
    startup.o(RESET) refers to os.o(.emb_text) for PendSV_Handler
    startup.o(RESET) refers to os.o(i.SysTick_Handler) for SysTick_Handler
    startup.o(RESET) refers to hal_uart_int.o(i.UART0_Handler) for UART0_Handler
    startup.o(RESET) refers to hal_uart_int.o(i.UART1_Handler) for UART1_Handler
    startup.o(RESET) refers to hal_uart_int.o(i.UART2_Handler) for UART2_Handler
    startup.o(RESET) refers to entry.o(.ARM.Collect$$$$00000000) for __main
    main.o(i.CAN_RxCallback) refers to os_fifo.o(i.OS_FIFO_Put) for OS_FIFO_Put
    main.o(i.CAN_RxCallback) refers to main.o(.data) for CAN_RxFifo
    main.o(i.CAN_TxTask) refers to os_fifo.o(i.OS_FIFO_Get) for OS_FIFO_Get
    main.o(i.CAN_TxTask) refers to hal_gpio.o(i.HAL_GPIO_PinToggle) for HAL_GPIO_PinToggle
    main.o(i.CAN_TxTask) refers to main.o(.data) for CAN_TxFifo
    main.o(i.ESP8266_IPDCallback) refers to coap.o(i.coap_dump) for coap_dump
    main.o(i.ESP8266_IPDCallback) refers to printfa.o(i.__0printf) for __2printf
    main.o(i.ESP8266_IPDCallback) refers to coap.o(i.coap_parse) for coap_parse
    main.o(i.ESP8266_IPDCallback) refers to coap.o(i.coap_dumpPacket) for coap_dumpPacket
    main.o(i.ESP8266_IPDCallback) refers to coap.o(i.coap_handle_req) for coap_handle_req
    main.o(i.ESP8266_IPDCallback) refers to coap.o(i.coap_build) for coap_build
    main.o(i.ESP8266_IPDCallback) refers to esp8266.o(i.ESP8266_sendData) for ESP8266_sendData
    main.o(i.ESP8266_IPDCallback) refers to main.o(.data) for scratch_buf
    main.o(i.blink) refers to os.o(i.OS_Sleep) for OS_Sleep
    main.o(i.blink) refers to os_fifo.o(i.OS_FIFO_Put) for OS_FIFO_Put
    main.o(i.blink) refers to main.o(.data) for CAN_TxFifo
    main.o(i.main) refers to sysctl.o(i.SysCtlClockFreqSet) for SysCtlClockFreqSet
    main.o(i.main) refers to os.o(i.OS_Init) for OS_Init
    main.o(i.main) refers to os_fifo.o(i.OS_FIFO_Init) for OS_FIFO_Init
    main.o(i.main) refers to os.o(i.OS_AddThread) for OS_AddThread
    main.o(i.main) refers to hal_gpio.o(i.HAL_GPIO_Init) for HAL_GPIO_Init
    main.o(i.main) refers to os.o(i.OS_Start) for OS_Start
    main.o(i.main) refers to main.o(.data) for CAN_RxFifo
    main.o(i.main) refers to main.o(i.blink) for blink
    main.o(i.main) refers to main.o(i.CAN_TxTask) for CAN_TxTask
    main.o(i.put_light_Callback) refers to hal_gpio.o(i.HAL_GPIO_PinToggle) for HAL_GPIO_PinToggle
    main.o(i.put_light_Callback) refers to hal_gpio.o(i.HAL_GPIO_PinWrite) for HAL_GPIO_PinWrite
    main.o(i.put_light_Callback) refers to hal_gpio.o(i.HAL_GPIO_PinRead) for HAL_GPIO_PinRead
    main.o(i.transparentUART) refers to gets.o(i.gets) for gets
    main.o(i.transparentUART) refers to main.o(.bss) for cmd
    main.o(i.wifiThread) refers to coap.o(i.coap_setup) for coap_setup
    main.o(i.wifiThread) refers to esp8266.o(i.ESP8266_Init) for ESP8266_Init
    main.o(i.wifiThread) refers to os.o(i.OS_Sleep) for OS_Sleep
    main.o(i.wifiThread) refers to esp8266.o(.bss) for esp8266
    main.o(.data) refers to main.o(.bss) for scratch_raw
    retarget.o(i.fgetc) refers to hal_uart.o(i.HAL_UART_ReceiveBlocking) for HAL_UART_ReceiveBlocking
    retarget.o(i.fgetc) refers to hal_uart.o(.data) for uart0
    retarget.o(i.fputc) refers to hal_uart.o(i.HAL_UART_SendBlocking) for HAL_UART_SendBlocking
    retarget.o(i.fputc) refers to hal_uart.o(.data) for uart0
    uart.o(i.UARTConfigSetExpClk) refers to uart.o(i.UARTDisable) for UARTDisable
    uart.o(i.UARTConfigSetExpClk) refers to uart.o(i.UARTEnable) for UARTEnable
    uart.o(i.UARTIntRegister) refers to uart.o(i._UARTIntNumberGet) for _UARTIntNumberGet
    uart.o(i.UARTIntRegister) refers to interrupt.o(i.IntRegister) for IntRegister
    uart.o(i.UARTIntRegister) refers to interrupt.o(i.IntEnable) for IntEnable
    uart.o(i.UARTIntUnregister) refers to uart.o(i._UARTIntNumberGet) for _UARTIntNumberGet
    uart.o(i.UARTIntUnregister) refers to interrupt.o(i.IntDisable) for IntDisable
    uart.o(i.UARTIntUnregister) refers to interrupt.o(i.IntUnregister) for IntUnregister
    uart.o(i._UARTIntNumberGet) refers to uart.o(.constdata) for g_ppui32UARTIntMap
    interrupt.o(i.IntDisable) refers to interrupt.o(.constdata) for g_pui32Dii16Regs
    interrupt.o(i.IntEnable) refers to interrupt.o(.constdata) for g_pui32EnRegs
    interrupt.o(i.IntIsEnabled) refers to interrupt.o(.constdata) for g_pui32EnRegs
    interrupt.o(i.IntMasterDisable) refers to cpu.o(.emb_text) for CPUcpsid
    interrupt.o(i.IntMasterEnable) refers to cpu.o(.emb_text) for CPUcpsie
    interrupt.o(i.IntPendClear) refers to interrupt.o(.constdata) for g_pui32UnpendRegs
    interrupt.o(i.IntPendSet) refers to interrupt.o(.constdata) for g_pui32PendRegs
    interrupt.o(i.IntPriorityGet) refers to interrupt.o(.constdata) for g_pui32Regs
[...]
    printfb.o(i.__0sprintf$bare) refers to printfb.o(i._sputc) for _sputc
    printfb.o(i.__0vfprintf$bare) refers to printfb.o(i._printf_core) for _printf_core
    printfb.o(i.__0vfprintf$bare) refers to retarget.o(i.fputc) for fputc
    printfb.o(i.__0vprintf$bare) refers to printfb.o(i._printf_core) for _printf_core
    printfb.o(i.__0vprintf$bare) refers to retarget.o(i.fputc) for fputc
    printfb.o(i.__0vprintf$bare) refers to stdout.o(.data) for __stdout
    printfb.o(i.__0vsnprintf$bare) refers to printfb.o(i._printf_core) for _printf_core
    printfb.o(i.__0vsnprintf$bare) refers to printfb.o(i._snputc) for _snputc
    printfb.o(i.__0vsprintf$bare) refers to printfb.o(i._printf_core) for _printf_core
    printfb.o(i.__0vsprintf$bare) refers to printfb.o(i._sputc) for _sputc
    printf0.o(i.__0fprintf$0) refers to printf0.o(i._printf_core) for _printf_core
    printf0.o(i.__0fprintf$0) refers to retarget.o(i.fputc) for fputc
    printf0.o(i.__0printf$0) refers to printf0.o(i._printf_core) for _printf_core
    printf0.o(i.__0printf$0) refers to retarget.o(i.fputc) for fputc
    printf0.o(i.__0printf$0) refers to stdout.o(.data) for __stdout
    printf0.o(i.__0snprintf$0) refers to printf0.o(i._printf_core) for _printf_core
    printf0.o(i.__0snprintf$0) refers to printf0.o(i._snputc) for _snputc
    printf0.o(i.__0sprintf$0) refers to printf0.o(i._printf_core) for _printf_core
    printf0.o(i.__0sprintf$0) refers to printf0.o(i._sputc) for _sputc
    printf0.o(i.__0vfprintf$0) refers to printf0.o(i._printf_core) for _printf_core
    printf0.o(i.__0vfprintf$0) refers to retarget.o(i.fputc) for fputc
    printf0.o(i.__0vprintf$0) refers to printf0.o(i._printf_core) for _printf_core
    printf0.o(i.__0vprintf$0) refers to retarget.o(i.fputc) for fputc
    printf0.o(i.__0vprintf$0) refers to stdout.o(.data) for __stdout
    printf0.o(i.__0vsnprintf$0) refers to printf0.o(i._printf_core) for _printf_core
    printf0.o(i.__0vsnprintf$0) refers to printf0.o(i._snputc) for _snputc
    printf0.o(i.__0vsprintf$0) refers to printf0.o(i._printf_core) for _printf_core
    printf0.o(i.__0vsprintf$0) refers to printf0.o(i._sputc) for _sputc
    printf1.o(i.__0fprintf$1) refers to printf1.o(i._printf_core) for _printf_core
    printf1.o(i.__0fprintf$1) refers to retarget.o(i.fputc) for fputc
    printf1.o(i.__0printf$1) refers to printf1.o(i._printf_core) for _printf_core
    printf1.o(i.__0printf$1) refers to retarget.o(i.fputc) for fputc
    printf1.o(i.__0printf$1) refers to stdout.o(.data) for __stdout
    printf1.o(i.__0snprintf$1) refers to printf1.o(i._printf_core) for _printf_core
    printf1.o(i.__0snprintf$1) refers to printf1.o(i._snputc) for _snputc
    printf1.o(i.__0sprintf$1) refers to printf1.o(i._printf_core) for _printf_core
    printf1.o(i.__0sprintf$1) refers to printf1.o(i._sputc) for _sputc
    printf1.o(i.__0vfprintf$1) refers to printf1.o(i._printf_core) for _printf_core
    printf1.o(i.__0vfprintf$1) refers to retarget.o(i.fputc) for fputc
    printf1.o(i.__0vprintf$1) refers to printf1.o(i._printf_core) for _printf_core
    printf1.o(i.__0vprintf$1) refers to retarget.o(i.fputc) for fputc
    printf1.o(i.__0vprintf$1) refers to stdout.o(.data) for __stdout
    printf1.o(i.__0vsnprintf$1) refers to printf1.o(i._printf_core) for _printf_core
    printf1.o(i.__0vsnprintf$1) refers to printf1.o(i._snputc) for _snputc
    printf1.o(i.__0vsprintf$1) refers to printf1.o(i._printf_core) for _printf_core
    printf1.o(i.__0vsprintf$1) refers to printf1.o(i._sputc) for _sputc
    printf1.o(i._printf_core) refers to uidiv.o(.text) for __aeabi_uidivmod
    printf2.o(i.__0fprintf$2) refers to printf2.o(i._printf_core) for _printf_core
    printf2.o(i.__0fprintf$2) refers to retarget.o(i.fputc) for fputc
    printf2.o(i.__0printf$2) refers to printf2.o(i._printf_core) for _printf_core
    printf2.o(i.__0printf$2) refers to retarget.o(i.fputc) for fputc
    printf2.o(i.__0printf$2) refers to stdout.o(.data) for __stdout
    printf2.o(i.__0snprintf$2) refers to printf2.o(i._printf_core) for _printf_core
    printf2.o(i.__0snprintf$2) refers to printf2.o(i._snputc) for _snputc
    printf2.o(i.__0sprintf$2) refers to printf2.o(i._printf_core) for _printf_core
    printf2.o(i.__0sprintf$2) refers to printf2.o(i._sputc) for _sputc
    printf2.o(i.__0vfprintf$2) refers to printf2.o(i._printf_core) for _printf_core
    printf2.o(i.__0vfprintf$2) refers to retarget.o(i.fputc) for fputc
    printf2.o(i.__0vprintf$2) refers to printf2.o(i._printf_core) for _printf_core
    printf2.o(i.__0vprintf$2) refers to retarget.o(i.fputc) for fputc
    printf2.o(i.__0vprintf$2) refers to stdout.o(.data) for __stdout
    printf2.o(i.__0vsnprintf$2) refers to printf2.o(i._printf_core) for _printf_core
    printf2.o(i.__0vsnprintf$2) refers to printf2.o(i._snputc) for _snputc
    printf2.o(i.__0vsprintf$2) refers to printf2.o(i._printf_core) for _printf_core
    printf2.o(i.__0vsprintf$2) refers to printf2.o(i._sputc) for _sputc
    printf3.o(i.__0fprintf$3) refers to printf3.o(i._printf_core) for _printf_core
    printf3.o(i.__0fprintf$3) refers to retarget.o(i.fputc) for fputc
    printf3.o(i.__0printf$3) refers to printf3.o(i._printf_core) for _printf_core
    printf3.o(i.__0printf$3) refers to retarget.o(i.fputc) for fputc
    printf3.o(i.__0printf$3) refers to stdout.o(.data) for __stdout
    printf3.o(i.__0snprintf$3) refers to printf3.o(i._printf_core) for _printf_core
    printf3.o(i.__0snprintf$3) refers to printf3.o(i._snputc) for _snputc
    printf3.o(i.__0sprintf$3) refers to printf3.o(i._printf_core) for _printf_core
    printf3.o(i.__0sprintf$3) refers to printf3.o(i._sputc) for _sputc
    printf3.o(i.__0vfprintf$3) refers to printf3.o(i._printf_core) for _printf_core
    printf3.o(i.__0vfprintf$3) refers to retarget.o(i.fputc) for fputc
    printf3.o(i.__0vprintf$3) refers to printf3.o(i._printf_core) for _printf_core
    printf3.o(i.__0vprintf$3) refers to retarget.o(i.fputc) for fputc
    printf3.o(i.__0vprintf$3) refers to stdout.o(.data) for __stdout
    printf3.o(i.__0vsnprintf$3) refers to printf3.o(i._printf_core) for _printf_core
    printf3.o(i.__0vsnprintf$3) refers to printf3.o(i._snputc) for _snputc
    printf3.o(i.__0vsprintf$3) refers to printf3.o(i._printf_core) for _printf_core
    printf3.o(i.__0vsprintf$3) refers to printf3.o(i._sputc) for _sputc
    printf3.o(i._printf_core) refers to uidiv.o(.text) for __aeabi_uidivmod
    printf4.o(i.__0fprintf$4) refers to printf4.o(i._printf_core) for _printf_core
    printf4.o(i.__0fprintf$4) refers to retarget.o(i.fputc) for fputc
    printf4.o(i.__0printf$4) refers to printf4.o(i._printf_core) for _printf_core
    printf4.o(i.__0printf$4) refers to retarget.o(i.fputc) for fputc
    printf4.o(i.__0printf$4) refers to stdout.o(.data) for __stdout
    printf4.o(i.__0snprintf$4) refers to printf4.o(i._printf_core) for _printf_core
    printf4.o(i.__0snprintf$4) refers to printf4.o(i._snputc) for _snputc
    printf4.o(i.__0sprintf$4) refers to printf4.o(i._printf_core) for _printf_core
    printf4.o(i.__0sprintf$4) refers to printf4.o(i._sputc) for _sputc
    printf4.o(i.__0vfprintf$4) refers to printf4.o(i._printf_core) for _printf_core
    printf4.o(i.__0vfprintf$4) refers to retarget.o(i.fputc) for fputc
    printf4.o(i.__0vprintf$4) refers to printf4.o(i._printf_core) for _printf_core
    printf4.o(i.__0vprintf$4) refers to retarget.o(i.fputc) for fputc
    printf4.o(i.__0vprintf$4) refers to stdout.o(.data) for __stdout
    printf4.o(i.__0vsnprintf$4) refers to printf4.o(i._printf_core) for _printf_core
    printf4.o(i.__0vsnprintf$4) refers to printf4.o(i._snputc) for _snputc
    printf4.o(i.__0vsprintf$4) refers to printf4.o(i._printf_core) for _printf_core
    printf4.o(i.__0vsprintf$4) refers to printf4.o(i._sputc) for _sputc
    printf4.o(i._printf_core) refers to uldiv.o(.text) for __aeabi_uldivmod
    printf5.o(i.__0fprintf$5) refers to printf5.o(i._printf_core) for _printf_core
    printf5.o(i.__0fprintf$5) refers to retarget.o(i.fputc) for fputc
    printf5.o(i.__0printf$5) refers to printf5.o(i._printf_core) for _printf_core
    printf5.o(i.__0printf$5) refers to retarget.o(i.fputc) for fputc
    printf5.o(i.__0printf$5) refers to stdout.o(.data) for __stdout
    printf5.o(i.__0snprintf$5) refers to printf5.o(i._printf_core) for _printf_core
    printf5.o(i.__0snprintf$5) refers to printf5.o(i._snputc) for _snputc
    printf5.o(i.__0sprintf$5) refers to printf5.o(i._printf_core) for _printf_core
    printf5.o(i.__0sprintf$5) refers to printf5.o(i._sputc) for _sputc
    printf5.o(i.__0vfprintf$5) refers to printf5.o(i._printf_core) for _printf_core
    printf5.o(i.__0vfprintf$5) refers to retarget.o(i.fputc) for fputc
    printf5.o(i.__0vprintf$5) refers to printf5.o(i._printf_core) for _printf_core
    printf5.o(i.__0vprintf$5) refers to retarget.o(i.fputc) for fputc
    printf5.o(i.__0vprintf$5) refers to stdout.o(.data) for __stdout
    printf5.o(i.__0vsnprintf$5) refers to printf5.o(i._printf_core) for _printf_core
    printf5.o(i.__0vsnprintf$5) refers to printf5.o(i._snputc) for _snputc
    printf5.o(i.__0vsprintf$5) refers to printf5.o(i._printf_core) for _printf_core
    printf5.o(i.__0vsprintf$5) refers to printf5.o(i._sputc) for _sputc
    printf5.o(i._printf_core) refers to uldiv.o(.text) for __aeabi_uldivmod
    printf6.o(i.__0fprintf$6) refers to printf6.o(i._printf_core) for _printf_core
    printf6.o(i.__0fprintf$6) refers to retarget.o(i.fputc) for fputc
    printf6.o(i.__0printf$6) refers to printf6.o(i._printf_core) for _printf_core
    printf6.o(i.__0printf$6) refers to retarget.o(i.fputc) for fputc
    printf6.o(i.__0printf$6) refers to stdout.o(.data) for __stdout
    printf6.o(i.__0snprintf$6) refers to printf6.o(i._printf_core) for _printf_core
    printf6.o(i.__0snprintf$6) refers to printf6.o(i._snputc) for _snputc
    printf6.o(i.__0sprintf$6) refers to printf6.o(i._printf_core) for _printf_core
    printf6.o(i.__0sprintf$6) refers to printf6.o(i._sputc) for _sputc
    printf6.o(i.__0vfprintf$6) refers to printf6.o(i._printf_core) for _printf_core
    printf6.o(i.__0vfprintf$6) refers to retarget.o(i.fputc) for fputc
    printf6.o(i.__0vprintf$6) refers to printf6.o(i._printf_core) for _printf_core
    printf6.o(i.__0vprintf$6) refers to retarget.o(i.fputc) for fputc
    printf6.o(i.__0vprintf$6) refers to stdout.o(.data) for __stdout
    printf6.o(i.__0vsnprintf$6) refers to printf6.o(i._printf_core) for _printf_core
    printf6.o(i.__0vsnprintf$6) refers to printf6.o(i._snputc) for _snputc
    printf6.o(i.__0vsprintf$6) refers to printf6.o(i._printf_core) for _printf_core
    printf6.o(i.__0vsprintf$6) refers to printf6.o(i._sputc) for _sputc
    printf6.o(i._printf_core) refers to printf6.o(i._printf_pre_padding) for _printf_pre_padding
    printf6.o(i._printf_core) refers to uidiv.o(.text) for __aeabi_uidivmod
    printf6.o(i._printf_core) refers to printf6.o(i._printf_post_padding) for _printf_post_padding
    printf7.o(i.__0fprintf$7) refers to printf7.o(i._printf_core) for _printf_core
    printf7.o(i.__0fprintf$7) refers to retarget.o(i.fputc) for fputc
    printf7.o(i.__0printf$7) refers to printf7.o(i._printf_core) for _printf_core
    printf7.o(i.__0printf$7) refers to retarget.o(i.fputc) for fputc
    printf7.o(i.__0printf$7) refers to stdout.o(.data) for __stdout
    printf7.o(i.__0snprintf$7) refers to printf7.o(i._printf_core) for _printf_core
    printf7.o(i.__0snprintf$7) refers to printf7.o(i._snputc) for _snputc
    printf7.o(i.__0sprintf$7) refers to printf7.o(i._printf_core) for _printf_core
    printf7.o(i.__0sprintf$7) refers to printf7.o(i._sputc) for _sputc
    printf7.o(i.__0vfprintf$7) refers to printf7.o(i._printf_core) for _printf_core
    printf7.o(i.__0vfprintf$7) refers to retarget.o(i.fputc) for fputc
    printf7.o(i.__0vprintf$7) refers to printf7.o(i._printf_core) for _printf_core
    printf7.o(i.__0vprintf$7) refers to retarget.o(i.fputc) for fputc
    printf7.o(i.__0vprintf$7) refers to stdout.o(.data) for __stdout
    printf7.o(i.__0vsnprintf$7) refers to printf7.o(i._printf_core) for _printf_core
    printf7.o(i.__0vsnprintf$7) refers to printf7.o(i._snputc) for _snputc
    printf7.o(i.__0vsprintf$7) refers to printf7.o(i._printf_core) for _printf_core
    printf7.o(i.__0vsprintf$7) refers to printf7.o(i._sputc) for _sputc
    printf7.o(i._printf_core) refers to printf7.o(i._printf_pre_padding) for _printf_pre_padding
    printf7.o(i._printf_core) refers to uldiv.o(.text) for __aeabi_uldivmod
    printf7.o(i._printf_core) refers to printf7.o(i._printf_post_padding) for _printf_post_padding
    printf8.o(i.__0fprintf$8) refers to printf8.o(i._printf_core) for _printf_core
    printf8.o(i.__0fprintf$8) refers to retarget.o(i.fputc) for fputc
    printf8.o(i.__0printf$8) refers to printf8.o(i._printf_core) for _printf_core
    printf8.o(i.__0printf$8) refers to retarget.o(i.fputc) for fputc
    printf8.o(i.__0printf$8) refers to stdout.o(.data) for __stdout
    printf8.o(i.__0snprintf$8) refers to printf8.o(i._printf_core) for _printf_core
    printf8.o(i.__0snprintf$8) refers to printf8.o(i._snputc) for _snputc
    printf8.o(i.__0sprintf$8) refers to printf8.o(i._printf_core) for _printf_core
    printf8.o(i.__0sprintf$8) refers to printf8.o(i._sputc) for _sputc
    printf8.o(i.__0vfprintf$8) refers to printf8.o(i._printf_core) for _printf_core
    printf8.o(i.__0vfprintf$8) refers to retarget.o(i.fputc) for fputc
    printf8.o(i.__0vprintf$8) refers to printf8.o(i._printf_core) for _printf_core
    printf8.o(i.__0vprintf$8) refers to retarget.o(i.fputc) for fputc
    printf8.o(i.__0vprintf$8) refers to stdout.o(.data) for __stdout
    printf8.o(i.__0vsnprintf$8) refers to printf8.o(i._printf_core) for _printf_core
    printf8.o(i.__0vsnprintf$8) refers to printf8.o(i._snputc) for _snputc
    printf8.o(i.__0vsprintf$8) refers to printf8.o(i._printf_core) for _printf_core
    printf8.o(i.__0vsprintf$8) refers to printf8.o(i._sputc) for _sputc
    printf8.o(i._printf_core) refers to printf8.o(i._printf_pre_padding) for _printf_pre_padding
    printf8.o(i._printf_core) refers to uldiv.o(.text) for __aeabi_uldivmod
    printf8.o(i._printf_core) refers to printf8.o(i._printf_post_padding) for _printf_post_padding
    printfa.o(i.__0fprintf) refers (Special) to iusefp.o(.text) for __I$use$fp
    printfa.o(i.__0fprintf) refers to printfa.o(i._printf_core) for _printf_core
    printfa.o(i.__0fprintf) refers to retarget.o(i.fputc) for fputc
    printfa.o(i.__0printf) refers (Special) to iusefp.o(.text) for __I$use$fp
    printfa.o(i.__0printf) refers to printfa.o(i._printf_core) for _printf_core
    printfa.o(i.__0printf) refers to retarget.o(i.fputc) for fputc
    printfa.o(i.__0printf) refers to stdout.o(.data) for __stdout
    printfa.o(i.__0snprintf) refers (Special) to iusefp.o(.text) for __I$use$fp
    printfa.o(i.__0snprintf) refers to printfa.o(i._printf_core) for _printf_core
    printfa.o(i.__0snprintf) refers to printfa.o(i._snputc) for _snputc
    printfa.o(i.__0sprintf) refers (Special) to iusefp.o(.text) for __I$use$fp
    printfa.o(i.__0sprintf) refers to printfa.o(i._printf_core) for _printf_core
    printfa.o(i.__0sprintf) refers to printfa.o(i._sputc) for _sputc
    printfa.o(i.__0vfprintf) refers (Special) to iusefp.o(.text) for __I$use$fp
    printfa.o(i.__0vfprintf) refers to printfa.o(i._printf_core) for _printf_core
    printfa.o(i.__0vfprintf) refers to retarget.o(i.fputc) for fputc
    printfa.o(i.__0vprintf) refers (Special) to iusefp.o(.text) for __I$use$fp
    printfa.o(i.__0vprintf) refers to printfa.o(i._printf_core) for _printf_core
    printfa.o(i.__0vprintf) refers to retarget.o(i.fputc) for fputc
    printfa.o(i.__0vprintf) refers to stdout.o(.data) for __stdout
    printfa.o(i.__0vsnprintf) refers (Special) to iusefp.o(.text) for __I$use$fp
    printfa.o(i.__0vsnprintf) refers to printfa.o(i._printf_core) for _printf_core
    printfa.o(i.__0vsnprintf) refers to printfa.o(i._snputc) for _snputc
    printfa.o(i.__0vsprintf) refers (Special) to iusefp.o(.text) for __I$use$fp
    printfa.o(i.__0vsprintf) refers to printfa.o(i._printf_core) for _printf_core
    printfa.o(i.__0vsprintf) refers to printfa.o(i._sputc) for _sputc
    printfa.o(i._fp_digits) refers (Special) to iusefp.o(.text) for __I$use$fp
    printfa.o(i._fp_digits) refers to dmul.o(.text) for __aeabi_dmul
    printfa.o(i._fp_digits) refers to ddiv.o(.text) for __aeabi_ddiv
    printfa.o(i._fp_digits) refers to cdrcmple.o(.text) for __aeabi_cdrcmple
    printfa.o(i._fp_digits) refers to dadd.o(.text) for __aeabi_dadd
    printfa.o(i._fp_digits) refers to dfixul.o(.text) for __aeabi_d2ulz
    printfa.o(i._fp_digits) refers to uldiv.o(.text) for __aeabi_uldivmod
    printfa.o(i._printf_core) refers (Special) to iusefp.o(.text) for __I$use$fp
    printfa.o(i._printf_core) refers to printfa.o(i._printf_pre_padding) for _printf_pre_padding
    printfa.o(i._printf_core) refers to uldiv.o(.text) for __aeabi_uldivmod
    printfa.o(i._printf_core) refers to printfa.o(i._printf_post_padding) for _printf_post_padding
    printfa.o(i._printf_core) refers to printfa.o(i._fp_digits) for _fp_digits
    printfa.o(i._printf_core) refers to uidiv.o(.text) for __aeabi_uidivmod
    printfa.o(i._printf_post_padding) refers (Special) to iusefp.o(.text) for __I$use$fp
    printfa.o(i._printf_pre_padding) refers (Special) to iusefp.o(.text) for __I$use$fp
    printfa.o(i._snputc) refers (Special) to iusefp.o(.text) for __I$use$fp
    printfa.o(i._sputc) refers (Special) to iusefp.o(.text) for __I$use$fp
    __0sscanf.o(.text) refers to scanf_char.o(.text) for __vfscanf_char
    __0sscanf.o(.text) refers to _sgetc.o(.text) for _sgetc
    _scanf_int.o(.text) refers to _chval.o(.text) for _chval
    dmul.o(.text) refers (Special) to iusefp.o(.text) for __I$use$fp
    dmul.o(.text) refers to depilogue.o(.text) for _double_epilogue
    dfltui.o(.text) refers (Special) to iusefp.o(.text) for __I$use$fp
    dfltui.o(.text) refers to depilogue.o(.text) for _double_epilogue
    dfixui.o(.text) refers (Special) to iusefp.o(.text) for __I$use$fp
    dfixui.o(.text) refers to llushr.o(.text) for __aeabi_llsr
    entry2.o(.ARM.Collect$$$$00000001) refers to entry2.o(.ARM.Collect$$$$00002712) for __lit__00000000
    entry2.o(.ARM.Collect$$$$00002712) refers to startup.o(STACK) for __initial_sp
    entry2.o(__vectab_stack_and_reset_area) refers to startup.o(STACK) for __initial_sp
    entry2.o(__vectab_stack_and_reset_area) refers to entry.o(.ARM.Collect$$$$00000000) for __main
    entry5.o(.ARM.Collect$$$$00000004) refers to init.o(.text) for __scatterload
    entry9a.o(.ARM.Collect$$$$0000000B) refers to main.o(i.main) for main
    entry9b.o(.ARM.Collect$$$$0000000C) refers to main.o(i.main) for main
    uldiv.o(.text) refers to llushr.o(.text) for __aeabi_llsr
    uldiv.o(.text) refers to llshl.o(.text) for __aeabi_llsl
    scanf_char.o(.text) refers to _scanf.o(.text) for __vfscanf
    scanf_char.o(.text) refers to isspace_c.o(.text) for isspace
    depilogue.o(.text) refers to llshl.o(.text) for __aeabi_llsl
    depilogue.o(.text) refers to llushr.o(.text) for __aeabi_llsr
    dadd.o(.text) refers to llshl.o(.text) for __aeabi_llsl
    dadd.o(.text) refers to llsshr.o(.text) for __aeabi_lasr
    dadd.o(.text) refers to depilogue.o(.text) for _double_epilogue
    ddiv.o(.text) refers to depilogue.o(.text) for _double_round
    dfixul.o(.text) refers to llushr.o(.text) for __aeabi_llsr
    dfixul.o(.text) refers to llshl.o(.text) for __aeabi_llsl
    init.o(.text) refers to entry5.o(.ARM.Collect$$$$00000004) for __main_after_scatterload
    isspace_c.o(.text) refers to ctype_c.o(.text) for __ctype_lookup
    _scanf.o(.text) refers (Weak) to _scanf_int.o(.text) for _scanf_int
    _scanf.o(.text) refers (Weak) to _scanf_str.o(.text) for _scanf_string
    ctype_c.o(.text) refers to ctype_c.o(.constdata) for .constdata
    at.o(i.AT_sendCommand) refers to strlen.o(.text) for strlen
    at.o(i.AT_sendCommand) refers to at.o(i.AT_sendRaw) for AT_sendRaw


==============================================================================

Removing Unused input sections from the image.

    Removing startup.o(HEAP), (0 bytes).
    Removing main.o(.rev16_text), (4 bytes).
    Removing main.o(.revsh_text), (4 bytes).
    Removing main.o(i.CAN_RxCallback), (28 bytes).
    Removing main.o(i.ESP8266_IPDCallback), (220 bytes).
    Removing main.o(i.put_light_Callback), (44 bytes).
    Removing main.o(i.transparentUART), (16 bytes).
    Removing main.o(i.wifiThread), (28 bytes).
    Removing retarget.o(.rev16_text), (4 bytes).
    Removing retarget.o(.revsh_text), (4 bytes).
    Removing retarget.o(i.ferror), (8 bytes).
    Removing retarget.o(i.fgetc), (40 bytes).
    Removing retarget.o(i.fputc), (28 bytes).
    Removing uart.o(i.UART9BitAddrSend), (44 bytes).
    Removing uart.o(i.UART9BitAddrSet), (10 bytes).
    Removing uart.o(i.UART9BitDisable), (14 bytes).
    Removing uart.o(i.UART9BitEnable), (14 bytes).
    Removing uart.o(i.UARTBreakCtl), (20 bytes).
    Removing uart.o(i.UARTBusy), (10 bytes).
    Removing uart.o(i.UARTCharGet), (16 bytes).
    Removing uart.o(i.UARTCharPut), (14 bytes).
    Removing uart.o(i.UARTCharsAvail), (12 bytes).
    Removing uart.o(i.UARTClockSourceGet), (10 bytes).
    Removing uart.o(i.UARTClockSourceSet), (8 bytes).
    Removing uart.o(i.UARTConfigGetExpClk), (44 bytes).
    Removing uart.o(i.UARTConfigSetExpClk), (76 bytes).
    Removing uart.o(i.UARTDMADisable), (8 bytes).
    Removing uart.o(i.UARTDMAEnable), (8 bytes).
    Removing uart.o(i.UARTDisable), (30 bytes).
    Removing uart.o(i.UARTDisableSIR), (10 bytes).
    Removing uart.o(i.UARTEnable), (20 bytes).
    Removing uart.o(i.UARTEnableSIR), (22 bytes).
    Removing uart.o(i.UARTFIFODisable), (10 bytes).
    Removing uart.o(i.UARTFIFOEnable), (10 bytes).
    Removing uart.o(i.UARTFIFOLevelGet), (18 bytes).
    Removing uart.o(i.UARTFIFOLevelSet), (8 bytes).
    Removing uart.o(i.UARTFlowControlGet), (10 bytes).
    Removing uart.o(i.UARTFlowControlSet), (12 bytes).
    Removing uart.o(i.UARTIntEnable), (8 bytes).
    Removing uart.o(i.UARTIntRegister), (30 bytes).
    Removing uart.o(i.UARTIntUnregister), (26 bytes).
    Removing uart.o(i.UARTLoopbackEnable), (10 bytes).
    Removing uart.o(i.UARTModemControlClear), (12 bytes).
    Removing uart.o(i.UARTModemControlGet), (10 bytes).
    Removing uart.o(i.UARTModemControlSet), (12 bytes).
    Removing uart.o(i.UARTModemStatusGet), (12 bytes).
    Removing uart.o(i.UARTParityModeGet), (10 bytes).
    Removing uart.o(i.UARTParityModeSet), (12 bytes).
    Removing uart.o(i.UARTRxErrorClear), (6 bytes).
    Removing uart.o(i.UARTRxErrorGet), (10 bytes).
    Removing uart.o(i.UARTSmartCardDisable), (10 bytes).
    Removing uart.o(i.UARTSmartCardEnable), (22 bytes).
    Removing uart.o(i.UARTSpaceAvail), (12 bytes).
    Removing uart.o(i.UARTTxIntModeGet), (10 bytes).
    Removing uart.o(i.UARTTxIntModeSet), (12 bytes).
    Removing uart.o(i._UARTIntNumberGet), (76 bytes).
    Removing uart.o(.constdata), (128 bytes).
    Removing interrupt.o(i.IntDisable), (116 bytes).
    Removing interrupt.o(i.IntEnable), (116 bytes).
    Removing interrupt.o(i.IntIsEnabled), (108 bytes).
    Removing interrupt.o(i.IntMasterDisable), (16 bytes).
    Removing interrupt.o(i.IntMasterEnable), (16 bytes).
    Removing interrupt.o(i.IntPendClear), (76 bytes).
    Removing interrupt.o(i.IntPriorityGet), (28 bytes).
    Removing interrupt.o(i.IntPriorityGroupingGet), (44 bytes).
    Removing interrupt.o(i.IntPriorityGroupingSet), (28 bytes).
    Removing interrupt.o(i.IntPriorityMaskGet), (8 bytes).
    Removing interrupt.o(i.IntPriorityMaskSet), (12 bytes).
    Removing interrupt.o(i.IntRegister), (60 bytes).
    Removing interrupt.o(i.IntTrigger), (16 bytes).
    Removing interrupt.o(i.IntUnregister), (20 bytes).
    Removing interrupt.o(i._IntDefaultHandler), (4 bytes).
    Removing interrupt.o(vtable), (620 bytes).
    Removing cpu.o(.emb_text), (38 bytes).
    Removing sysctl.o(.emb_text), (6 bytes).
    Removing sysctl.o(i.SysCtlAltClkConfig), (12 bytes).
    Removing sysctl.o(i.SysCtlClockOutConfig), (16 bytes).
    Removing sysctl.o(i.SysCtlClockSet), (300 bytes).
    Removing sysctl.o(i.SysCtlDeepSleep), (36 bytes).
    Removing sysctl.o(i.SysCtlDeepSleepClockConfigSet), (124 bytes).
    Removing sysctl.o(i.SysCtlDeepSleepClockSet), (12 bytes).
    Removing sysctl.o(i.SysCtlDeepSleepPowerSet), (12 bytes).
    Removing sysctl.o(i.SysCtlFlashSectorSizeGet), (52 bytes).
    Removing sysctl.o(i.SysCtlFlashSizeGet), (56 bytes).
    Removing sysctl.o(i.SysCtlGPIOAHBDisable), (24 bytes).
    Removing sysctl.o(i.SysCtlGPIOAHBEnable), (24 bytes).
    Removing sysctl.o(i.SysCtlIntClear), (12 bytes).
    Removing sysctl.o(i.SysCtlIntDisable), (16 bytes).
    Removing sysctl.o(i.SysCtlIntEnable), (16 bytes).
    Removing sysctl.o(i.SysCtlIntRegister), (20 bytes).
    Removing sysctl.o(i.SysCtlIntStatus), (20 bytes).
    Removing sysctl.o(i.SysCtlIntUnregister), (16 bytes).
    Removing sysctl.o(i.SysCtlLDODeepSleepGet), (12 bytes).
    Removing sysctl.o(i.SysCtlLDODeepSleepSet), (12 bytes).
    Removing sysctl.o(i.SysCtlLDOSleepGet), (12 bytes).
    Removing sysctl.o(i.SysCtlLDOSleepSet), (12 bytes).
    Removing sysctl.o(i.SysCtlMOSCConfigSet), (12 bytes).
    Removing sysctl.o(i.SysCtlNMIClear), (16 bytes).
    Removing sysctl.o(i.SysCtlNMIStatus), (12 bytes).
    Removing sysctl.o(i.SysCtlPIOSCCalibrate), (92 bytes).
    Removing sysctl.o(i.SysCtlPWMClockGet), (28 bytes).
    Removing sysctl.o(i.SysCtlPWMClockSet), (20 bytes).
    Removing sysctl.o(i.SysCtlPeripheralClockGating), (96 bytes).
    Removing sysctl.o(i.SysCtlPeripheralDeepSleepDisable), (52 bytes).
    Removing sysctl.o(i.SysCtlPeripheralDeepSleepEnable), (52 bytes).
    Removing sysctl.o(i.SysCtlPeripheralDisable), (52 bytes).
    Removing sysctl.o(i.SysCtlPeripheralPowerOff), (52 bytes).
    Removing sysctl.o(i.SysCtlPeripheralPowerOn), (52 bytes).
    Removing sysctl.o(i.SysCtlPeripheralPresent), (56 bytes).
    Removing sysctl.o(i.SysCtlPeripheralReset), (112 bytes).
    Removing sysctl.o(i.SysCtlPeripheralSleepDisable), (52 bytes).
    Removing sysctl.o(i.SysCtlPeripheralSleepEnable), (52 bytes).
    Removing sysctl.o(i.SysCtlReset), (20 bytes).
    Removing sysctl.o(i.SysCtlResetBehaviorGet), (12 bytes).
    Removing sysctl.o(i.SysCtlResetBehaviorSet), (12 bytes).
    Removing sysctl.o(i.SysCtlResetCauseClear), (16 bytes).
    Removing sysctl.o(i.SysCtlResetCauseGet), (12 bytes).
    Removing sysctl.o(i.SysCtlSRAMSizeGet), (16 bytes).
    Removing sysctl.o(i.SysCtlSleep), (8 bytes).
    Removing sysctl.o(i.SysCtlSleepPowerSet), (12 bytes).
    Removing sysctl.o(i.SysCtlUSBPLLDisable), (20 bytes).
    Removing sysctl.o(i.SysCtlUSBPLLEnable), (20 bytes).
    Removing sysctl.o(i.SysCtlVCOGet), (152 bytes).
    Removing sysctl.o(i.SysCtlVoltageEventClear), (16 bytes).
    Removing sysctl.o(i.SysCtlVoltageEventConfig), (12 bytes).
    Removing sysctl.o(i.SysCtlVoltageEventStatus), (12 bytes).
    Removing gpio.o(i.GPIOADCTriggerDisable), (16 bytes).
    Removing gpio.o(i.GPIOADCTriggerEnable), (16 bytes).
    Removing gpio.o(i.GPIODMATriggerDisable), (16 bytes).
    Removing gpio.o(i.GPIODMATriggerEnable), (16 bytes).
    Removing gpio.o(i.GPIODirModeGet), (46 bytes).
    Removing gpio.o(i.GPIOIntClear), (8 bytes).
    Removing gpio.o(i.GPIOIntDisable), (16 bytes).
    Removing gpio.o(i.GPIOIntEnable), (16 bytes).
    Removing gpio.o(i.GPIOIntRegister), (30 bytes).
    Removing gpio.o(i.GPIOIntRegisterPin), (36 bytes).
    Removing gpio.o(i.GPIOIntStatus), (20 bytes).
    Removing gpio.o(i.GPIOIntTypeGet), (84 bytes).
    Removing gpio.o(i.GPIOIntTypeSet), (126 bytes).
    Removing gpio.o(i.GPIOIntUnregister), (26 bytes).
    Removing gpio.o(i.GPIOIntUnregisterPin), (28 bytes).
    Removing gpio.o(i.GPIOPadConfigGet), (230 bytes).
    Removing gpio.o(i.GPIOPinConfigure), (84 bytes).
    Removing gpio.o(i.GPIOPinTypeADC), (30 bytes).
    Removing gpio.o(i.GPIOPinTypeCAN), (30 bytes).
    Removing gpio.o(i.GPIOPinTypeComparator), (30 bytes).
    Removing gpio.o(i.GPIOPinTypeComparatorOutput), (30 bytes).
    Removing gpio.o(i.GPIOPinTypeDIVSCLK), (30 bytes).
    Removing gpio.o(i.GPIOPinTypeEPI), (30 bytes).
    Removing gpio.o(i.GPIOPinTypeEthernetLED), (30 bytes).
    Removing gpio.o(i.GPIOPinTypeEthernetMII), (30 bytes).
    Removing gpio.o(i.GPIOPinTypeGPIOInput), (30 bytes).
    Removing gpio.o(i.GPIOPinTypeGPIOOutputOD), (30 bytes).
    Removing gpio.o(i.GPIOPinTypeHibernateRTCCLK), (30 bytes).
    Removing gpio.o(i.GPIOPinTypeI2C), (30 bytes).
    Removing gpio.o(i.GPIOPinTypeI2CSCL), (30 bytes).
    Removing gpio.o(i.GPIOPinTypeLCD), (30 bytes).
    Removing gpio.o(i.GPIOPinTypeOneWire), (30 bytes).
    Removing gpio.o(i.GPIOPinTypePWM), (30 bytes).
    Removing gpio.o(i.GPIOPinTypeQEI), (30 bytes).
    Removing gpio.o(i.GPIOPinTypeSSI), (30 bytes).
    Removing gpio.o(i.GPIOPinTypeTimer), (30 bytes).
    Removing gpio.o(i.GPIOPinTypeTrace), (30 bytes).
    Removing gpio.o(i.GPIOPinTypeUART), (30 bytes).
    Removing gpio.o(i.GPIOPinTypeUSBAnalog), (30 bytes).
    Removing gpio.o(i.GPIOPinTypeUSBDigital), (30 bytes).
    Removing gpio.o(i.GPIOPinTypeWakeHigh), (32 bytes).
    Removing gpio.o(i.GPIOPinTypeWakeLow), (32 bytes).
    Removing gpio.o(i.GPIOPinWakeStatus), (10 bytes).
    Removing gpio.o(i._GPIOIntNumberGet), (76 bytes).
    Removing gpio.o(.constdata), (552 bytes).
    Removing hal_uart.o(.rev16_text), (4 bytes).
    Removing hal_uart.o(.revsh_text), (4 bytes).
    Removing hal_uart.o(i.HAL_UART0_Init), (88 bytes).
    Removing hal_uart.o(i.HAL_UART1_Init), (84 bytes).
    Removing hal_uart.o(i.HAL_UART2_Init), (128 bytes).
    Removing hal_uart.o(i.HAL_UART_Init), (34 bytes).
    Removing hal_uart.o(i.HAL_UART_Receive), (100 bytes).
    Removing hal_uart.o(i.HAL_UART_ReceiveBlocking), (48 bytes).
    Removing hal_uart.o(i.HAL_UART_ReceiveUntilIdle), (84 bytes).
    Removing hal_uart.o(i.HAL_UART_Send), (78 bytes).
    Removing hal_uart.o(i.HAL_UART_SendBlocking), (52 bytes).
    Removing hal_uart_int.o(.rev16_text), (4 bytes).
    Removing hal_uart_int.o(.revsh_text), (4 bytes).
    Removing hal_gpio.o(.rev16_text), (4 bytes).
    Removing hal_gpio.o(.revsh_text), (4 bytes).
    Removing hal_gpio.o(i.HAL_GPIO_PinRead), (16 bytes).
    Removing os.o(.rev16_text), (4 bytes).
    Removing os.o(.revsh_text), (4 bytes).
    Removing os.o(i.OS_AddSW1Task), (16 bytes).
    Removing os.o(i.OS_AddSW2Task), (16 bytes).
    Removing os.o(i.OS_Kill), (112 bytes).
    Removing os.o(i.OS_PeriodicTimerInit), (2 bytes).
    Removing os.o(i.OS_RemoveSW2Task), (16 bytes).
    Removing os.o(i.OS_clearTickCount), (16 bytes).
    Removing os.o(i.OS_getTickCount), (12 bytes).
    Removing os.o(i.SW1_IRQ_Callback), (20 bytes).
    Removing os.o(i.SW2_IRQ_Callback), (20 bytes).
    Removing os.o(.bss), (400 bytes).
    Removing os_fifo.o(i.OS_FIFO_Put_Blocking), (96 bytes).
    Removing os_fifo.o(.data), (76 bytes).
    Removing os_logger.o(i.OS_clearLog), (16 bytes).
    Removing os_logger.o(i.OS_printLog), (144 bytes).
    Removing os_logger.o(.bss), (3204 bytes).
    Removing os_logger.o(.conststring), (125 bytes).
    Removing os_logger.o(.data), (28 bytes).
    Removing list.o(i.List_Init), (10 bytes).
    Removing at.o(.rev16_text), (4 bytes).
    Removing at.o(.revsh_text), (4 bytes).
    Removing at.o(i.AT_Init), (32 bytes).
    Removing at.o(i.AT_checkResponse), (58 bytes).
    Removing at.o(i.AT_getResponseStruct), (8 bytes).
    Removing at.o(i.AT_sendCommandf), (52 bytes).
    Removing at.o(i.AT_sendRaw), (72 bytes).
    Removing at.o(i.AT_splitLines), (36 bytes).
    Removing at.o(i.AT_uartRxCompleteCallback), (30 bytes).
    Removing at.o(i.AT_waitResponse), (64 bytes).
    Removing at.o(i.split), (72 bytes).
    Removing at.o(.bss), (1104 bytes).
    Removing esp8266.o(.rev16_text), (4 bytes).
    Removing esp8266.o(.revsh_text), (4 bytes).
    Removing esp8266.o(i.ESP8266_IPDCallback), (6 bytes).
    Removing esp8266.o(i.ESP8266_Init), (176 bytes).
    Removing esp8266.o(i.ESP8266_JoinAccessPoint), (56 bytes).
    Removing esp8266.o(i.ESP8266_Reset), (108 bytes).
    Removing esp8266.o(i.ESP8266_Server), (100 bytes).
    Removing esp8266.o(i.ESP8266_configureAP), (68 bytes).
    Removing esp8266.o(i.ESP8266_getIP), (108 bytes).
    Removing esp8266.o(i.ESP8266_sendData), (96 bytes).
    Removing esp8266.o(i.ESP8266_setDHCP), (56 bytes).
    Removing esp8266.o(i.ESP8266_setEcho), (40 bytes).
    Removing esp8266.o(i.ESP8266_setMultipleConnections), (48 bytes).
    Removing esp8266.o(i.ESP8266_setWiFiMode), (44 bytes).
    Removing esp8266.o(i.ESP8266_startUDPServer), (244 bytes).
    Removing esp8266.o(.bss), (1048 bytes).
    Removing coap.o(i.coap_buffer_to_string), (40 bytes).
    Removing coap.o(i.coap_build), (484 bytes).
    Removing coap.o(i.coap_dump), (116 bytes).
    Removing coap.o(i.coap_dumpHeader), (152 bytes).
    Removing coap.o(i.coap_dumpOptions), (100 bytes).
    Removing coap.o(i.coap_dumpPacket), (64 bytes).
    Removing coap.o(i.coap_findOptions), (70 bytes).
    Removing coap.o(i.coap_handle_req), (208 bytes).
    Removing coap.o(i.coap_make_response), (118 bytes).
    Removing coap.o(i.coap_option_nibble), (36 bytes).
    Removing coap.o(i.coap_parse), (84 bytes).
    Removing coap.o(i.coap_parseHeader), (60 bytes).
    Removing coap.o(i.coap_parseOption), (222 bytes).
    Removing coap.o(i.coap_parseOptionsAndPayload), (146 bytes).
    Removing coap.o(i.coap_parseToken), (50 bytes).
    Removing coap.o(i.coap_setup), (8 bytes).
    Removing endpoints.o(i.build_rsp), (192 bytes).
    Removing endpoints.o(i.endpoint_setup), (8 bytes).
    Removing endpoints.o(i.handle_get_light), (60 bytes).
    Removing endpoints.o(i.handle_get_well_known_core), (68 bytes).
    Removing endpoints.o(i.handle_put_light), (160 bytes).
    Removing endpoints.o(i.put_light_Callback), (6 bytes).
    Removing endpoints.o(.bss), (1500 bytes).
    Removing endpoints.o(.constdata), (92 bytes).
    Removing endpoints.o(.conststring), (34 bytes).
    Removing endpoints.o(.data), (1 bytes).
    Removing dmul.o(.text), (228 bytes).
    Removing dfltui.o(.text), (26 bytes).
    Removing dfixui.o(.text), (50 bytes).
    Removing depilogue.o(.text), (190 bytes).
    Removing dadd.o(.text), (334 bytes).
    Removing ddiv.o(.text), (222 bytes).
    Removing dfixul.o(.text), (48 bytes).
    Removing cdrcmple.o(.text), (40 bytes).
    Removing at.o(i.AT_sendCommand), (34 bytes).

270 unused section(s) (total 20882 bytes) removed from the image.

==============================================================================

Image Symbol Table

    Local Symbols

    Symbol Name                              Value     Ov Type        Size  Object(Section)

    RESET                                    0x00000000   Section      644  startup.o(RESET)
    ../clib/../cmprslib/zerorunl.c           0x00000000   Number         0  __dczerorl.o ABSOLUTE
    ../clib/microlib/ctype/ctype.c           0x00000000   Number         0  ctype_c.o ABSOLUTE
    ../clib/microlib/ctype/ctype.c           0x00000000   Number         0  isspace_c.o ABSOLUTE
    ../clib/microlib/division.c              0x00000000   Number         0  uldiv.o ABSOLUTE
    ../clib/microlib/division.c              0x00000000   Number         0  uidiv.o ABSOLUTE
    ../clib/microlib/init/entry.s            0x00000000   Number         0  entry7b.o ABSOLUTE
    ../clib/microlib/init/entry.s            0x00000000   Number         0  entry5.o ABSOLUTE
    ../clib/microlib/init/entry.s            0x00000000   Number         0  entry2.o ABSOLUTE
    ../clib/microlib/init/entry.s            0x00000000   Number         0  entry7a.o ABSOLUTE
    ../clib/microlib/init/entry.s            0x00000000   Number         0  entry11b.o ABSOLUTE
    ../clib/microlib/init/entry.s            0x00000000   Number         0  entry11a.o ABSOLUTE
    ../clib/microlib/init/entry.s            0x00000000   Number         0  entry10b.o ABSOLUTE
    ../clib/microlib/init/entry.s            0x00000000   Number         0  entry.o ABSOLUTE
    ../clib/microlib/init/entry.s            0x00000000   Number         0  entry10a.o ABSOLUTE
    ../clib/microlib/init/entry.s            0x00000000   Number         0  entry9b.o ABSOLUTE
    ../clib/microlib/init/entry.s            0x00000000   Number         0  entry9a.o ABSOLUTE
    ../clib/microlib/init/entry.s            0x00000000   Number         0  entry8b.o ABSOLUTE
    ../clib/microlib/init/entry.s            0x00000000   Number         0  entry8a.o ABSOLUTE
    ../clib/microlib/longlong.c              0x00000000   Number         0  llsshr.o ABSOLUTE
    ../clib/microlib/longlong.c              0x00000000   Number         0  llushr.o ABSOLUTE
    ../clib/microlib/longlong.c              0x00000000   Number         0  llshl.o ABSOLUTE
    ../clib/microlib/printf/printf.c         0x00000000   Number         0  printf4.o ABSOLUTE
    ../clib/microlib/printf/printf.c         0x00000000   Number         0  printfa.o ABSOLUTE
    ../clib/microlib/printf/printf.c         0x00000000   Number         0  printf8.o ABSOLUTE
    ../clib/microlib/printf/printf.c         0x00000000   Number         0  printf7.o ABSOLUTE
    ../clib/microlib/printf/printf.c         0x00000000   Number         0  printf6.o ABSOLUTE
    ../clib/microlib/printf/printf.c         0x00000000   Number         0  printf5.o ABSOLUTE
    ../clib/microlib/printf/printf.c         0x00000000   Number         0  printfb.o ABSOLUTE
    ../clib/microlib/printf/printf.c         0x00000000   Number         0  printf3.o ABSOLUTE
    ../clib/microlib/printf/printf.c         0x00000000   Number         0  printf2.o ABSOLUTE
    ../clib/microlib/printf/printf.c         0x00000000   Number         0  printf1.o ABSOLUTE
    ../clib/microlib/printf/printf.c         0x00000000   Number         0  printf0.o ABSOLUTE
    ../clib/microlib/printf/stubs.s          0x00000000   Number         0  stubs.o ABSOLUTE
    ../clib/microlib/stdio/gets.c            0x00000000   Number         0  gets.o ABSOLUTE
    ../clib/microlib/stdio/streams.c         0x00000000   Number         0  stdout.o ABSOLUTE
    ../clib/microlib/stdio/streams.c         0x00000000   Number         0  stdin.o ABSOLUTE
    ../clib/microlib/string/memcmp.c         0x00000000   Number         0  memcmp.o ABSOLUTE
    ../clib/microlib/string/memcpy.c         0x00000000   Number         0  memcpyb.o ABSOLUTE
    ../clib/microlib/string/memcpy.c         0x00000000   Number         0  memcpya.o ABSOLUTE
    ../clib/microlib/string/strlen.c         0x00000000   Number         0  strlen.o ABSOLUTE
    ../clib/microlib/string/strncat.c        0x00000000   Number         0  strncat.o ABSOLUTE
    ../clib/microlib/string/strncpy.c        0x00000000   Number         0  strncpy.o ABSOLUTE
    ../clib/microlib/string/strstr.c         0x00000000   Number         0  strstr.o ABSOLUTE
    ../clib/microlib/string/strtok.c         0x00000000   Number         0  strtok.o ABSOLUTE
    ../clib/microlib/string/strtok.c         0x00000000   Number         0  strtok_r.o ABSOLUTE
    ../clib/microlib/stubs.s                 0x00000000   Number         0  iusefp.o ABSOLUTE
    ../clib/scanf.c                          0x00000000   Number         0  _chval.o ABSOLUTE
    ../clib/scanf.c                          0x00000000   Number         0  _scanf.o ABSOLUTE
    ../clib/scanf.c                          0x00000000   Number         0  scanf_char.o ABSOLUTE
    ../clib/scanf.c                          0x00000000   Number         0  _sgetc.o ABSOLUTE
    ../clib/scanf.c                          0x00000000   Number         0  __0sscanf.o ABSOLUTE
    ../clib/scanf.c                          0x00000000   Number         0  _scanf_str.o ABSOLUTE
    ../clib/scanf.c                          0x00000000   Number         0  _scanf_int.o ABSOLUTE
    ../fplib/microlib/fpadd.c                0x00000000   Number         0  dadd.o ABSOLUTE
    ../fplib/microlib/fpdiv.c                0x00000000   Number         0  ddiv.o ABSOLUTE
    ../fplib/microlib/fpepilogue.c           0x00000000   Number         0  depilogue.o ABSOLUTE
    ../fplib/microlib/fpfix.c                0x00000000   Number         0  dfixul.o ABSOLUTE
    ../fplib/microlib/fpfix.c                0x00000000   Number         0  dfixui.o ABSOLUTE
    ../fplib/microlib/fpflt.c                0x00000000   Number         0  dfltui.o ABSOLUTE
    ../fplib/microlib/fpmul.c                0x00000000   Number         0  dmul.o ABSOLUTE
    ..\CoAP\coap.c                           0x00000000   Number         0  coap.o ABSOLUTE
    ..\CoAP\endpoints.c                      0x00000000   Number         0  endpoints.o ABSOLUTE
    ..\OS\src\List.c                         0x00000000   Number         0  list.o ABSOLUTE
    ..\OS\src\OS.c                           0x00000000   Number         0  os.o ABSOLUTE
    ..\OS\src\OS_FIFO.c                      0x00000000   Number         0  os_fifo.o ABSOLUTE
    ..\OS\src\OS_Logger.c                    0x00000000   Number         0  os_logger.o ABSOLUTE
    ..\OS\src\OS_Signal.c                    0x00000000   Number         0  os_signal.o ABSOLUTE
    ..\OS\src\OS_Task_Lists.c                0x00000000   Number         0  os_task_lists.o ABSOLUTE
    ..\\OS\\src\\OS.c                        0x00000000   Number         0  os.o ABSOLUTE
    ..\\driverlib\\src\\cpu.c                0x00000000   Number         0  cpu.o ABSOLUTE
    ..\\driverlib\\src\\sysctl.c             0x00000000   Number         0  sysctl.o ABSOLUTE
    ..\\src\\AT.c                            0x00000000   Number         0  at.o ABSOLUTE
    ..\\src\\ESP8266.c                       0x00000000   Number         0  esp8266.o ABSOLUTE
    ..\\src\\hal_gpio.c                      0x00000000   Number         0  hal_gpio.o ABSOLUTE
    ..\\src\\hal_uart.c                      0x00000000   Number         0  hal_uart.o ABSOLUTE
    ..\\src\\hal_uart_int.c                  0x00000000   Number         0  hal_uart_int.o ABSOLUTE
    ..\\src\\main.c                          0x00000000   Number         0  main.o ABSOLUTE
    ..\\src\\retarget.c                      0x00000000   Number         0  retarget.o ABSOLUTE
    ..\driverlib\src\cpu.c                   0x00000000   Number         0  cpu.o ABSOLUTE
    ..\driverlib\src\gpio.c                  0x00000000   Number         0  gpio.o ABSOLUTE
    ..\driverlib\src\interrupt.c             0x00000000   Number         0  interrupt.o ABSOLUTE
    ..\driverlib\src\sysctl.c                0x00000000   Number         0  sysctl.o ABSOLUTE
    ..\driverlib\src\uart.c                  0x00000000   Number         0  uart.o ABSOLUTE
    ..\src\AT.c                              0x00000000   Number         0  at.o ABSOLUTE
    ..\src\ESP8266.c                         0x00000000   Number         0  esp8266.o ABSOLUTE
    ..\src\hal_gpio.c                        0x00000000   Number         0  hal_gpio.o ABSOLUTE
    ..\src\hal_uart.c                        0x00000000   Number         0  hal_uart.o ABSOLUTE
    ..\src\hal_uart_int.c                    0x00000000   Number         0  hal_uart_int.o ABSOLUTE
    ..\src\main.c                            0x00000000   Number         0  main.o ABSOLUTE
    ..\src\retarget.c                        0x00000000   Number         0  retarget.o ABSOLUTE
    cdrcmple.s                               0x00000000   Number         0  cdrcmple.o ABSOLUTE
    dc.s                                     0x00000000   Number         0  dc.o ABSOLUTE
    handlers.s                               0x00000000   Number         0  handlers.o ABSOLUTE
    init.s                                   0x00000000   Number         0  init.o ABSOLUTE
    startup.s                                0x00000000   Number         0  startup.o ABSOLUTE
    .ARM.Collect$$$$00000000                 0x00000284   Section        0  entry.o(.ARM.Collect$$$$00000000)
    .ARM.Collect$$$$00000001                 0x00000284   Section        4  entry2.o(.ARM.Collect$$$$00000001)
    .ARM.Collect$$$$00000004                 0x00000288   Section        4  entry5.o(.ARM.Collect$$$$00000004)
    .ARM.Collect$$$$00000008                 0x0000028c   Section        0  entry7b.o(.ARM.Collect$$$$00000008)
    .ARM.Collect$$$$0000000A                 0x0000028c   Section        0  entry8b.o(.ARM.Collect$$$$0000000A)
    .ARM.Collect$$$$0000000B                 0x0000028c   Section        8  entry9a.o(.ARM.Collect$$$$0000000B)
    .ARM.Collect$$$$0000000D                 0x00000294   Section        0  entry10a.o(.ARM.Collect$$$$0000000D)
    .ARM.Collect$$$$0000000F                 0x00000294   Section        0  entry11a.o(.ARM.Collect$$$$0000000F)
    .ARM.Collect$$$$00002712                 0x00000294   Section        4  entry2.o(.ARM.Collect$$$$00002712)
    __lit__00000000                          0x00000294   Data           4  entry2.o(.ARM.Collect$$$$00002712)
    .emb_text                                0x00000298   Section       76  os.o(.emb_text)
    .text                                    0x000002e4   Section       28  startup.o(.text)
    .text                                    0x00000300   Section        0  strncpy.o(.text)
    .text                                    0x00000318   Section       36  init.o(.text)
    .text                                    0x0000033c   Section        0  __dczerorl.o(.text)
    i.CAN_TxTask                             0x00000378   Section        0  main.o(i.CAN_TxTask)
    i.GPIODirModeSet                         0x00000398   Section        0  gpio.o(i.GPIODirModeSet)
    i.GPIOPadConfigSet                       0x000003d8   Section        0  gpio.o(i.GPIOPadConfigSet)
    i.GPIOPinRead                            0x00000572   Section        0  gpio.o(i.GPIOPinRead)
    i.GPIOPinTypeGPIOOutput                  0x0000057e   Section        0  gpio.o(i.GPIOPinTypeGPIOOutput)
    i.GPIOPinWrite                           0x0000059c   Section        0  gpio.o(i.GPIOPinWrite)
    i.HAL_GPIO_Init                          0x000005a8   Section        0  hal_gpio.o(i.HAL_GPIO_Init)
    i.HAL_GPIO_PinReset                      0x000005d8   Section        0  hal_gpio.o(i.HAL_GPIO_PinReset)
    i.HAL_GPIO_PinSet                        0x000005ec   Section        0  hal_gpio.o(i.HAL_GPIO_PinSet)
    i.HAL_GPIO_PinToggle                     0x00000600   Section        0  hal_gpio.o(i.HAL_GPIO_PinToggle)
    i.HAL_GPIO_PinWrite                      0x00000624   Section        0  hal_gpio.o(i.HAL_GPIO_PinWrite)
    i.HAL_UART_IdleCallback                  0x00000642   Section        0  hal_uart.o(i.HAL_UART_IdleCallback)
    i.HAL_UART_RxCallback                    0x000006a6   Section        0  hal_uart.o(i.HAL_UART_RxCallback)
    i.HAL_UART_TxCallback                    0x00000704   Section        0  hal_uart.o(i.HAL_UART_TxCallback)
    i.IdleTask                               0x00000738   Section        0  os.o(i.IdleTask)
    IdleTask                                 0x00000739   Thumb Code     4  os.o(i.IdleTask)
    i.InitializeStack                        0x0000073c   Section        0  os.o(i.InitializeStack)
    i.IntPendSet                             0x00000778   Section        0  interrupt.o(i.IntPendSet)
    i.IntPrioritySet                         0x000007d8   Section        0  interrupt.o(i.IntPrioritySet)
    i.List_InsertEnd                         0x0000080c   Section        0  list.o(i.List_InsertEnd)
    i.List_InsertSorted                      0x00000820   Section        0  list.o(i.List_InsertSorted)
    i.List_Iterate                           0x00000872   Section        0  list.o(i.List_Iterate)
    i.List_Remove                            0x00000886   Section        0  list.o(i.List_Remove)
    i.List_ResetIterator                     0x000008cc   Section        0  list.o(i.List_ResetIterator)
    i.OS_AddThread                           0x000008d4   Section        0  os.o(i.OS_AddThread)
    i.OS_FIFO_Get                            0x000009cc   Section        0  os_fifo.o(i.OS_FIFO_Get)
    i.OS_FIFO_Init                           0x00000a2c   Section        0  os_fifo.o(i.OS_FIFO_Init)
    i.OS_FIFO_Put                            0x00000a50   Section        0  os_fifo.o(i.OS_FIFO_Put)
    i.OS_Init                                0x00000ac0   Section        0  os.o(i.OS_Init)
    i.OS_InitMutex                           0x00000af4   Section        0  os_signal.o(i.OS_InitMutex)
    i.OS_InitSemaphore                       0x00000b0c   Section        0  os_signal.o(i.OS_InitSemaphore)
    i.OS_MutexAvailable                      0x00000b24   Section        0  os_signal.o(i.OS_MutexAvailable)
    i.OS_MutexSignal                         0x00000b2c   Section        0  os_signal.o(i.OS_MutexSignal)
    i.OS_MutexWait                           0x00000b84   Section        0  os_signal.o(i.OS_MutexWait)
    i.OS_Signal                              0x00000c10   Section        0  os_signal.o(i.OS_Signal)
    i.OS_Sleep                               0x00000c6c   Section        0  os.o(i.OS_Sleep)
    i.OS_Start                               0x00000d00   Section        0  os.o(i.OS_Start)
    i.OS_Suspend                             0x00000da4   Section        0  os.o(i.OS_Suspend)
    i.OS_Wait                                0x00000db8   Section        0  os_signal.o(i.OS_Wait)
    i.Scheduler                              0x00000e4c   Section        0  os.o(i.Scheduler)
    i.SysCtlClockFreqSet                     0x00000e90   Section        0  sysctl.o(i.SysCtlClockFreqSet)
    i.SysCtlClockGet                         0x00001150   Section        0  sysctl.o(i.SysCtlClockGet)
    i.SysCtlPeripheralEnable                 0x000012c4   Section        0  sysctl.o(i.SysCtlPeripheralEnable)
    i.SysCtlPeripheralReady                  0x00001304   Section        0  sysctl.o(i.SysCtlPeripheralReady)
    i.SysTick_Handler                        0x0000133c   Section        0  os.o(i.SysTick_Handler)
    i.TaskExitErrorCallback                  0x000013b8   Section        0  os.o(i.TaskExitErrorCallback)
    i.UART0_Handler                          0x000013c0   Section        0  hal_uart_int.o(i.UART0_Handler)
    i.UART1_Handler                          0x000013d0   Section        0  hal_uart_int.o(i.UART1_Handler)
    i.UART2_Handler                          0x000013e0   Section        0  hal_uart_int.o(i.UART2_Handler)
    i.UARTCharGetNonBlocking                 0x000013f0   Section        0  uart.o(i.UARTCharGetNonBlocking)
    i.UARTCharPutNonBlocking                 0x00001404   Section        0  uart.o(i.UARTCharPutNonBlocking)
    i.UARTIntClear                           0x00001418   Section        0  uart.o(i.UARTIntClear)
    i.UARTIntDisable                         0x0000141c   Section        0  uart.o(i.UARTIntDisable)
    i.UARTIntStatus                          0x00001424   Section        0  uart.o(i.UARTIntStatus)
    i.UART_Handler                           0x00001430   Section        0  hal_uart_int.o(i.UART_Handler)
    UART_Handler                             0x00001431   Thumb Code    76  hal_uart_int.o(i.UART_Handler)
    i.Yeild                                  0x0000147c   Section        0  os.o(i.Yeild)
    i._SysCtlFrequencyGet                    0x00001488   Section        0  sysctl.o(i._SysCtlFrequencyGet)
    _SysCtlFrequencyGet                      0x00001489   Thumb Code    96  sysctl.o(i._SysCtlFrequencyGet)
    i._SysCtlMemTimingGet                    0x000014ec   Section        0  sysctl.o(i._SysCtlMemTimingGet)
    _SysCtlMemTimingGet                      0x000014ed   Thumb Code    36  sysctl.o(i._SysCtlMemTimingGet)
    i.__scatterload_copy                     0x00001514   Section       14  handlers.o(i.__scatterload_copy)
    i.__scatterload_null                     0x00001522   Section        2  handlers.o(i.__scatterload_null)
    i.__scatterload_zeroinit                 0x00001524   Section       14  handlers.o(i.__scatterload_zeroinit)
    i.blink                                  0x00001534   Section        0  main.o(i.blink)
    i.insert                                 0x00001568   Section        0  list.o(i.insert)
    i.main                                   0x00001598   Section        0  main.o(i.main)
    i.rxFIFOGet                              0x000015fc   Section        0  hal_uart.o(i.rxFIFOGet)
    i.txFIFOPut                              0x0000163c   Section        0  hal_uart.o(i.txFIFOPut)
    .constdata                               0x00001670   Section      268  interrupt.o(.constdata)
    g_pui32Priority                          0x00001670   Data          32  interrupt.o(.constdata)
    g_pui32Regs                              0x00001690   Data         156  interrupt.o(.constdata)
    g_pui32EnRegs                            0x0000172c   Data          20  interrupt.o(.constdata)
    g_pui32Dii16Regs                         0x00001740   Data          20  interrupt.o(.constdata)
    g_pui32PendRegs                          0x00001754   Data          20  interrupt.o(.constdata)
    g_pui32UnpendRegs                        0x00001768   Data          20  interrupt.o(.constdata)
    .constdata                               0x0000177c   Section      596  sysctl.o(.constdata)
    g_pui32Xtals                             0x0000177c   Data         108  sysctl.o(.constdata)
    g_pppui32XTALtoVCO                       0x000017e8   Data         432  sysctl.o(.constdata)
    g_sXTALtoMEMTIM                          0x00001998   Data          48  sysctl.o(.constdata)
    g_pui32VCOFrequencies                    0x000019c8   Data           8  sysctl.o(.constdata)
    .data                                    0x20000000   Section     1184  main.o(.data)
    .data                                    0x200004a0   Section      156  hal_uart.o(.data)
    .data                                    0x2000053c   Section       24  os.o(.data)
    .data                                    0x20000554   Section       12  os_task_lists.o(.data)
    .bss                                     0x20000560   Section     2256  main.o(.bss)
    .bss                                     0x20000e30   Section    21032  os_task_lists.o(.bss)
    STACK                                    0x20006058   Section     1024  startup.o(STACK)
    StackMem                                 0x20006058   Data           0  startup.o(STACK)

    Global Symbols

    Symbol Name                              Value     Ov Type        Size  Object(Section)

    BuildAttributes$$THM_ISAv4$E$P$D$K$B$S$7EM$PE$A:L22UL41UL21$X:L11$S22US41US21$IEEE1$IW$USESV6$~STKCKD$USESV7$~SHL$OSPACE$ROPI$EBA8$MICROLIB$REQ8$PRES8$EABIv2 0x00000000   Number         0  anon$$obj.o ABSOLUTE
    __ARM_use_no_argv                        0x00000000   Number         0  main.o ABSOLUTE
    __Vectors                                0x00000000   Data           0  startup.o(RESET)
    _printf_a                                0x00000000   Number         0  stubs.o ABSOLUTE
    _printf_c                                0x00000000   Number         0  stubs.o ABSOLUTE
    _printf_charcount                        0x00000000   Number         0  stubs.o ABSOLUTE
    _printf_d                                0x00000000   Number         0  stubs.o ABSOLUTE
    _printf_e                                0x00000000   Number         0  stubs.o ABSOLUTE
    _printf_f                                0x00000000   Number         0  stubs.o ABSOLUTE
    _printf_flags                            0x00000000   Number         0  stubs.o ABSOLUTE
    _printf_fp_dec                           0x00000000   Number         0  stubs.o ABSOLUTE
    _printf_fp_hex                           0x00000000   Number         0  stubs.o ABSOLUTE
    _printf_g                                0x00000000   Number         0  stubs.o ABSOLUTE
    _printf_i                                0x00000000   Number         0  stubs.o ABSOLUTE
    _printf_int_dec                          0x00000000   Number         0  stubs.o ABSOLUTE
    _printf_l                                0x00000000   Number         0  stubs.o ABSOLUTE
    _printf_lc                               0x00000000   Number         0  stubs.o ABSOLUTE
    _printf_ll                               0x00000000   Number         0  stubs.o ABSOLUTE
    _printf_lld                              0x00000000   Number         0  stubs.o ABSOLUTE
    _printf_lli                              0x00000000   Number         0  stubs.o ABSOLUTE
    _printf_llo                              0x00000000   Number         0  stubs.o ABSOLUTE
    _printf_llu                              0x00000000   Number         0  stubs.o ABSOLUTE
    _printf_llx                              0x00000000   Number         0  stubs.o ABSOLUTE
    _printf_longlong_dec                     0x00000000   Number         0  stubs.o ABSOLUTE
    _printf_longlong_hex                     0x00000000   Number         0  stubs.o ABSOLUTE
    _printf_longlong_oct                     0x00000000   Number         0  stubs.o ABSOLUTE
    _printf_ls                               0x00000000   Number         0  stubs.o ABSOLUTE
    _printf_mbtowc                           0x00000000   Number         0  stubs.o ABSOLUTE
    _printf_n                                0x00000000   Number         0  stubs.o ABSOLUTE
    _printf_o                                0x00000000   Number         0  stubs.o ABSOLUTE
    _printf_p                                0x00000000   Number         0  stubs.o ABSOLUTE
    _printf_percent                          0x00000000   Number         0  stubs.o ABSOLUTE
    _printf_pre_padding                      0x00000000   Number         0  stubs.o ABSOLUTE
    _printf_return_value                     0x00000000   Number         0  stubs.o ABSOLUTE
    _printf_s                                0x00000000   Number         0  stubs.o ABSOLUTE
    _printf_sizespec                         0x00000000   Number         0  stubs.o ABSOLUTE
    _printf_str                              0x00000000   Number         0  stubs.o ABSOLUTE
    _printf_truncate_signed                  0x00000000   Number         0  stubs.o ABSOLUTE
    _printf_truncate_unsigned                0x00000000   Number         0  stubs.o ABSOLUTE
    _printf_u                                0x00000000   Number         0  stubs.o ABSOLUTE
    _printf_wc                               0x00000000   Number         0  stubs.o ABSOLUTE
    _printf_wctomb                           0x00000000   Number         0  stubs.o ABSOLUTE
    _printf_widthprec                        0x00000000   Number         0  stubs.o ABSOLUTE
    _printf_x                                0x00000000   Number         0  stubs.o ABSOLUTE
    __cpp_initialize__aeabi_                  - Undefined Weak Reference
    __cxa_finalize                            - Undefined Weak Reference
    _clock_init                               - Undefined Weak Reference
    _microlib_exit                            - Undefined Weak Reference
    _scanf_longlong                           - Undefined Weak Reference
    _scanf_real                               - Undefined Weak Reference
    Reset_Handler                            0x0000026d   Thumb Code     0  startup.o(RESET)
    NMI_Handler                              0x00000271   Thumb Code     2  startup.o(RESET)
    HardFault_Handler                        0x00000273   Thumb Code     2  startup.o(RESET)
    MemManage_Handler                        0x00000275   Thumb Code     2  startup.o(RESET)
    BusFault_Handler                         0x00000277   Thumb Code     2  startup.o(RESET)
    UsageFault_Handler                       0x00000279   Thumb Code     2  startup.o(RESET)
    SVC_Handler                              0x0000027b   Thumb Code     2  startup.o(RESET)
    DebugMon_Handler                         0x0000027d   Thumb Code     2  startup.o(RESET)
    ADC0Seq0_Handler                         0x00000283   Thumb Code     0  startup.o(RESET)
    ADC0Seq1_Handler                         0x00000283   Thumb Code     0  startup.o(RESET)
    ADC0Seq2_Handler                         0x00000283   Thumb Code     0  startup.o(RESET)
    ADC0Seq3_Handler                         0x00000283   Thumb Code     0  startup.o(RESET)
    ADC1Seq0_Handler                         0x00000283   Thumb Code     0  startup.o(RESET)
    ADC1Seq1_Handler                         0x00000283   Thumb Code     0  startup.o(RESET)
    ADC1Seq2_Handler                         0x00000283   Thumb Code     0  startup.o(RESET)
    ADC1Seq3_Handler                         0x00000283   Thumb Code     0  startup.o(RESET)
    CAN0_Handler                             0x00000283   Thumb Code     0  startup.o(RESET)
    CAN1_Handler                             0x00000283   Thumb Code     0  startup.o(RESET)
    CAN2_Handler                             0x00000283   Thumb Code     0  startup.o(RESET)
    Comp0_Handler                            0x00000283   Thumb Code     0  startup.o(RESET)
    Comp1_Handler                            0x00000283   Thumb Code     0  startup.o(RESET)
    Comp2_Handler                            0x00000283   Thumb Code     0  startup.o(RESET)
    Ethernet_Handler                         0x00000283   Thumb Code     0  startup.o(RESET)
    ExtBus_Handler                           0x00000283   Thumb Code     0  startup.o(RESET)
    FPU_Handler                              0x00000283   Thumb Code     0  startup.o(RESET)
    Fan0_Handler                             0x00000283   Thumb Code     0  startup.o(RESET)
    FlashCtl_Handler                         0x00000283   Thumb Code     0  startup.o(RESET)
    GPIOPortA_Handler                        0x00000283   Thumb Code     0  startup.o(RESET)
    GPIOPortB_Handler                        0x00000283   Thumb Code     0  startup.o(RESET)
    GPIOPortC_Handler                        0x00000283   Thumb Code     0  startup.o(RESET)
    GPIOPortD_Handler                        0x00000283   Thumb Code     0  startup.o(RESET)
    GPIOPortE_Handler                        0x00000283   Thumb Code     0  startup.o(RESET)
    GPIOPortF_Handler                        0x00000283   Thumb Code     0  startup.o(RESET)
    GPIOPortG_Handler                        0x00000283   Thumb Code     0  startup.o(RESET)
    GPIOPortH_Handler                        0x00000283   Thumb Code     0  startup.o(RESET)
    GPIOPortJ_Handler                        0x00000283   Thumb Code     0  startup.o(RESET)
    GPIOPortK_Handler                        0x00000283   Thumb Code     0  startup.o(RESET)
    GPIOPortL_Handler                        0x00000283   Thumb Code     0  startup.o(RESET)
    GPIOPortM_Handler                        0x00000283   Thumb Code     0  startup.o(RESET)
    GPIOPortN_Handler                        0x00000283   Thumb Code     0  startup.o(RESET)
    GPIOPortP1_Handler                       0x00000283   Thumb Code     0  startup.o(RESET)
    GPIOPortP2_Handler                       0x00000283   Thumb Code     0  startup.o(RESET)
    GPIOPortP3_Handler                       0x00000283   Thumb Code     0  startup.o(RESET)
    GPIOPortP4_Handler                       0x00000283   Thumb Code     0  startup.o(RESET)
    GPIOPortP5_Handler                       0x00000283   Thumb Code     0  startup.o(RESET)
    GPIOPortP6_Handler                       0x00000283   Thumb Code     0  startup.o(RESET)
    GPIOPortP7_Handler                       0x00000283   Thumb Code     0  startup.o(RESET)
    GPIOPortP_Handler                        0x00000283   Thumb Code     0  startup.o(RESET)
    GPIOPortQ1_Handler                       0x00000283   Thumb Code     0  startup.o(RESET)
    GPIOPortQ2_Handler                       0x00000283   Thumb Code     0  startup.o(RESET)
    GPIOPortQ3_Handler                       0x00000283   Thumb Code     0  startup.o(RESET)
    GPIOPortQ4_Handler                       0x00000283   Thumb Code     0  startup.o(RESET)
    GPIOPortQ5_Handler                       0x00000283   Thumb Code     0  startup.o(RESET)
    GPIOPortQ6_Handler                       0x00000283   Thumb Code     0  startup.o(RESET)
    GPIOPortQ7_Handler                       0x00000283   Thumb Code     0  startup.o(RESET)
    GPIOPortQ_Handler                        0x00000283   Thumb Code     0  startup.o(RESET)
    GPIOPortR_Handler                        0x00000283   Thumb Code     0  startup.o(RESET)
    GPIOPortS_Handler                        0x00000283   Thumb Code     0  startup.o(RESET)
    Hibernate_Handler                        0x00000283   Thumb Code     0  startup.o(RESET)
    I2C0_Handler                             0x00000283   Thumb Code     0  startup.o(RESET)
    I2C1_Handler                             0x00000283   Thumb Code     0  startup.o(RESET)
    I2C2_Handler                             0x00000283   Thumb Code     0  startup.o(RESET)
    I2C3_Handler                             0x00000283   Thumb Code     0  startup.o(RESET)
    I2C4_Handler                             0x00000283   Thumb Code     0  startup.o(RESET)
    I2C5_Handler                             0x00000283   Thumb Code     0  startup.o(RESET)
    I2S0_Handler                             0x00000283   Thumb Code     0  startup.o(RESET)
    LPC0_Handler                             0x00000283   Thumb Code     0  startup.o(RESET)
    PECI0_Handler                            0x00000283   Thumb Code     0  startup.o(RESET)
    PWM0Fault_Handler                        0x00000283   Thumb Code     0  startup.o(RESET)
    PWM0Generator0_Handler                   0x00000283   Thumb Code     0  startup.o(RESET)
    PWM0Generator1_Handler                   0x00000283   Thumb Code     0  startup.o(RESET)
    PWM0Generator2_Handler                   0x00000283   Thumb Code     0  startup.o(RESET)
    PWM0Generator3_Handler                   0x00000283   Thumb Code     0  startup.o(RESET)
    PWM1Fault_Handler                        0x00000283   Thumb Code     0  startup.o(RESET)
    PWM1Generator0_Handler                   0x00000283   Thumb Code     0  startup.o(RESET)
    PWM1Generator1_Handler                   0x00000283   Thumb Code     0  startup.o(RESET)
    PWM1Generator2_Handler                   0x00000283   Thumb Code     0  startup.o(RESET)
    PWM1Generator3_Handler                   0x00000283   Thumb Code     0  startup.o(RESET)
    Quadrature0_Handler                      0x00000283   Thumb Code     0  startup.o(RESET)
    Quadrature1_Handler                      0x00000283   Thumb Code     0  startup.o(RESET)
    Quadrature2_Handler                      0x00000283   Thumb Code     0  startup.o(RESET)
    SSI0_Handler                             0x00000283   Thumb Code     0  startup.o(RESET)
    SSI1_Handler                             0x00000283   Thumb Code     0  startup.o(RESET)
    SSI2_Handler                             0x00000283   Thumb Code     0  startup.o(RESET)
    SSI3_Handler                             0x00000283   Thumb Code     0  startup.o(RESET)
    SysCtl_Handler                           0x00000283   Thumb Code     0  startup.o(RESET)
    Timer0A_Handler                          0x00000283   Thumb Code     0  startup.o(RESET)
    Timer0B_Handler                          0x00000283   Thumb Code     0  startup.o(RESET)
    Timer1A_Handler                          0x00000283   Thumb Code     0  startup.o(RESET)
    Timer1B_Handler                          0x00000283   Thumb Code     0  startup.o(RESET)
    Timer2A_Handler                          0x00000283   Thumb Code     0  startup.o(RESET)
    Timer2B_Handler                          0x00000283   Thumb Code     0  startup.o(RESET)
    Timer3A_Handler                          0x00000283   Thumb Code     0  startup.o(RESET)
    Timer3B_Handler                          0x00000283   Thumb Code     0  startup.o(RESET)
    Timer4A_Handler                          0x00000283   Thumb Code     0  startup.o(RESET)
    Timer4B_Handler                          0x00000283   Thumb Code     0  startup.o(RESET)
    Timer5A_Handler                          0x00000283   Thumb Code     0  startup.o(RESET)
    Timer5B_Handler                          0x00000283   Thumb Code     0  startup.o(RESET)
    UART3_Handler                            0x00000283   Thumb Code     0  startup.o(RESET)
    UART4_Handler                            0x00000283   Thumb Code     0  startup.o(RESET)
    UART5_Handler                            0x00000283   Thumb Code     0  startup.o(RESET)
    UART6_Handler                            0x00000283   Thumb Code     0  startup.o(RESET)
    UART7_Handler                            0x00000283   Thumb Code     0  startup.o(RESET)
    USB0_Handler                             0x00000283   Thumb Code     0  startup.o(RESET)
    WDT_Handler                              0x00000283   Thumb Code     0  startup.o(RESET)
    WideTimer0A_Handler                      0x00000283   Thumb Code     0  startup.o(RESET)
    WideTimer0B_Handler                      0x00000283   Thumb Code     0  startup.o(RESET)
    WideTimer1A_Handler                      0x00000283   Thumb Code     0  startup.o(RESET)
    WideTimer1B_Handler                      0x00000283   Thumb Code     0  startup.o(RESET)
    WideTimer2A_Handler                      0x00000283   Thumb Code     0  startup.o(RESET)
    WideTimer2B_Handler                      0x00000283   Thumb Code     0  startup.o(RESET)
    WideTimer3A_Handler                      0x00000283   Thumb Code     0  startup.o(RESET)
    WideTimer3B_Handler                      0x00000283   Thumb Code     0  startup.o(RESET)
    WideTimer4A_Handler                      0x00000283   Thumb Code     0  startup.o(RESET)
    WideTimer4B_Handler                      0x00000283   Thumb Code     0  startup.o(RESET)
    WideTimer5A_Handler                      0x00000283   Thumb Code     0  startup.o(RESET)
    WideTimer5B_Handler                      0x00000283   Thumb Code     0  startup.o(RESET)
    uDMA_Error                               0x00000283   Thumb Code     0  startup.o(RESET)
    uDMA_Handler                             0x00000283   Thumb Code     0  startup.o(RESET)
    __main                                   0x00000285   Thumb Code     0  entry.o(.ARM.Collect$$$$00000000)
    _main_stk                                0x00000285   Thumb Code     0  entry2.o(.ARM.Collect$$$$00000001)
    _main_scatterload                        0x00000289   Thumb Code     0  entry5.o(.ARM.Collect$$$$00000004)
    __main_after_scatterload                 0x0000028d   Thumb Code     0  entry5.o(.ARM.Collect$$$$00000004)
    _main_clock                              0x0000028d   Thumb Code     0  entry7b.o(.ARM.Collect$$$$00000008)
    _main_cpp_init                           0x0000028d   Thumb Code     0  entry8b.o(.ARM.Collect$$$$0000000A)
    _main_init                               0x0000028d   Thumb Code     0  entry9a.o(.ARM.Collect$$$$0000000B)
    __rt_final_cpp                           0x00000295   Thumb Code     0  entry10a.o(.ARM.Collect$$$$0000000D)
    __rt_final_exit                          0x00000295   Thumb Code     0  entry11a.o(.ARM.Collect$$$$0000000F)
    PendSV_Handler                           0x00000299   Thumb Code    38  os.o(.emb_text)
    StartFirstTask                           0x000002c5   Thumb Code    28  os.o(.emb_text)
    DisableInterrupts                        0x000002e5   Thumb Code     0  startup.o(.text)
    EnableInterrupts                         0x000002e9   Thumb Code     0  startup.o(.text)
    StartCritical                            0x000002ed   Thumb Code     0  startup.o(.text)
    EndCritical                              0x000002f5   Thumb Code     0  startup.o(.text)
    WaitForInterrupt                         0x000002fb   Thumb Code     0  startup.o(.text)
    strncpy                                  0x00000301   Thumb Code    24  strncpy.o(.text)
    __scatterload                            0x00000319   Thumb Code    28  init.o(.text)
    __scatterload_rt2                        0x00000319   Thumb Code     0  init.o(.text)
    __decompress                             0x0000033d   Thumb Code     0  __dczerorl.o(.text)
    __decompress0                            0x0000033d   Thumb Code    58  __dczerorl.o(.text)
    CAN_TxTask                               0x00000379   Thumb Code    22  main.o(i.CAN_TxTask)
    GPIODirModeSet                           0x00000399   Thumb Code    64  gpio.o(i.GPIODirModeSet)
    GPIOPadConfigSet                         0x000003d9   Thumb Code   410  gpio.o(i.GPIOPadConfigSet)
    GPIOPinRead                              0x00000573   Thumb Code    12  gpio.o(i.GPIOPinRead)
    GPIOPinTypeGPIOOutput                    0x0000057f   Thumb Code    30  gpio.o(i.GPIOPinTypeGPIOOutput)
    GPIOPinWrite                             0x0000059d   Thumb Code    10  gpio.o(i.GPIOPinWrite)
    HAL_GPIO_Init                            0x000005a9   Thumb Code    36  hal_gpio.o(i.HAL_GPIO_Init)
    HAL_GPIO_PinReset                        0x000005d9   Thumb Code    20  hal_gpio.o(i.HAL_GPIO_PinReset)
    HAL_GPIO_PinSet                          0x000005ed   Thumb Code    20  hal_gpio.o(i.HAL_GPIO_PinSet)
    HAL_GPIO_PinToggle                       0x00000601   Thumb Code    36  hal_gpio.o(i.HAL_GPIO_PinToggle)
    HAL_GPIO_PinWrite                        0x00000625   Thumb Code    30  hal_gpio.o(i.HAL_GPIO_PinWrite)
    HAL_UART_IdleCallback                    0x00000643   Thumb Code   100  hal_uart.o(i.HAL_UART_IdleCallback)
    HAL_UART_RxCallback                      0x000006a7   Thumb Code    94  hal_uart.o(i.HAL_UART_RxCallback)
    HAL_UART_TxCallback                      0x00000705   Thumb Code    52  hal_uart.o(i.HAL_UART_TxCallback)
    InitializeStack                          0x0000073d   Thumb Code    56  os.o(i.InitializeStack)
    IntPendSet                               0x00000779   Thumb Code    86  interrupt.o(i.IntPendSet)
    IntPrioritySet                           0x000007d9   Thumb Code    46  interrupt.o(i.IntPrioritySet)
    List_InsertEnd                           0x0000080d   Thumb Code    20  list.o(i.List_InsertEnd)
    List_InsertSorted                        0x00000821   Thumb Code    82  list.o(i.List_InsertSorted)
    List_Iterate                             0x00000873   Thumb Code    20  list.o(i.List_Iterate)
    List_Remove                              0x00000887   Thumb Code    70  list.o(i.List_Remove)
    List_ResetIterator                       0x000008cd   Thumb Code     6  list.o(i.List_ResetIterator)
    OS_AddThread                             0x000008d5   Thumb Code   230  os.o(i.OS_AddThread)
    OS_FIFO_Get                              0x000009cd   Thumb Code    96  os_fifo.o(i.OS_FIFO_Get)
    OS_FIFO_Init                             0x00000a2d   Thumb Code    36  os_fifo.o(i.OS_FIFO_Init)
    OS_FIFO_Put                              0x00000a51   Thumb Code   112  os_fifo.o(i.OS_FIFO_Put)
    OS_Init                                  0x00000ac1   Thumb Code    48  os.o(i.OS_Init)
    OS_InitMutex                             0x00000af5   Thumb Code    24  os_signal.o(i.OS_InitMutex)
    OS_InitSemaphore                         0x00000b0d   Thumb Code    24  os_signal.o(i.OS_InitSemaphore)
    OS_MutexAvailable                        0x00000b25   Thumb Code     6  os_signal.o(i.OS_MutexAvailable)
    OS_MutexSignal                           0x00000b2d   Thumb Code    80  os_signal.o(i.OS_MutexSignal)
    OS_MutexWait                             0x00000b85   Thumb Code   128  os_signal.o(i.OS_MutexWait)
    OS_Signal                                0x00000c11   Thumb Code    84  os_signal.o(i.OS_Signal)
    OS_Sleep                                 0x00000c6d   Thumb Code   128  os.o(i.OS_Sleep)
    OS_Start                                 0x00000d01   Thumb Code   126  os.o(i.OS_Start)
    OS_Suspend                               0x00000da5   Thumb Code    20  os.o(i.OS_Suspend)
    OS_Wait                                  0x00000db9   Thumb Code   134  os_signal.o(i.OS_Wait)
    Scheduler                                0x00000e4d   Thumb Code    56  os.o(i.Scheduler)
    SysCtlClockFreqSet                       0x00000e91   Thumb Code   644  sysctl.o(i.SysCtlClockFreqSet)
    SysCtlClockGet                           0x00001151   Thumb Code   332  sysctl.o(i.SysCtlClockGet)
    SysCtlPeripheralEnable                   0x000012c5   Thumb Code    60  sysctl.o(i.SysCtlPeripheralEnable)
    SysCtlPeripheralReady                    0x00001305   Thumb Code    52  sysctl.o(i.SysCtlPeripheralReady)
    SysTick_Handler                          0x0000133d   Thumb Code   106  os.o(i.SysTick_Handler)
    TaskExitErrorCallback                    0x000013b9   Thumb Code     8  os.o(i.TaskExitErrorCallback)
    UART0_Handler                            0x000013c1   Thumb Code    10  hal_uart_int.o(i.UART0_Handler)
    UART1_Handler                            0x000013d1   Thumb Code    10  hal_uart_int.o(i.UART1_Handler)
    UART2_Handler                            0x000013e1   Thumb Code    10  hal_uart_int.o(i.UART2_Handler)
    UARTCharGetNonBlocking                   0x000013f1   Thumb Code    20  uart.o(i.UARTCharGetNonBlocking)
    UARTCharPutNonBlocking                   0x00001405   Thumb Code    20  uart.o(i.UARTCharPutNonBlocking)
    UARTIntClear                             0x00001419   Thumb Code     4  uart.o(i.UARTIntClear)
    UARTIntDisable                           0x0000141d   Thumb Code     8  uart.o(i.UARTIntDisable)
    UARTIntStatus                            0x00001425   Thumb Code    12  uart.o(i.UARTIntStatus)
    Yeild                                    0x0000147d   Thumb Code    10  os.o(i.Yeild)
    __scatterload_copy                       0x00001515   Thumb Code    14  handlers.o(i.__scatterload_copy)
    __scatterload_null                       0x00001523   Thumb Code     2  handlers.o(i.__scatterload_null)
    __scatterload_zeroinit                   0x00001525   Thumb Code    14  handlers.o(i.__scatterload_zeroinit)
    blink                                    0x00001535   Thumb Code    42  main.o(i.blink)
    insert                                   0x00001569   Thumb Code    48  list.o(i.insert)
    main                                     0x00001599   Thumb Code    60  main.o(i.main)
    rxFIFOGet                                0x000015fd   Thumb Code    64  hal_uart.o(i.rxFIFOGet)
    txFIFOPut                                0x0000163d   Thumb Code    52  hal_uart.o(i.txFIFOPut)
    Region$$Table$$Base                      0x000019d0   Number         0  anon$$obj.o(Region$$Table)
    Region$$Table$$Limit                     0x000019f0   Number         0  anon$$obj.o(Region$$Table)
    PC_txComplete                            0x20000000   Data           1  main.o(.data)
    scratch_buf                              0x20000004   Data           8  main.o(.data)
    CAN_TxFifo                               0x2000000c   Data         584  main.o(.data)
    CAN_RxFifo                               0x20000254   Data         584  main.o(.data)
    rxPC                                     0x2000049c   Data           1  main.o(.data)
    txPC                                     0x2000049d   Data           1  main.o(.data)
    rxESP8266                                0x2000049e   Data           1  main.o(.data)
    txESP8266                                0x2000049f   Data           1  main.o(.data)
    uart0                                    0x200004a0   Data          52  hal_uart.o(.data)
    uart1                                    0x200004d4   Data          52  hal_uart.o(.data)
    uart2                                    0x20000508   Data          52  hal_uart.o(.data)
    OS_sysTicks                              0x2000053c   Data           4  os.o(.data)
    OS_cyclesPerTick                         0x20000540   Data           4  os.o(.data)
    TCBhistoryCounter                        0x20000544   Data           4  os.o(.data)
    SW1Task                                  0x20000548   Data           4  os.o(.data)
    SW2Task                                  0x2000054c   Data           4  os.o(.data)
    periodicTask                             0x20000550   Data           4  os.o(.data)
    OS_TaskCount                             0x20000554   Data           4  os_task_lists.o(.data)
    OS_ReadyPriorityFlags                    0x20000558   Data           4  os_task_lists.o(.data)
    currentTCB                               0x2000055c   Data           4  os_task_lists.o(.data)
    rxPCFIFO                                 0x20000560   Data         520  main.o(.bss)
    rxESP8266FIFO                            0x20000768   Data         520  main.o(.bss)
    rxStr                                    0x20000970   Data          64  main.o(.bss)
    txStr                                    0x200009b0   Data          64  main.o(.bss)
    cmd                                      0x200009f0   Data          64  main.o(.bss)
    scratch_raw                              0x20000a30   Data        1024  main.o(.bss)
    readyTasksList                           0x20000e30   Data          60  os_task_lists.o(.bss)
    delayedTasksList                         0x20000e6c   Data          12  os_task_lists.o(.bss)
    TCB                                      0x20000e78   Data       20960  os_task_lists.o(.bss)
    __initial_sp                             0x20006458   Data           0  startup.o(STACK)



==============================================================================

Memory Map of the image

  Image Entry point : 0x0000026d

  Load Region LR_1 (Base: 0x00000000, Size: 0x00001f50, Max: 0xffffffff, ABSOLUTE, COMPRESSED[0x00001a18])

    Execution Region ER_RO (Base: 0x00000000, Size: 0x000019f0, Max: 0xffffffff, ABSOLUTE)

    Base Addr    Size         Type   Attr      Idx    E Section Name        Object

    0x00000000   0x00000284   Code   RO            3  * RESET               startup.o
    0x00000284   0x00000000   Code   RO         2209  * .ARM.Collect$$$$00000000  mc_w.l(entry.o)
    0x00000284   0x00000004   Code   RO         2507    .ARM.Collect$$$$00000001  mc_w.l(entry2.o)
    0x00000288   0x00000004   Code   RO         2510    .ARM.Collect$$$$00000004  mc_w.l(entry5.o)
    0x0000028c   0x00000000   Code   RO         2512    .ARM.Collect$$$$00000008  mc_w.l(entry7b.o)
    0x0000028c   0x00000000   Code   RO         2514    .ARM.Collect$$$$0000000A  mc_w.l(entry8b.o)
    0x0000028c   0x00000008   Code   RO         2515    .ARM.Collect$$$$0000000B  mc_w.l(entry9a.o)
    0x00000294   0x00000000   Code   RO         2517    .ARM.Collect$$$$0000000D  mc_w.l(entry10a.o)
    0x00000294   0x00000000   Code   RO         2519    .ARM.Collect$$$$0000000F  mc_w.l(entry11a.o)
    0x00000294   0x00000004   Code   RO         2508    .ARM.Collect$$$$00002712  mc_w.l(entry2.o)
    0x00000298   0x0000004c   Code   RO         1507    .emb_text           os.o
    0x000002e4   0x0000001c   Code   RO            4    .text               startup.o
    0x00000300   0x00000018   Code   RO         2218    .text               mc_w.l(strncpy.o)
    0x00000318   0x00000024   Code   RO         2546    .text               mc_w.l(init.o)
    0x0000033c   0x0000003a   Code   RO         2567    .text               mc_w.l(__dczerorl.o)
    0x00000376   0x00000002   PAD
    0x00000378   0x00000020   Code   RO           15    i.CAN_TxTask        main.o
    0x00000398   0x00000040   Code   RO          999    i.GPIODirModeSet    gpio.o
    0x000003d8   0x0000019a   Code   RO         1011    i.GPIOPadConfigSet  gpio.o
    0x00000572   0x0000000c   Code   RO         1013    i.GPIOPinRead       gpio.o
    0x0000057e   0x0000001e   Code   RO         1023    i.GPIOPinTypeGPIOOutput  gpio.o
    0x0000059c   0x0000000a   Code   RO         1041    i.GPIOPinWrite      gpio.o
    0x000005a6   0x00000002   PAD
    0x000005a8   0x00000030   Code   RO         1457    i.HAL_GPIO_Init     hal_gpio.o
    0x000005d8   0x00000014   Code   RO         1459    i.HAL_GPIO_PinReset  hal_gpio.o
    0x000005ec   0x00000014   Code   RO         1460    i.HAL_GPIO_PinSet   hal_gpio.o
    0x00000600   0x00000024   Code   RO         1461    i.HAL_GPIO_PinToggle  hal_gpio.o
    0x00000624   0x0000001e   Code   RO         1462    i.HAL_GPIO_PinWrite  hal_gpio.o
    0x00000642   0x00000064   Code   RO         1303    i.HAL_UART_IdleCallback  hal_uart.o
    0x000006a6   0x0000005e   Code   RO         1308    i.HAL_UART_RxCallback  hal_uart.o
    0x00000704   0x00000034   Code   RO         1311    i.HAL_UART_TxCallback  hal_uart.o
    0x00000738   0x00000004   Code   RO         1508    i.IdleTask          os.o
    0x0000073c   0x0000003c   Code   RO         1509    i.InitializeStack   os.o
    0x00000778   0x00000060   Code   RO          519    i.IntPendSet        interrupt.o
    0x000007d8   0x00000034   Code   RO          525    i.IntPrioritySet    interrupt.o
    0x0000080c   0x00000014   Code   RO         1806    i.List_InsertEnd    list.o
    0x00000820   0x00000052   Code   RO         1807    i.List_InsertSorted  list.o
    0x00000872   0x00000014   Code   RO         1808    i.List_Iterate      list.o
    0x00000886   0x00000046   Code   RO         1809    i.List_Remove       list.o
    0x000008cc   0x00000006   Code   RO         1810    i.List_ResetIterator  list.o
    0x000008d2   0x00000002   PAD
    0x000008d4   0x000000f8   Code   RO         1512    i.OS_AddThread      os.o
    0x000009cc   0x00000060   Code   RO         1679    i.OS_FIFO_Get       os_fifo.o
    0x00000a2c   0x00000024   Code   RO         1680    i.OS_FIFO_Init      os_fifo.o
    0x00000a50   0x00000070   Code   RO         1681    i.OS_FIFO_Put       os_fifo.o
    0x00000ac0   0x00000034   Code   RO         1513    i.OS_Init           os.o
    0x00000af4   0x00000018   Code   RO         1741    i.OS_InitMutex      os_signal.o
    0x00000b0c   0x00000018   Code   RO         1742    i.OS_InitSemaphore  os_signal.o
    0x00000b24   0x00000006   Code   RO         1743    i.OS_MutexAvailable  os_signal.o
    0x00000b2a   0x00000002   PAD
    0x00000b2c   0x00000058   Code   RO         1744    i.OS_MutexSignal    os_signal.o
    0x00000b84   0x0000008c   Code   RO         1745    i.OS_MutexWait      os_signal.o
    0x00000c10   0x0000005c   Code   RO         1746    i.OS_Signal         os_signal.o
    0x00000c6c   0x00000094   Code   RO         1517    i.OS_Sleep          os.o
    0x00000d00   0x000000a4   Code   RO         1518    i.OS_Start          os.o
    0x00000da4   0x00000014   Code   RO         1519    i.OS_Suspend        os.o
    0x00000db8   0x00000094   Code   RO         1747    i.OS_Wait           os_signal.o
    0x00000e4c   0x00000044   Code   RO         1524    i.Scheduler         os.o
    0x00000e90   0x000002c0   Code   RO          641    i.SysCtlClockFreqSet  sysctl.o
    0x00001150   0x00000174   Code   RO          642    i.SysCtlClockGet    sysctl.o
    0x000012c4   0x00000040   Code   RO          673    i.SysCtlPeripheralEnable  sysctl.o
    0x00001304   0x00000038   Code   RO          677    i.SysCtlPeripheralReady  sysctl.o
    0x0000133c   0x0000007c   Code   RO         1525    i.SysTick_Handler   os.o
    0x000013b8   0x00000008   Code   RO         1526    i.TaskExitErrorCallback  os.o
    0x000013c0   0x00000010   Code   RO         1413    i.UART0_Handler     hal_uart_int.o
    0x000013d0   0x00000010   Code   RO         1414    i.UART1_Handler     hal_uart_int.o
    0x000013e0   0x00000010   Code   RO         1415    i.UART2_Handler     hal_uart_int.o
    0x000013f0   0x00000014   Code   RO          201    i.UARTCharGetNonBlocking  uart.o
    0x00001404   0x00000014   Code   RO          203    i.UARTCharPutNonBlocking  uart.o
    0x00001418   0x00000004   Code   RO          221    i.UARTIntClear      uart.o
    0x0000141c   0x00000008   Code   RO          222    i.UARTIntDisable    uart.o
    0x00001424   0x0000000c   Code   RO          225    i.UARTIntStatus     uart.o
    0x00001430   0x0000004c   Code   RO         1416    i.UART_Handler      hal_uart_int.o
    0x0000147c   0x0000000a   Code   RO         1527    i.Yeild             os.o
    0x00001486   0x00000002   PAD
    0x00001488   0x00000064   Code   RO          695    i._SysCtlFrequencyGet  sysctl.o
    0x000014ec   0x00000028   Code   RO          696    i._SysCtlMemTimingGet  sysctl.o
    0x00001514   0x0000000e   Code   RO         2561    i.__scatterload_copy  mc_w.l(handlers.o)
    0x00001522   0x00000002   Code   RO         2562    i.__scatterload_null  mc_w.l(handlers.o)
    0x00001524   0x0000000e   Code   RO         2563    i.__scatterload_zeroinit  mc_w.l(handlers.o)
    0x00001532   0x00000002   PAD
    0x00001534   0x00000034   Code   RO           17    i.blink             main.o
    0x00001568   0x00000030   Code   RO         1811    i.insert            list.o
    0x00001598   0x00000064   Code   RO           18    i.main              main.o
    0x000015fc   0x00000040   Code   RO         1312    i.rxFIFOGet         hal_uart.o
    0x0000163c   0x00000034   Code   RO         1313    i.txFIFOPut         hal_uart.o
    0x00001670   0x0000010c   Data   RO          530    .constdata          interrupt.o
    0x0000177c   0x00000254   Data   RO          697    .constdata          sysctl.o
    0x000019d0   0x00000020   Data   RO         2559    Region$$Table       anon$$obj.o


    Execution Region ER_RW (Base: 0x20000000, Size: 0x00000560, Max: 0xffffffff, ABSOLUTE, COMPRESSED[0x00000028])

    Base Addr    Size         Type   Attr      Idx    E Section Name        Object

    0x20000000   0x000004a0   Data   RW           23    .data               main.o
    0x200004a0   0x0000009c   Data   RW         1314    .data               hal_uart.o
    0x2000053c   0x00000018   Data   RW         1529    .data               os.o
    0x20000554   0x0000000c   Data   RW         1790    .data               os_task_lists.o


    Execution Region ER_ZI (Base: 0x20000560, Size: 0x00005ef8, Max: 0xffffffff, ABSOLUTE)

    Base Addr    Size         Type   Attr      Idx    E Section Name        Object

    0x20000560   0x000008d0   Zero   RW           22    .bss                main.o
    0x20000e30   0x00005228   Zero   RW         1789    .bss                os_task_lists.o
    0x20006058   0x00000400   Zero   RW            1    STACK               startup.o


==============================================================================

Image component sizes


      Code (inc. data)   RO Data    RW Data    ZI Data      Debug   Object Name

       526          0          0          0          0       2849   gpio.o
       154         12          0          0          0       2459   hal_gpio.o
       362          0          0        156          0       5128   hal_uart.o
       124         18          0          0          0       3128   hal_uart_int.o
       148         16        268          0          0       1898   interrupt.o
       246          0          0          0          0       3232   list.o
       184         60          0       1184       2256      36117   main.o
       982        124          0         24          0      35256   os.o
       244          0          0          0          0       2147   os_fifo.o
       522         42          0          0          0       4076   os_signal.o
         0          0          0         12      21032       2508   os_task_lists.o
       672        622          0          0       1024        884   startup.o
      1336        116        596          0          0       5939   sysctl.o
        64          0          0          0          0       2490   uart.o

    ----------------------------------------------------------------------
      5572       1010        896       1376      24312     108111   Object Totals
         0          0         32          0          0          0   (incl. Generated)
         8          0          0          0          0          0   (incl. Padding)

    ----------------------------------------------------------------------

      Code (inc. data)   RO Data    RW Data    ZI Data      Debug   Library Member Name

        58          0          0          0          0          0   __dczerorl.o
         0          0          0          0          0          0   entry.o
         0          0          0          0          0          0   entry10a.o
         0          0          0          0          0          0   entry11a.o
         8          4          0          0          0          0   entry2.o
         4          0          0          0          0          0   entry5.o
         0          0          0          0          0          0   entry7b.o
         0          0          0          0          0          0   entry8b.o
         8          4          0          0          0          0   entry9a.o
        30          0          0          0          0          0   handlers.o
        36          8          0          0          0         68   init.o
        24          0          0          0          0         76   strncpy.o

    ----------------------------------------------------------------------
       172         16          0          0          0        144   Library Totals
         4          0          0          0          0          0   (incl. Padding)

    ----------------------------------------------------------------------

      Code (inc. data)   RO Data    RW Data    ZI Data      Debug   Library Name

       168         16          0          0          0        144   mc_w.l

    ----------------------------------------------------------------------
       172         16          0          0          0        144   Library Totals

    ----------------------------------------------------------------------

==============================================================================


      Code (inc. data)   RO Data    RW Data    ZI Data      Debug   

      5744       1026        896       1376      24312     105083   Grand Totals
      5744       1026        896         40      24312     105083   ELF Image Totals (compressed)
      5744       1026        896         40          0          0   ROM Totals

==============================================================================

    Total RO  Size (Code + RO Data)                 6640 (   6.48kB)
    Total RW  Size (RW Data + ZI Data)             25688 (  25.09kB)
    Total ROM Size (Code + RO Data + RW Data)       6680 (   6.52kB)

==============================================================================

