ARM Linker, 5.03 [Build 76] [MDK-ARM Professional]

==============================================================================

Section Cross References

    startup.o(RESET) refers to startup.o(STACK) for StackMem
    startup.o(RESET) refers to os.o(.emb_text) for PendSV_Handler
    startup.o(RESET) refers to os.o(i.SysTick_Handler) for SysTick_Handler
    startup.o(RESET) refers to hal_uart_int.o(i.UART0_Handler) for UART0_Handler
    startup.o(RESET) refers to hal_uart_int.o(i.UART1_Handler) for UART1_Handler
    startup.o(RESET) refers to hal_uart_int.o(i.UART2_Handler) for UART2_Handler
    startup.o(RESET) refers to can0.o(i.CAN0_Handler) for CAN0_Handler
    startup.o(RESET) refers to entry.o(.ARM.Collect$$$$00000000) for __main
    main.o(i.CAN_RxCallback) refers to os_fifo.o(i.OS_FIFO_Put) for OS_FIFO_Put
    main.o(i.CAN_RxCallback) refers to main.o(.data) for CAN_RxFifo
    main.o(i.CAN_TxTask) refers to os_fifo.o(i.OS_FIFO_Get) for OS_FIFO_Get
    main.o(i.CAN_TxTask) refers to can0.o(i.CAN0_SendData) for CAN0_SendData
    main.o(i.CAN_TxTask) refers to hal_gpio.o(i.HAL_GPIO_PinToggle) for HAL_GPIO_PinToggle
    main.o(i.CAN_TxTask) refers to main.o(.data) for CAN_TxFifo
    main.o(i.ESP8266_IPDCallback) refers to coap.o(i.coap_dump) for coap_dump
    main.o(i.ESP8266_IPDCallback) refers to printfa.o(i.__0printf) for __2printf
    main.o(i.ESP8266_IPDCallback) refers to coap.o(i.coap_parse) for coap_parse
    main.o(i.ESP8266_IPDCallback) refers to coap.o(i.coap_dumpPacket) for coap_dumpPacket
    main.o(i.ESP8266_IPDCallback) refers to coap.o(i.coap_handle_req) for coap_handle_req
    main.o(i.ESP8266_IPDCallback) refers to coap.o(i.coap_build) for coap_build
    main.o(i.ESP8266_IPDCallback) refers to esp8266.o(i.ESP8266_sendData) for ESP8266_sendData
    main.o(i.ESP8266_IPDCallback) refers to main.o(.data) for scratch_buf
    main.o(i.blink) refers to os.o(i.OS_Sleep) for OS_Sleep
    main.o(i.blink) refers to os_fifo.o(i.OS_FIFO_Put) for OS_FIFO_Put
    main.o(i.blink) refers to main.o(.data) for CAN_TxFifo
    main.o(i.main) refers to sysctl.o(i.SysCtlClockFreqSet) for SysCtlClockFreqSet
    main.o(i.main) refers to os.o(i.OS_Init) for OS_Init
    main.o(i.main) refers to os_fifo.o(i.OS_FIFO_Init) for OS_FIFO_Init
    main.o(i.main) refers to os.o(i.OS_AddThread) for OS_AddThread
    main.o(i.main) refers to hal_gpio.o(i.HAL_GPIO_Init) for HAL_GPIO_Init
    main.o(i.main) refers to hal_uart.o(i.HAL_UART0_Init) for HAL_UART0_Init
    main.o(i.main) refers to hal_uart.o(i.HAL_UART2_Init) for HAL_UART2_Init
    main.o(i.main) refers to can0.o(i.CAN0_Open) for CAN0_Open
    main.o(i.main) refers to os.o(i.OS_Start) for OS_Start
    main.o(i.main) refers to main.o(.data) for CAN_RxFifo
    main.o(i.main) refers to main.o(i.wifiThread) for wifiThread
    main.o(i.main) refers to main.o(i.CAN_TxTask) for CAN_TxTask
    main.o(i.put_light_Callback) refers to hal_gpio.o(i.HAL_GPIO_PinToggle) for HAL_GPIO_PinToggle
    main.o(i.put_light_Callback) refers to hal_gpio.o(i.HAL_GPIO_PinWrite) for HAL_GPIO_PinWrite
    main.o(i.put_light_Callback) refers to hal_gpio.o(i.HAL_GPIO_PinRead) for HAL_GPIO_PinRead
    main.o(i.put_robot_motor_Callback) refers to os_fifo.o(i.OS_FIFO_Put) for OS_FIFO_Put
    main.o(i.put_robot_motor_Callback) refers to main.o(.data) for msg
    main.o(i.put_robot_servo_Callback) refers to os_fifo.o(i.OS_FIFO_Put) for OS_FIFO_Put
    main.o(i.put_robot_servo_Callback) refers to main.o(.data) for msg
    main.o(i.transparentUART) refers to gets.o(i.gets) for gets
    main.o(i.transparentUART) refers to main.o(.bss) for cmd
    main.o(i.wifiThread) refers to coap.o(i.coap_setup) for coap_setup
    main.o(i.wifiThread) refers to esp8266.o(i.ESP8266_Init) for ESP8266_Init
    main.o(i.wifiThread) refers to os.o(i.OS_Sleep) for OS_Sleep
    main.o(i.wifiThread) refers to esp8266.o(.bss) for esp8266
    main.o(.data) refers to main.o(.bss) for scratch_raw
    retarget.o(i.fgetc) refers to hal_uart.o(i.HAL_UART_ReceiveBlocking) for HAL_UART_ReceiveBlocking
    retarget.o(i.fgetc) refers to hal_uart.o(.data) for uart0
    retarget.o(i.fputc) refers to hal_uart.o(i.HAL_UART_SendBlocking) for HAL_UART_SendBlocking
    retarget.o(i.fputc) refers to hal_uart.o(.data) for uart0
    uart.o(i.UARTConfigSetExpClk) refers to uart.o(i.UARTDisable) for UARTDisable
    uart.o(i.UARTConfigSetExpClk) refers to uart.o(i.UARTEnable) for UARTEnable
    uart.o(i.UARTIntRegister) refers to uart.o(i._UARTIntNumberGet) for _UARTIntNumberGet
    uart.o(i.UARTIntRegister) refers to interrupt.o(i.IntRegister) for IntRegister
    uart.o(i.UARTIntRegister) refers to interrupt.o(i.IntEnable) for IntEnable
    uart.o(i.UARTIntUnregister) refers to uart.o(i._UARTIntNumberGet) for _UARTIntNumberGet
    uart.o(i.UARTIntUnregister) refers to interrupt.o(i.IntDisable) for IntDisable
    uart.o(i.UARTIntUnregister) refers to interrupt.o(i.IntUnregister) for IntUnregister
[...]
    .text                                    0x000002e4   Section       28  startup.o(.text)
    .text                                    0x00000300   Section        0  memcpya.o(.text)
    .text                                    0x00000324   Section        0  strstr.o(.text)
    .text                                    0x00000348   Section        0  strncpy.o(.text)
    .text                                    0x00000360   Section        0  strlen.o(.text)
    .text                                    0x0000036e   Section        0  memcmp.o(.text)
    .text                                    0x00000388   Section        0  strncat.o(.text)
    .text                                    0x000003b0   Section        0  strtok.o(.text)
    .text                                    0x000003f4   Section        0  __0sscanf.o(.text)
    .text                                    0x0000042c   Section        0  _scanf_int.o(.text)
    .text                                    0x0000057c   Section        0  _scanf_str.o(.text)
    .text                                    0x00000656   Section        0  atoi.o(.text)
    .text                                    0x00000670   Section        0  dmul.o(.text)
    .text                                    0x00000754   Section        0  uidiv.o(.text)
    .text                                    0x00000780   Section        0  uldiv.o(.text)
    .text                                    0x000007e2   Section        0  llushr.o(.text)
    .text                                    0x00000802   Section        0  _chval.o(.text)
    .text                                    0x00000820   Section        0  scanf_char.o(.text)
    _scanf_char_input                        0x00000821   Thumb Code    12  scanf_char.o(.text)
    .text                                    0x00000848   Section        0  _sgetc.o(.text)
    .text                                    0x00000888   Section        0  strtol.o(.text)
    .text                                    0x000008f8   Section        0  depilogue.o(.text)
    .text                                    0x000008f8   Section        0  iusefp.o(.text)
    .text                                    0x000009b6   Section        0  dadd.o(.text)
    .text                                    0x00000b04   Section        0  ddiv.o(.text)
    .text                                    0x00000be2   Section        0  dfixul.o(.text)
    .text                                    0x00000c14   Section       40  cdrcmple.o(.text)
    .text                                    0x00000c3c   Section       36  init.o(.text)
    .text                                    0x00000c60   Section        0  llshl.o(.text)
    .text                                    0x00000c7e   Section        0  llsshr.o(.text)
    .text                                    0x00000ca4   Section        0  ctype_o.o(.text)
    .text                                    0x00000cac   Section        0  isspace_o.o(.text)
    .text                                    0x00000cc0   Section        0  _scanf.o(.text)
    .text                                    0x00000fec   Section        0  _strtoul.o(.text)
    .text                                    0x0000108a   Section        0  __dczerorl2.o(.text)
    i.AT_Init                                0x000010e8   Section        0  at.o(i.AT_Init)
    i.AT_checkResponse                       0x00001108   Section        0  at.o(i.AT_checkResponse)
    i.AT_getResponseStruct                   0x00001142   Section        0  at.o(i.AT_getResponseStruct)
    i.AT_sendCommand                         0x0000114a   Section        0  at.o(i.AT_sendCommand)
    i.AT_sendCommandf                        0x0000116c   Section        0  at.o(i.AT_sendCommandf)
    i.AT_sendRaw                             0x000011a0   Section        0  at.o(i.AT_sendRaw)
    i.AT_splitLines                          0x000011e8   Section        0  at.o(i.AT_splitLines)
    i.AT_uartRxCompleteCallback              0x0000120c   Section        0  at.o(i.AT_uartRxCompleteCallback)
    i.AT_waitResponse                        0x0000122c   Section        0  at.o(i.AT_waitResponse)
    i.CAN0_Handler                           0x0000126c   Section        0  can0.o(i.CAN0_Handler)
    i.CAN0_Open                              0x000012f0   Section        0  can0.o(i.CAN0_Open)
    i.CAN0_SendData                          0x00001364   Section        0  can0.o(i.CAN0_SendData)
    i.CAN0_Setup_Message_Object              0x00001380   Section        0  can0.o(i.CAN0_Setup_Message_Object)
    CAN0_Setup_Message_Object                0x00001381   Thumb Code    50  can0.o(i.CAN0_Setup_Message_Object)
    i.CANBitRateSet                          0x000013b8   Section        0  can.o(i.CANBitRateSet)
    i.CANEnable                              0x00001430   Section        0  can.o(i.CANEnable)
    i.CANInit                                0x0000143a   Section        0  can.o(i.CANInit)
    i.CANIntClear                            0x00001486   Section        0  can.o(i.CANIntClear)
    i.CANIntEnable                           0x000014b0   Section        0  can.o(i.CANIntEnable)
    i.CANIntStatus                           0x000014b8   Section        0  can.o(i.CANIntStatus)
    i.CANMessageGet                          0x000014de   Section        0  can.o(i.CANMessageGet)
    i.CANMessageSet                          0x0000165c   Section        0  can.o(i.CANMessageSet)
    i.CANStatusGet                           0x000017da   Section        0  can.o(i.CANStatusGet)
    i.CAN_RxCallback                         0x00001828   Section        0  main.o(i.CAN_RxCallback)
    i.CAN_TxTask                             0x00001844   Section        0  main.o(i.CAN_TxTask)
    i.ESP8266_IPDCallback                    0x0000186c   Section        0  main.o(i.ESP8266_IPDCallback)
    i.ESP8266_Init                           0x00001948   Section        0  esp8266.o(i.ESP8266_Init)
    i.ESP8266_Reset                          0x000019f8   Section        0  esp8266.o(i.ESP8266_Reset)
    i.ESP8266_Server                         0x00001a64   Section        0  esp8266.o(i.ESP8266_Server)
    i.ESP8266_configureAP                    0x00001ac8   Section        0  esp8266.o(i.ESP8266_configureAP)
    i.ESP8266_getIP                          0x00001b0c   Section        0  esp8266.o(i.ESP8266_getIP)
    i.ESP8266_sendData                       0x00001b78   Section        0  esp8266.o(i.ESP8266_sendData)
    i.ESP8266_setDHCP                        0x00001bd8   Section        0  esp8266.o(i.ESP8266_setDHCP)
    i.ESP8266_setEcho                        0x00001c10   Section        0  esp8266.o(i.ESP8266_setEcho)
    i.ESP8266_setMultipleConnections         0x00001c38   Section        0  esp8266.o(i.ESP8266_setMultipleConnections)
    i.ESP8266_setWiFiMode                    0x00001c68   Section        0  esp8266.o(i.ESP8266_setWiFiMode)
    i.ESP8266_startUDPServer                 0x00001c94   Section        0  esp8266.o(i.ESP8266_startUDPServer)
    i.GPIODirModeSet                         0x00001d88   Section        0  gpio.o(i.GPIODirModeSet)
    i.GPIOPadConfigSet                       0x00001dc8   Section        0  gpio.o(i.GPIOPadConfigSet)
    i.GPIOPinConfigure                       0x00001f64   Section        0  gpio.o(i.GPIOPinConfigure)
    i.GPIOPinRead                            0x00001fb8   Section        0  gpio.o(i.GPIOPinRead)
    i.GPIOPinTypeCAN                         0x00001fc4   Section        0  gpio.o(i.GPIOPinTypeCAN)
    i.GPIOPinTypeGPIOOutput                  0x00001fe2   Section        0  gpio.o(i.GPIOPinTypeGPIOOutput)
    i.GPIOPinTypeUART                        0x00002000   Section        0  gpio.o(i.GPIOPinTypeUART)
    i.GPIOPinWrite                           0x0000201e   Section        0  gpio.o(i.GPIOPinWrite)
    i.HAL_GPIO_Init                          0x00002028   Section        0  hal_gpio.o(i.HAL_GPIO_Init)
    i.HAL_GPIO_PinRead                       0x00002058   Section        0  hal_gpio.o(i.HAL_GPIO_PinRead)
    i.HAL_GPIO_PinReset                      0x00002068   Section        0  hal_gpio.o(i.HAL_GPIO_PinReset)
    i.HAL_GPIO_PinSet                        0x0000207c   Section        0  hal_gpio.o(i.HAL_GPIO_PinSet)
    i.HAL_GPIO_PinToggle                     0x00002090   Section        0  hal_gpio.o(i.HAL_GPIO_PinToggle)
    i.HAL_GPIO_PinWrite                      0x000020b4   Section        0  hal_gpio.o(i.HAL_GPIO_PinWrite)
    i.HAL_UART0_Init                         0x000020d4   Section        0  hal_uart.o(i.HAL_UART0_Init)
    i.HAL_UART2_Init                         0x0000212c   Section        0  hal_uart.o(i.HAL_UART2_Init)
    i.HAL_UART_IdleCallback                  0x000021ac   Section        0  hal_uart.o(i.HAL_UART_IdleCallback)
    i.HAL_UART_Init                          0x00002210   Section        0  hal_uart.o(i.HAL_UART_Init)
    i.HAL_UART_ReceiveUntilIdle              0x00002232   Section        0  hal_uart.o(i.HAL_UART_ReceiveUntilIdle)
    i.HAL_UART_RxCallback                    0x00002286   Section        0  hal_uart.o(i.HAL_UART_RxCallback)
    i.HAL_UART_Send                          0x000022e4   Section        0  hal_uart.o(i.HAL_UART_Send)
    i.HAL_UART_SendBlocking                  0x00002332   Section        0  hal_uart.o(i.HAL_UART_SendBlocking)
    i.HAL_UART_TxCallback                    0x00002366   Section        0  hal_uart.o(i.HAL_UART_TxCallback)
    i.IdleTask                               0x0000239a   Section        0  os.o(i.IdleTask)
    IdleTask                                 0x0000239b   Thumb Code     4  os.o(i.IdleTask)
    i.InitializeStack                        0x000023a0   Section        0  os.o(i.InitializeStack)
    i.IntEnable                              0x000023dc   Section        0  interrupt.o(i.IntEnable)
    i.IntPendSet                             0x00002450   Section        0  interrupt.o(i.IntPendSet)
    i.IntPrioritySet                         0x000024b0   Section        0  interrupt.o(i.IntPrioritySet)
    i.List_InsertEnd                         0x000024e4   Section        0  list.o(i.List_InsertEnd)
    i.List_InsertSorted                      0x000024f8   Section        0  list.o(i.List_InsertSorted)
    i.List_Iterate                           0x0000254a   Section        0  list.o(i.List_Iterate)
    i.List_Remove                            0x0000255e   Section        0  list.o(i.List_Remove)
    i.List_ResetIterator                     0x000025a4   Section        0  list.o(i.List_ResetIterator)
    i.OS_AddThread                           0x000025ac   Section        0  os.o(i.OS_AddThread)
    i.OS_FIFO_Get                            0x000026a4   Section        0  os_fifo.o(i.OS_FIFO_Get)
    i.OS_FIFO_Init                           0x0000270c   Section        0  os_fifo.o(i.OS_FIFO_Init)
    i.OS_FIFO_Put                            0x00002730   Section        0  os_fifo.o(i.OS_FIFO_Put)
    i.OS_Init                                0x0000279c   Section        0  os.o(i.OS_Init)
    i.OS_InitMutex                           0x000027d0   Section        0  os_signal.o(i.OS_InitMutex)
    i.OS_InitSemaphore                       0x000027e8   Section        0  os_signal.o(i.OS_InitSemaphore)
    i.OS_MutexSignal                         0x00002800   Section        0  os_signal.o(i.OS_MutexSignal)
    i.OS_MutexWait                           0x00002858   Section        0  os_signal.o(i.OS_MutexWait)
    i.OS_Signal                              0x000028e4   Section        0  os_signal.o(i.OS_Signal)
    i.OS_Sleep                               0x00002940   Section        0  os.o(i.OS_Sleep)
    i.OS_Start                               0x000029d4   Section        0  os.o(i.OS_Start)
    i.OS_Suspend                             0x00002a78   Section        0  os.o(i.OS_Suspend)
    i.OS_Wait                                0x00002a8c   Section        0  os_signal.o(i.OS_Wait)
    i.Scheduler                              0x00002b20   Section        0  os.o(i.Scheduler)
    i.SysCtlClockFreqSet                     0x00002b64   Section        0  sysctl.o(i.SysCtlClockFreqSet)
    i.SysCtlClockGet                         0x00002e24   Section        0  sysctl.o(i.SysCtlClockGet)
    i.SysCtlPeripheralEnable                 0x00002f98   Section        0  sysctl.o(i.SysCtlPeripheralEnable)
    i.SysCtlPeripheralReady                  0x00002fd8   Section        0  sysctl.o(i.SysCtlPeripheralReady)
    i.SysTick_Handler                        0x00003010   Section        0  os.o(i.SysTick_Handler)
    i.TaskExitErrorCallback                  0x0000308c   Section        0  os.o(i.TaskExitErrorCallback)
    i.UART0_Handler                          0x00003094   Section        0  hal_uart_int.o(i.UART0_Handler)
    i.UART1_Handler                          0x000030a4   Section        0  hal_uart_int.o(i.UART1_Handler)
    i.UART2_Handler                          0x000030b4   Section        0  hal_uart_int.o(i.UART2_Handler)
    i.UARTCharGetNonBlocking                 0x000030c4   Section        0  uart.o(i.UARTCharGetNonBlocking)
    i.UARTCharPut                            0x000030d8   Section        0  uart.o(i.UARTCharPut)
    i.UARTCharPutNonBlocking                 0x000030e6   Section        0  uart.o(i.UARTCharPutNonBlocking)
    i.UARTConfigSetExpClk                    0x000030fa   Section        0  uart.o(i.UARTConfigSetExpClk)
    i.UARTDisable                            0x00003146   Section        0  uart.o(i.UARTDisable)
    i.UARTEnable                             0x00003164   Section        0  uart.o(i.UARTEnable)
    i.UARTFIFOEnable                         0x00003178   Section        0  uart.o(i.UARTFIFOEnable)
    i.UARTFIFOLevelGet                       0x00003182   Section        0  uart.o(i.UARTFIFOLevelGet)
    i.UARTFIFOLevelSet                       0x00003194   Section        0  uart.o(i.UARTFIFOLevelSet)
    i.UARTIntClear                           0x0000319c   Section        0  uart.o(i.UARTIntClear)
    i.UARTIntDisable                         0x000031a0   Section        0  uart.o(i.UARTIntDisable)
    i.UARTIntEnable                          0x000031a8   Section        0  uart.o(i.UARTIntEnable)
    i.UARTIntStatus                          0x000031b0   Section        0  uart.o(i.UARTIntStatus)
    i.UARTTxIntModeSet                       0x000031bc   Section        0  uart.o(i.UARTTxIntModeSet)
    i.UART_Handler                           0x000031c8   Section        0  hal_uart_int.o(i.UART_Handler)
    UART_Handler                             0x000031c9   Thumb Code    76  hal_uart_int.o(i.UART_Handler)
    i.Yeild                                  0x00003214   Section        0  os.o(i.Yeild)
    i._CANDataRegRead                        0x0000321e   Section        0  can.o(i._CANDataRegRead)
    _CANDataRegRead                          0x0000321f   Thumb Code    36  can.o(i._CANDataRegRead)
    i._CANDataRegWrite                       0x00003242   Section        0  can.o(i._CANDataRegWrite)
    _CANDataRegWrite                         0x00003243   Thumb Code    36  can.o(i._CANDataRegWrite)
    i._SysCtlFrequencyGet                    0x00003268   Section        0  sysctl.o(i._SysCtlFrequencyGet)
    _SysCtlFrequencyGet                      0x00003269   Thumb Code    96  sysctl.o(i._SysCtlFrequencyGet)
    i._SysCtlMemTimingGet                    0x000032cc   Section        0  sysctl.o(i._SysCtlMemTimingGet)
    _SysCtlMemTimingGet                      0x000032cd   Thumb Code    36  sysctl.o(i._SysCtlMemTimingGet)
    i.__0printf                              0x000032f4   Section        0  printfa.o(i.__0printf)
    i.__0vsnprintf                           0x00003314   Section        0  printfa.o(i.__0vsnprintf)
    i.__aeabi_errno_addr                     0x00003338   Section        0  errno.o(i.__aeabi_errno_addr)
    i.__scatterload_copy                     0x00003340   Section       14  handlers.o(i.__scatterload_copy)
    i.__scatterload_null                     0x0000334e   Section        2  handlers.o(i.__scatterload_null)
    i.__scatterload_zeroinit                 0x00003350   Section       14  handlers.o(i.__scatterload_zeroinit)
    i._fp_digits                             0x00003360   Section        0  printfa.o(i._fp_digits)
    _fp_digits                               0x00003361   Thumb Code   326  printfa.o(i._fp_digits)
    i._printf_core                           0x000034bc   Section        0  printfa.o(i._printf_core)
    _printf_core                             0x000034bd   Thumb Code  1762  printfa.o(i._printf_core)
    i._printf_post_padding                   0x00003bac   Section        0  printfa.o(i._printf_post_padding)
    _printf_post_padding                     0x00003bad   Thumb Code    38  printfa.o(i._printf_post_padding)
    i._printf_pre_padding                    0x00003bd2   Section        0  printfa.o(i._printf_pre_padding)
    _printf_pre_padding                      0x00003bd3   Thumb Code    48  printfa.o(i._printf_pre_padding)
    i._snputc                                0x00003c02   Section        0  printfa.o(i._snputc)
    _snputc                                  0x00003c03   Thumb Code    22  printfa.o(i._snputc)
    i.build_rsp                              0x00003c18   Section        0  endpoints.o(i.build_rsp)
    i.coap_build                             0x00003cd8   Section        0  coap.o(i.coap_build)
    i.coap_dump                              0x00003ebc   Section        0  coap.o(i.coap_dump)
    i.coap_dumpHeader                        0x00003f30   Section        0  coap.o(i.coap_dumpHeader)
    i.coap_dumpOptions                       0x00003fc8   Section        0  coap.o(i.coap_dumpOptions)
    i.coap_dumpPacket                        0x0000402c   Section        0  coap.o(i.coap_dumpPacket)
    i.coap_findOptions                       0x0000406c   Section        0  coap.o(i.coap_findOptions)
    i.coap_handle_req                        0x000040b4   Section        0  coap.o(i.coap_handle_req)
    i.coap_make_response                     0x00004184   Section        0  coap.o(i.coap_make_response)
    i.coap_option_nibble                     0x000041fc   Section        0  coap.o(i.coap_option_nibble)
    i.coap_parse                             0x00004220   Section        0  coap.o(i.coap_parse)
    i.coap_parseHeader                       0x00004274   Section        0  coap.o(i.coap_parseHeader)
    i.coap_parseOption                       0x000042b0   Section        0  coap.o(i.coap_parseOption)
    i.coap_parseOptionsAndPayload            0x0000438e   Section        0  coap.o(i.coap_parseOptionsAndPayload)
    i.coap_parseToken                        0x00004420   Section        0  coap.o(i.coap_parseToken)
    i.coap_setup                             0x00004452   Section        0  coap.o(i.coap_setup)
    i.endpoint_setup                         0x0000445a   Section        0  endpoints.o(i.endpoint_setup)
    i.fputc                                  0x00004464   Section        0  retarget.o(i.fputc)
    i.handle_get_light                       0x00004480   Section        0  endpoints.o(i.handle_get_light)
    handle_get_light                         0x00004481   Thumb Code    54  endpoints.o(i.handle_get_light)
    i.handle_get_well_known_core             0x000044bc   Section        0  endpoints.o(i.handle_get_well_known_core)
    handle_get_well_known_core               0x000044bd   Thumb Code    62  endpoints.o(i.handle_get_well_known_core)
    i.handle_put_light                       0x00004500   Section        0  endpoints.o(i.handle_put_light)
    handle_put_light                         0x00004501   Thumb Code   156  endpoints.o(i.handle_put_light)
    i.handle_put_robot_motor                 0x000045a0   Section        0  endpoints.o(i.handle_put_robot_motor)
    handle_put_robot_motor                   0x000045a1   Thumb Code   104  endpoints.o(i.handle_put_robot_motor)
    i.handle_put_robot_servo                 0x0000460c   Section        0  endpoints.o(i.handle_put_robot_servo)
    handle_put_robot_servo                   0x0000460d   Thumb Code   104  endpoints.o(i.handle_put_robot_servo)
    i.insert                                 0x00004678   Section        0  list.o(i.insert)
    i.main                                   0x000046a8   Section        0  main.o(i.main)
    i.put_light_Callback                     0x00004718   Section        0  main.o(i.put_light_Callback)
    i.put_robot_motor_Callback               0x00004744   Section        0  main.o(i.put_robot_motor_Callback)
    i.put_robot_servo_Callback               0x00004764   Section        0  main.o(i.put_robot_servo_Callback)
    i.rxFIFOGet                              0x00004784   Section        0  hal_uart.o(i.rxFIFOGet)
    i.split                                  0x000047c4   Section        0  at.o(i.split)
    i.txFIFOPut                              0x0000480c   Section        0  hal_uart.o(i.txFIFOPut)
    i.wifiThread                             0x00004840   Section        0  main.o(i.wifiThread)
    .constdata                               0x0000485c   Section      268  interrupt.o(.constdata)
    g_pui32Priority                          0x0000485c   Data          32  interrupt.o(.constdata)
    g_pui32Regs                              0x0000487c   Data         156  interrupt.o(.constdata)
    g_pui32EnRegs                            0x00004918   Data          20  interrupt.o(.constdata)
    g_pui32Dii16Regs                         0x0000492c   Data          20  interrupt.o(.constdata)
    g_pui32PendRegs                          0x00004940   Data          20  interrupt.o(.constdata)
    g_pui32UnpendRegs                        0x00004954   Data          20  interrupt.o(.constdata)
    .constdata                               0x00004968   Section      596  sysctl.o(.constdata)
    g_pui32Xtals                             0x00004968   Data         108  sysctl.o(.constdata)
    g_pppui32XTALtoVCO                       0x000049d4   Data         432  sysctl.o(.constdata)
    g_sXTALtoMEMTIM                          0x00004b84   Data          48  sysctl.o(.constdata)
    g_pui32VCOFrequencies                    0x00004bb4   Data           8  sysctl.o(.constdata)
    .constdata                               0x00004bbc   Section      552  gpio.o(.constdata)
    g_ppui32GPIOIntMapBlizzard               0x00004bbc   Data         192  gpio.o(.constdata)
    g_ppui32GPIOIntMapSnowflake              0x00004c7c   Data         216  gpio.o(.constdata)
    g_pui32GPIOBaseAddrs                     0x00004d54   Data         144  gpio.o(.constdata)
    .constdata                               0x00004de4   Section       32  can.o(.constdata)
    g_ui16CANBitValues                       0x00004de4   Data          32  can.o(.constdata)
    .constdata                               0x00004e04   Section      148  endpoints.o(.constdata)
    path_well_known_core                     0x00004e08   Data          12  endpoints.o(.constdata)
    path_light                               0x00004e14   Data          12  endpoints.o(.constdata)
    path_robot_motor                         0x00004e20   Data          12  endpoints.o(.constdata)
    path_robot_servo                         0x00004e2c   Data          12  endpoints.o(.constdata)
    .constdata                               0x00004e98   Section      129  ctype_o.o(.constdata)
    .constdata                               0x00004f1c   Section        4  ctype_o.o(.constdata)
    table                                    0x00004f1c   Data           4  ctype_o.o(.constdata)
    .conststring                             0x00004f20   Section       52  endpoints.o(.conststring)
    .data                                    0x20000000   Section     1208  main.o(.data)
    msg                                      0x200004a4   Data           8  main.o(.data)
    msg                                      0x200004ac   Data           8  main.o(.data)
    .data                                    0x200004b8   Section      156  hal_uart.o(.data)
    .data                                    0x20000554   Section        8  can0.o(.data)
    RCVData                                  0x20000554   Data           4  can0.o(.data)
    MailFlag                                 0x20000558   Data           4  can0.o(.data)
    .data                                    0x2000055c   Section       24  os.o(.data)
    .data                                    0x20000574   Section       12  os_task_lists.o(.data)
    .data                                    0x20000580   Section        1  endpoints.o(.data)
    light                                    0x20000580   Data           1  endpoints.o(.data)
    .data                                    0x20000584   Section        4  strtok.o(.data)
    state                                    0x20000584   Data           4  strtok.o(.data)
    .data                                    0x20000588   Section        4  stdout.o(.data)
    .data                                    0x2000058c   Section        4  errno.o(.data)
    _errno                                   0x2000058c   Data           4  errno.o(.data)
    .bss                                     0x20000590   Section     2256  main.o(.bss)
    .bss                                     0x20000e60   Section    21032  os_task_lists.o(.bss)
    .bss                                     0x20006088   Section     1104  at.o(.bss)
    buff                                     0x20006088   Data         513  at.o(.bss)
    AT                                       0x2000628c   Data         588  at.o(.bss)
    .bss                                     0x200064d8   Section     1048  esp8266.o(.bss)
    udpData                                  0x200064d8   Data        1024  esp8266.o(.bss)
    .bss                                     0x200068f0   Section     1500  endpoints.o(.bss)
    rsp                                      0x200068f0   Data        1500  endpoints.o(.bss)
    STACK                                    0x20006ed0   Section     1024  startup.o(STACK)
    StackMem                                 0x20006ed0   Data           0  startup.o(STACK)

    Global Symbols

    Symbol Name                              Value     Ov Type        Size  Object(Section)

    BuildAttributes$$THM_ISAv4$E$P$D$K$B$S$7EM$PE$A:L22UL41UL21$X:L11$S22US41US21$IEEE1$IW$USESV6$~STKCKD$USESV7$~SHL$OSPACE$ROPI$EBA8$MICROLIB$REQ8$PRES8$EABIv2 0x00000000   Number         0  anon$$obj.o ABSOLUTE
    __ARM_use_no_argv                        0x00000000   Number         0  main.o ABSOLUTE
    __Vectors                                0x00000000   Data           0  startup.o(RESET)
    _printf_a                                0x00000000   Number         0  stubs.o ABSOLUTE
    _printf_c                                0x00000000   Number         0  stubs.o ABSOLUTE
    _printf_charcount                        0x00000000   Number         0  stubs.o ABSOLUTE
    _printf_d                                0x00000000   Number         0  stubs.o ABSOLUTE
    _printf_e                                0x00000000   Number         0  stubs.o ABSOLUTE
    _printf_f                                0x00000000   Number         0  stubs.o ABSOLUTE
    _printf_flags                            0x00000000   Number         0  stubs.o ABSOLUTE
    _printf_fp_dec                           0x00000000   Number         0  stubs.o ABSOLUTE
    _printf_fp_hex                           0x00000000   Number         0  stubs.o ABSOLUTE
    _printf_g                                0x00000000   Number         0  stubs.o ABSOLUTE
    _printf_i                                0x00000000   Number         0  stubs.o ABSOLUTE
    _printf_int_dec                          0x00000000   Number         0  stubs.o ABSOLUTE
    _printf_l                                0x00000000   Number         0  stubs.o ABSOLUTE
    _printf_lc                               0x00000000   Number         0  stubs.o ABSOLUTE
    _printf_ll                               0x00000000   Number         0  stubs.o ABSOLUTE
    _printf_lld                              0x00000000   Number         0  stubs.o ABSOLUTE
    _printf_lli                              0x00000000   Number         0  stubs.o ABSOLUTE
    _printf_llo                              0x00000000   Number         0  stubs.o ABSOLUTE
    _printf_llu                              0x00000000   Number         0  stubs.o ABSOLUTE
    _printf_llx                              0x00000000   Number         0  stubs.o ABSOLUTE
    _printf_longlong_dec                     0x00000000   Number         0  stubs.o ABSOLUTE
    _printf_longlong_hex                     0x00000000   Number         0  stubs.o ABSOLUTE
    _printf_longlong_oct                     0x00000000   Number         0  stubs.o ABSOLUTE
    _printf_ls                               0x00000000   Number         0  stubs.o ABSOLUTE
    _printf_mbtowc                           0x00000000   Number         0  stubs.o ABSOLUTE
    _printf_n                                0x00000000   Number         0  stubs.o ABSOLUTE
    _printf_o                                0x00000000   Number         0  stubs.o ABSOLUTE
    _printf_p                                0x00000000   Number         0  stubs.o ABSOLUTE
    _printf_percent                          0x00000000   Number         0  stubs.o ABSOLUTE
    _printf_pre_padding                      0x00000000   Number         0  stubs.o ABSOLUTE
    _printf_return_value                     0x00000000   Number         0  stubs.o ABSOLUTE
    _printf_s                                0x00000000   Number         0  stubs.o ABSOLUTE
    _printf_sizespec                         0x00000000   Number         0  stubs.o ABSOLUTE
    _printf_str                              0x00000000   Number         0  stubs.o ABSOLUTE
    _printf_truncate_signed                  0x00000000   Number         0  stubs.o ABSOLUTE
    _printf_truncate_unsigned                0x00000000   Number         0  stubs.o ABSOLUTE
    _printf_u                                0x00000000   Number         0  stubs.o ABSOLUTE
    _printf_wc                               0x00000000   Number         0  stubs.o ABSOLUTE
    _printf_wctomb                           0x00000000   Number         0  stubs.o ABSOLUTE
    _printf_widthprec                        0x00000000   Number         0  stubs.o ABSOLUTE
    _printf_x                                0x00000000   Number         0  stubs.o ABSOLUTE
    __cpp_initialize__aeabi_                  - Undefined Weak Reference
    __cxa_finalize                            - Undefined Weak Reference
    _clock_init                               - Undefined Weak Reference
    _microlib_exit                            - Undefined Weak Reference
    _scanf_longlong                           - Undefined Weak Reference
    _scanf_real                               - Undefined Weak Reference
    Reset_Handler                            0x0000026d   Thumb Code     0  startup.o(RESET)
    NMI_Handler                              0x00000271   Thumb Code     2  startup.o(RESET)
    HardFault_Handler                        0x00000273   Thumb Code     2  startup.o(RESET)
    MemManage_Handler                        0x00000275   Thumb Code     2  startup.o(RESET)
    BusFault_Handler                         0x00000277   Thumb Code     2  startup.o(RESET)
    UsageFault_Handler                       0x00000279   Thumb Code     2  startup.o(RESET)
    SVC_Handler                              0x0000027b   Thumb Code     2  startup.o(RESET)
    DebugMon_Handler                         0x0000027d   Thumb Code     2  startup.o(RESET)
    ADC0Seq0_Handler                         0x00000283   Thumb Code     0  startup.o(RESET)
    ADC0Seq1_Handler                         0x00000283   Thumb Code     0  startup.o(RESET)
    ADC0Seq2_Handler                         0x00000283   Thumb Code     0  startup.o(RESET)
    ADC0Seq3_Handler                         0x00000283   Thumb Code     0  startup.o(RESET)
    ADC1Seq0_Handler                         0x00000283   Thumb Code     0  startup.o(RESET)
    ADC1Seq1_Handler                         0x00000283   Thumb Code     0  startup.o(RESET)
    ADC1Seq2_Handler                         0x00000283   Thumb Code     0  startup.o(RESET)
    ADC1Seq3_Handler                         0x00000283   Thumb Code     0  startup.o(RESET)
    CAN1_Handler                             0x00000283   Thumb Code     0  startup.o(RESET)
    CAN2_Handler                             0x00000283   Thumb Code     0  startup.o(RESET)
    Comp0_Handler                            0x00000283   Thumb Code     0  startup.o(RESET)
    Comp1_Handler                            0x00000283   Thumb Code     0  startup.o(RESET)
    Comp2_Handler                            0x00000283   Thumb Code     0  startup.o(RESET)
    Ethernet_Handler                         0x00000283   Thumb Code     0  startup.o(RESET)
    ExtBus_Handler                           0x00000283   Thumb Code     0  startup.o(RESET)
    FPU_Handler                              0x00000283   Thumb Code     0  startup.o(RESET)
    Fan0_Handler                             0x00000283   Thumb Code     0  startup.o(RESET)
    FlashCtl_Handler                         0x00000283   Thumb Code     0  startup.o(RESET)
    GPIOPortA_Handler                        0x00000283   Thumb Code     0  startup.o(RESET)
    GPIOPortB_Handler                        0x00000283   Thumb Code     0  startup.o(RESET)
    GPIOPortC_Handler                        0x00000283   Thumb Code     0  startup.o(RESET)
    GPIOPortD_Handler                        0x00000283   Thumb Code     0  startup.o(RESET)
    GPIOPortE_Handler                        0x00000283   Thumb Code     0  startup.o(RESET)
    GPIOPortF_Handler                        0x00000283   Thumb Code     0  startup.o(RESET)
    GPIOPortG_Handler                        0x00000283   Thumb Code     0  startup.o(RESET)
    GPIOPortH_Handler                        0x00000283   Thumb Code     0  startup.o(RESET)
    GPIOPortJ_Handler                        0x00000283   Thumb Code     0  startup.o(RESET)
    GPIOPortK_Handler                        0x00000283   Thumb Code     0  startup.o(RESET)
    GPIOPortL_Handler                        0x00000283   Thumb Code     0  startup.o(RESET)
    GPIOPortM_Handler                        0x00000283   Thumb Code     0  startup.o(RESET)
    GPIOPortN_Handler                        0x00000283   Thumb Code     0  startup.o(RESET)
    GPIOPortP1_Handler                       0x00000283   Thumb Code     0  startup.o(RESET)
    GPIOPortP2_Handler                       0x00000283   Thumb Code     0  startup.o(RESET)
    GPIOPortP3_Handler                       0x00000283   Thumb Code     0  startup.o(RESET)
    GPIOPortP4_Handler                       0x00000283   Thumb Code     0  startup.o(RESET)
    GPIOPortP5_Handler                       0x00000283   Thumb Code     0  startup.o(RESET)
    GPIOPortP6_Handler                       0x00000283   Thumb Code     0  startup.o(RESET)
    GPIOPortP7_Handler                       0x00000283   Thumb Code     0  startup.o(RESET)
    GPIOPortP_Handler                        0x00000283   Thumb Code     0  startup.o(RESET)
    GPIOPortQ1_Handler                       0x00000283   Thumb Code     0  startup.o(RESET)
    GPIOPortQ2_Handler                       0x00000283   Thumb Code     0  startup.o(RESET)
    GPIOPortQ3_Handler                       0x00000283   Thumb Code     0  startup.o(RESET)
    GPIOPortQ4_Handler                       0x00000283   Thumb Code     0  startup.o(RESET)
    GPIOPortQ5_Handler                       0x00000283   Thumb Code     0  startup.o(RESET)
    GPIOPortQ6_Handler                       0x00000283   Thumb Code     0  startup.o(RESET)
    GPIOPortQ7_Handler                       0x00000283   Thumb Code     0  startup.o(RESET)
    GPIOPortQ_Handler                        0x00000283   Thumb Code     0  startup.o(RESET)
    GPIOPortR_Handler                        0x00000283   Thumb Code     0  startup.o(RESET)
    GPIOPortS_Handler                        0x00000283   Thumb Code     0  startup.o(RESET)
    Hibernate_Handler                        0x00000283   Thumb Code     0  startup.o(RESET)
    I2C0_Handler                             0x00000283   Thumb Code     0  startup.o(RESET)
    I2C1_Handler                             0x00000283   Thumb Code     0  startup.o(RESET)
    I2C2_Handler                             0x00000283   Thumb Code     0  startup.o(RESET)
    I2C3_Handler                             0x00000283   Thumb Code     0  startup.o(RESET)
    I2C4_Handler                             0x00000283   Thumb Code     0  startup.o(RESET)
    I2C5_Handler                             0x00000283   Thumb Code     0  startup.o(RESET)
    I2S0_Handler                             0x00000283   Thumb Code     0  startup.o(RESET)
    LPC0_Handler                             0x00000283   Thumb Code     0  startup.o(RESET)
    PECI0_Handler                            0x00000283   Thumb Code     0  startup.o(RESET)
    PWM0Fault_Handler                        0x00000283   Thumb Code     0  startup.o(RESET)
    PWM0Generator0_Handler                   0x00000283   Thumb Code     0  startup.o(RESET)
    PWM0Generator1_Handler                   0x00000283   Thumb Code     0  startup.o(RESET)
    PWM0Generator2_Handler                   0x00000283   Thumb Code     0  startup.o(RESET)
    PWM0Generator3_Handler                   0x00000283   Thumb Code     0  startup.o(RESET)
    PWM1Fault_Handler                        0x00000283   Thumb Code     0  startup.o(RESET)
    PWM1Generator0_Handler                   0x00000283   Thumb Code     0  startup.o(RESET)
    PWM1Generator1_Handler                   0x00000283   Thumb Code     0  startup.o(RESET)
    PWM1Generator2_Handler                   0x00000283   Thumb Code     0  startup.o(RESET)
    PWM1Generator3_Handler                   0x00000283   Thumb Code     0  startup.o(RESET)
    Quadrature0_Handler                      0x00000283   Thumb Code     0  startup.o(RESET)
    Quadrature1_Handler                      0x00000283   Thumb Code     0  startup.o(RESET)
    Quadrature2_Handler                      0x00000283   Thumb Code     0  startup.o(RESET)
    SSI0_Handler                             0x00000283   Thumb Code     0  startup.o(RESET)
    SSI1_Handler                             0x00000283   Thumb Code     0  startup.o(RESET)
    SSI2_Handler                             0x00000283   Thumb Code     0  startup.o(RESET)
    SSI3_Handler                             0x00000283   Thumb Code     0  startup.o(RESET)
    SysCtl_Handler                           0x00000283   Thumb Code     0  startup.o(RESET)
    Timer0A_Handler                          0x00000283   Thumb Code     0  startup.o(RESET)
    Timer0B_Handler                          0x00000283   Thumb Code     0  startup.o(RESET)
    Timer1A_Handler                          0x00000283   Thumb Code     0  startup.o(RESET)
    Timer1B_Handler                          0x00000283   Thumb Code     0  startup.o(RESET)
    Timer2A_Handler                          0x00000283   Thumb Code     0  startup.o(RESET)
    Timer2B_Handler                          0x00000283   Thumb Code     0  startup.o(RESET)
    Timer3A_Handler                          0x00000283   Thumb Code     0  startup.o(RESET)
    Timer3B_Handler                          0x00000283   Thumb Code     0  startup.o(RESET)
    Timer4A_Handler                          0x00000283   Thumb Code     0  startup.o(RESET)
    Timer4B_Handler                          0x00000283   Thumb Code     0  startup.o(RESET)
    Timer5A_Handler                          0x00000283   Thumb Code     0  startup.o(RESET)
    Timer5B_Handler                          0x00000283   Thumb Code     0  startup.o(RESET)
    UART3_Handler                            0x00000283   Thumb Code     0  startup.o(RESET)
    UART4_Handler                            0x00000283   Thumb Code     0  startup.o(RESET)
    UART5_Handler                            0x00000283   Thumb Code     0  startup.o(RESET)
    UART6_Handler                            0x00000283   Thumb Code     0  startup.o(RESET)
    UART7_Handler                            0x00000283   Thumb Code     0  startup.o(RESET)
    USB0_Handler                             0x00000283   Thumb Code     0  startup.o(RESET)
    WDT_Handler                              0x00000283   Thumb Code     0  startup.o(RESET)
    WideTimer0A_Handler                      0x00000283   Thumb Code     0  startup.o(RESET)
    WideTimer0B_Handler                      0x00000283   Thumb Code     0  startup.o(RESET)
    WideTimer1A_Handler                      0x00000283   Thumb Code     0  startup.o(RESET)
    WideTimer1B_Handler                      0x00000283   Thumb Code     0  startup.o(RESET)
    WideTimer2A_Handler                      0x00000283   Thumb Code     0  startup.o(RESET)
    WideTimer2B_Handler                      0x00000283   Thumb Code     0  startup.o(RESET)
    WideTimer3A_Handler                      0x00000283   Thumb Code     0  startup.o(RESET)
    WideTimer3B_Handler                      0x00000283   Thumb Code     0  startup.o(RESET)
    WideTimer4A_Handler                      0x00000283   Thumb Code     0  startup.o(RESET)
    WideTimer4B_Handler                      0x00000283   Thumb Code     0  startup.o(RESET)
    WideTimer5A_Handler                      0x00000283   Thumb Code     0  startup.o(RESET)
    WideTimer5B_Handler                      0x00000283   Thumb Code     0  startup.o(RESET)
    uDMA_Error                               0x00000283   Thumb Code     0  startup.o(RESET)
    uDMA_Handler                             0x00000283   Thumb Code     0  startup.o(RESET)
    __main                                   0x00000285   Thumb Code     0  entry.o(.ARM.Collect$$$$00000000)
    _main_stk                                0x00000285   Thumb Code     0  entry2.o(.ARM.Collect$$$$00000001)
    _main_scatterload                        0x00000289   Thumb Code     0  entry5.o(.ARM.Collect$$$$00000004)
    __main_after_scatterload                 0x0000028d   Thumb Code     0  entry5.o(.ARM.Collect$$$$00000004)
    _main_clock                              0x0000028d   Thumb Code     0  entry7b.o(.ARM.Collect$$$$00000008)
    _main_cpp_init                           0x0000028d   Thumb Code     0  entry8b.o(.ARM.Collect$$$$0000000A)
    _main_init                               0x0000028d   Thumb Code     0  entry9a.o(.ARM.Collect$$$$0000000B)
    __rt_final_cpp                           0x00000295   Thumb Code     0  entry10a.o(.ARM.Collect$$$$0000000D)
    __rt_final_exit                          0x00000295   Thumb Code     0  entry11a.o(.ARM.Collect$$$$0000000F)
    PendSV_Handler                           0x00000299   Thumb Code    38  os.o(.emb_text)
    StartFirstTask                           0x000002c5   Thumb Code    28  os.o(.emb_text)
    DisableInterrupts                        0x000002e5   Thumb Code     0  startup.o(.text)
    EnableInterrupts                         0x000002e9   Thumb Code     0  startup.o(.text)
    StartCritical                            0x000002ed   Thumb Code     0  startup.o(.text)
    EndCritical                              0x000002f5   Thumb Code     0  startup.o(.text)
    WaitForInterrupt                         0x000002fb   Thumb Code     0  startup.o(.text)
    __aeabi_memcpy                           0x00000301   Thumb Code    36  memcpya.o(.text)
    __aeabi_memcpy4                          0x00000301   Thumb Code     0  memcpya.o(.text)
    __aeabi_memcpy8                          0x00000301   Thumb Code     0  memcpya.o(.text)
    strstr                                   0x00000325   Thumb Code    36  strstr.o(.text)
    strncpy                                  0x00000349   Thumb Code    24  strncpy.o(.text)
    strlen                                   0x00000361   Thumb Code    14  strlen.o(.text)
    memcmp                                   0x0000036f   Thumb Code    26  memcmp.o(.text)
    strncat                                  0x00000389   Thumb Code    40  strncat.o(.text)
    strtok                                   0x000003b1   Thumb Code    62  strtok.o(.text)
    __0sscanf                                0x000003f5   Thumb Code    48  __0sscanf.o(.text)
    _scanf_int                               0x0000042d   Thumb Code   336  _scanf_int.o(.text)
    _scanf_string                            0x0000057d   Thumb Code   218  _scanf_str.o(.text)
    atoi                                     0x00000657   Thumb Code    26  atoi.o(.text)
    __aeabi_dmul                             0x00000671   Thumb Code   228  dmul.o(.text)
    __aeabi_uidiv                            0x00000755   Thumb Code     0  uidiv.o(.text)
    __aeabi_uidivmod                         0x00000755   Thumb Code    44  uidiv.o(.text)
    __aeabi_uldivmod                         0x00000781   Thumb Code    98  uldiv.o(.text)
    __aeabi_llsr                             0x000007e3   Thumb Code    32  llushr.o(.text)
    _ll_ushift_r                             0x000007e3   Thumb Code     0  llushr.o(.text)
    _chval                                   0x00000803   Thumb Code    28  _chval.o(.text)
    __vfscanf_char                           0x0000082d   Thumb Code    20  scanf_char.o(.text)
    _sgetc                                   0x00000849   Thumb Code    30  _sgetc.o(.text)
    _sbackspace                              0x00000867   Thumb Code    34  _sgetc.o(.text)
    strtol                                   0x00000889   Thumb Code   112  strtol.o(.text)
    __I$use$fp                               0x000008f9   Thumb Code     0  iusefp.o(.text)
    _double_round                            0x000008f9   Thumb Code    26  depilogue.o(.text)
    _double_epilogue                         0x00000913   Thumb Code   164  depilogue.o(.text)
    __aeabi_dadd                             0x000009b7   Thumb Code   322  dadd.o(.text)
    __aeabi_dsub                             0x00000af9   Thumb Code     6  dadd.o(.text)
    __aeabi_drsub                            0x00000aff   Thumb Code     6  dadd.o(.text)
    __aeabi_ddiv                             0x00000b05   Thumb Code   222  ddiv.o(.text)
    __aeabi_d2ulz                            0x00000be3   Thumb Code    48  dfixul.o(.text)
    __aeabi_cdrcmple                         0x00000c15   Thumb Code    38  cdrcmple.o(.text)
    __scatterload                            0x00000c3d   Thumb Code    28  init.o(.text)
    __scatterload_rt2                        0x00000c3d   Thumb Code     0  init.o(.text)
    __aeabi_llsl                             0x00000c61   Thumb Code    30  llshl.o(.text)
    _ll_shift_l                              0x00000c61   Thumb Code     0  llshl.o(.text)
    __aeabi_lasr                             0x00000c7f   Thumb Code    36  llsshr.o(.text)
    _ll_sshift_r                             0x00000c7f   Thumb Code     0  llsshr.o(.text)
    __rt_ctype_table                         0x00000ca5   Thumb Code     4  ctype_o.o(.text)
    isspace                                  0x00000cad   Thumb Code    18  isspace_o.o(.text)
    __vfscanf                                0x00000cc1   Thumb Code   806  _scanf.o(.text)
    _strtoul                                 0x00000fed   Thumb Code   158  _strtoul.o(.text)
    __decompress                             0x0000108b   Thumb Code     0  __dczerorl2.o(.text)
    __decompress1                            0x0000108b   Thumb Code    92  __dczerorl2.o(.text)
    AT_Init                                  0x000010e9   Thumb Code    26  at.o(i.AT_Init)
    AT_checkResponse                         0x00001109   Thumb Code    58  at.o(i.AT_checkResponse)
    AT_getResponseStruct                     0x00001143   Thumb Code     8  at.o(i.AT_getResponseStruct)
    AT_sendCommand                           0x0000114b   Thumb Code    34  at.o(i.AT_sendCommand)
    AT_sendCommandf                          0x0000116d   Thumb Code    46  at.o(i.AT_sendCommandf)
    AT_sendRaw                               0x000011a1   Thumb Code    68  at.o(i.AT_sendRaw)
    AT_splitLines                            0x000011e9   Thumb Code    30  at.o(i.AT_splitLines)
    AT_uartRxCompleteCallback                0x0000120d   Thumb Code    30  at.o(i.AT_uartRxCompleteCallback)
    AT_waitResponse                          0x0000122d   Thumb Code    58  at.o(i.AT_waitResponse)
    CAN0_Handler                             0x0000126d   Thumb Code   118  can0.o(i.CAN0_Handler)
    CAN0_Open                                0x000012f1   Thumb Code    84  can0.o(i.CAN0_Open)
    CAN0_SendData                            0x00001365   Thumb Code    28  can0.o(i.CAN0_SendData)
    CANBitRateSet                            0x000013b9   Thumb Code   116  can.o(i.CANBitRateSet)
    CANEnable                                0x00001431   Thumb Code    10  can.o(i.CANEnable)
    CANInit                                  0x0000143b   Thumb Code    76  can.o(i.CANInit)
    CANIntClear                              0x00001487   Thumb Code    42  can.o(i.CANIntClear)
    CANIntEnable                             0x000014b1   Thumb Code     8  can.o(i.CANIntEnable)
    CANIntStatus                             0x000014b9   Thumb Code    38  can.o(i.CANIntStatus)
    CANMessageGet                            0x000014df   Thumb Code   382  can.o(i.CANMessageGet)
    CANMessageSet                            0x0000165d   Thumb Code   382  can.o(i.CANMessageSet)
    CANStatusGet                             0x000017db   Thumb Code    78  can.o(i.CANStatusGet)
    CAN_RxCallback                           0x00001829   Thumb Code    24  main.o(i.CAN_RxCallback)
    CAN_TxTask                               0x00001845   Thumb Code    32  main.o(i.CAN_TxTask)
    ESP8266_IPDCallback                      0x0000186d   Thumb Code   152  main.o(i.ESP8266_IPDCallback)
    ESP8266_Init                             0x00001949   Thumb Code   152  esp8266.o(i.ESP8266_Init)
    ESP8266_Reset                            0x000019f9   Thumb Code    82  esp8266.o(i.ESP8266_Reset)
    ESP8266_Server                           0x00001a65   Thumb Code    56  esp8266.o(i.ESP8266_Server)
    ESP8266_configureAP                      0x00001ac9   Thumb Code    40  esp8266.o(i.ESP8266_configureAP)
    ESP8266_getIP                            0x00001b0d   Thumb Code    62  esp8266.o(i.ESP8266_getIP)
    ESP8266_sendData                         0x00001b79   Thumb Code    70  esp8266.o(i.ESP8266_sendData)
    ESP8266_setDHCP                          0x00001bd9   Thumb Code    36  esp8266.o(i.ESP8266_setDHCP)
    ESP8266_setEcho                          0x00001c11   Thumb Code    32  esp8266.o(i.ESP8266_setEcho)
    ESP8266_setMultipleConnections           0x00001c39   Thumb Code    32  esp8266.o(i.ESP8266_setMultipleConnections)
    ESP8266_setWiFiMode                      0x00001c69   Thumb Code    28  esp8266.o(i.ESP8266_setWiFiMode)
    ESP8266_startUDPServer                   0x00001c95   Thumb Code   174  esp8266.o(i.ESP8266_startUDPServer)
    GPIODirModeSet                           0x00001d89   Thumb Code    64  gpio.o(i.GPIODirModeSet)
    GPIOPadConfigSet                         0x00001dc9   Thumb Code   410  gpio.o(i.GPIOPadConfigSet)
    GPIOPinConfigure                         0x00001f65   Thumb Code    74  gpio.o(i.GPIOPinConfigure)
    GPIOPinRead                              0x00001fb9   Thumb Code    12  gpio.o(i.GPIOPinRead)
    GPIOPinTypeCAN                           0x00001fc5   Thumb Code    30  gpio.o(i.GPIOPinTypeCAN)
    GPIOPinTypeGPIOOutput                    0x00001fe3   Thumb Code    30  gpio.o(i.GPIOPinTypeGPIOOutput)
    GPIOPinTypeUART                          0x00002001   Thumb Code    30  gpio.o(i.GPIOPinTypeUART)
    GPIOPinWrite                             0x0000201f   Thumb Code    10  gpio.o(i.GPIOPinWrite)
    HAL_GPIO_Init                            0x00002029   Thumb Code    36  hal_gpio.o(i.HAL_GPIO_Init)
    HAL_GPIO_PinRead                         0x00002059   Thumb Code    16  hal_gpio.o(i.HAL_GPIO_PinRead)
    HAL_GPIO_PinReset                        0x00002069   Thumb Code    20  hal_gpio.o(i.HAL_GPIO_PinReset)
    HAL_GPIO_PinSet                          0x0000207d   Thumb Code    20  hal_gpio.o(i.HAL_GPIO_PinSet)
    HAL_GPIO_PinToggle                       0x00002091   Thumb Code    36  hal_gpio.o(i.HAL_GPIO_PinToggle)
    HAL_GPIO_PinWrite                        0x000020b5   Thumb Code    30  hal_gpio.o(i.HAL_GPIO_PinWrite)
    HAL_UART0_Init                           0x000020d5   Thumb Code    76  hal_uart.o(i.HAL_UART0_Init)
    HAL_UART2_Init                           0x0000212d   Thumb Code    96  hal_uart.o(i.HAL_UART2_Init)
    HAL_UART_IdleCallback                    0x000021ad   Thumb Code   100  hal_uart.o(i.HAL_UART_IdleCallback)
    HAL_UART_Init                            0x00002211   Thumb Code    34  hal_uart.o(i.HAL_UART_Init)
    HAL_UART_ReceiveUntilIdle                0x00002233   Thumb Code    84  hal_uart.o(i.HAL_UART_ReceiveUntilIdle)
    HAL_UART_RxCallback                      0x00002287   Thumb Code    94  hal_uart.o(i.HAL_UART_RxCallback)
    HAL_UART_Send                            0x000022e5   Thumb Code    78  hal_uart.o(i.HAL_UART_Send)
    HAL_UART_SendBlocking                    0x00002333   Thumb Code    52  hal_uart.o(i.HAL_UART_SendBlocking)
    HAL_UART_TxCallback                      0x00002367   Thumb Code    52  hal_uart.o(i.HAL_UART_TxCallback)
    InitializeStack                          0x000023a1   Thumb Code    56  os.o(i.InitializeStack)
    IntEnable                                0x000023dd   Thumb Code   108  interrupt.o(i.IntEnable)
    IntPendSet                               0x00002451   Thumb Code    86  interrupt.o(i.IntPendSet)
    IntPrioritySet                           0x000024b1   Thumb Code    46  interrupt.o(i.IntPrioritySet)
    List_InsertEnd                           0x000024e5   Thumb Code    20  list.o(i.List_InsertEnd)
    List_InsertSorted                        0x000024f9   Thumb Code    82  list.o(i.List_InsertSorted)
    List_Iterate                             0x0000254b   Thumb Code    20  list.o(i.List_Iterate)
    List_Remove                              0x0000255f   Thumb Code    70  list.o(i.List_Remove)
    List_ResetIterator                       0x000025a5   Thumb Code     6  list.o(i.List_ResetIterator)
    OS_AddThread                             0x000025ad   Thumb Code   230  os.o(i.OS_AddThread)
    OS_FIFO_Get                              0x000026a5   Thumb Code   104  os_fifo.o(i.OS_FIFO_Get)
    OS_FIFO_Init                             0x0000270d   Thumb Code    36  os_fifo.o(i.OS_FIFO_Init)
    OS_FIFO_Put                              0x00002731   Thumb Code   108  os_fifo.o(i.OS_FIFO_Put)
    OS_Init                                  0x0000279d   Thumb Code    48  os.o(i.OS_Init)
    OS_InitMutex                             0x000027d1   Thumb Code    24  os_signal.o(i.OS_InitMutex)
    OS_InitSemaphore                         0x000027e9   Thumb Code    24  os_signal.o(i.OS_InitSemaphore)
    OS_MutexSignal                           0x00002801   Thumb Code    80  os_signal.o(i.OS_MutexSignal)
    OS_MutexWait                             0x00002859   Thumb Code   128  os_signal.o(i.OS_MutexWait)
    OS_Signal                                0x000028e5   Thumb Code    84  os_signal.o(i.OS_Signal)
    OS_Sleep                                 0x00002941   Thumb Code   128  os.o(i.OS_Sleep)
    OS_Start                                 0x000029d5   Thumb Code   126  os.o(i.OS_Start)
    OS_Suspend                               0x00002a79   Thumb Code    20  os.o(i.OS_Suspend)
    OS_Wait                                  0x00002a8d   Thumb Code   134  os_signal.o(i.OS_Wait)
    Scheduler                                0x00002b21   Thumb Code    56  os.o(i.Scheduler)
    SysCtlClockFreqSet                       0x00002b65   Thumb Code   644  sysctl.o(i.SysCtlClockFreqSet)
    SysCtlClockGet                           0x00002e25   Thumb Code   332  sysctl.o(i.SysCtlClockGet)
    SysCtlPeripheralEnable                   0x00002f99   Thumb Code    60  sysctl.o(i.SysCtlPeripheralEnable)
    SysCtlPeripheralReady                    0x00002fd9   Thumb Code    52  sysctl.o(i.SysCtlPeripheralReady)
    SysTick_Handler                          0x00003011   Thumb Code   106  os.o(i.SysTick_Handler)
    TaskExitErrorCallback                    0x0000308d   Thumb Code     8  os.o(i.TaskExitErrorCallback)
    UART0_Handler                            0x00003095   Thumb Code    10  hal_uart_int.o(i.UART0_Handler)
    UART1_Handler                            0x000030a5   Thumb Code    10  hal_uart_int.o(i.UART1_Handler)
    UART2_Handler                            0x000030b5   Thumb Code    10  hal_uart_int.o(i.UART2_Handler)
    UARTCharGetNonBlocking                   0x000030c5   Thumb Code    20  uart.o(i.UARTCharGetNonBlocking)
    UARTCharPut                              0x000030d9   Thumb Code    14  uart.o(i.UARTCharPut)
    UARTCharPutNonBlocking                   0x000030e7   Thumb Code    20  uart.o(i.UARTCharPutNonBlocking)
    UARTConfigSetExpClk                      0x000030fb   Thumb Code    76  uart.o(i.UARTConfigSetExpClk)
    UARTDisable                              0x00003147   Thumb Code    30  uart.o(i.UARTDisable)
    UARTEnable                               0x00003165   Thumb Code    20  uart.o(i.UARTEnable)
    UARTFIFOEnable                           0x00003179   Thumb Code    10  uart.o(i.UARTFIFOEnable)
    UARTFIFOLevelGet                         0x00003183   Thumb Code    18  uart.o(i.UARTFIFOLevelGet)
    UARTFIFOLevelSet                         0x00003195   Thumb Code     8  uart.o(i.UARTFIFOLevelSet)
    UARTIntClear                             0x0000319d   Thumb Code     4  uart.o(i.UARTIntClear)
    UARTIntDisable                           0x000031a1   Thumb Code     8  uart.o(i.UARTIntDisable)
    UARTIntEnable                            0x000031a9   Thumb Code     8  uart.o(i.UARTIntEnable)
    UARTIntStatus                            0x000031b1   Thumb Code    12  uart.o(i.UARTIntStatus)
    UARTTxIntModeSet                         0x000031bd   Thumb Code    12  uart.o(i.UARTTxIntModeSet)
    Yeild                                    0x00003215   Thumb Code    10  os.o(i.Yeild)
    __0printf                                0x000032f5   Thumb Code    22  printfa.o(i.__0printf)
    __1printf                                0x000032f5   Thumb Code     0  printfa.o(i.__0printf)
    __2printf                                0x000032f5   Thumb Code     0  printfa.o(i.__0printf)
    __c89printf                              0x000032f5   Thumb Code     0  printfa.o(i.__0printf)
    printf                                   0x000032f5   Thumb Code     0  printfa.o(i.__0printf)
    __0vsnprintf                             0x00003315   Thumb Code    32  printfa.o(i.__0vsnprintf)
    __1vsnprintf                             0x00003315   Thumb Code     0  printfa.o(i.__0vsnprintf)
    __2vsnprintf                             0x00003315   Thumb Code     0  printfa.o(i.__0vsnprintf)
    __c89vsnprintf                           0x00003315   Thumb Code     0  printfa.o(i.__0vsnprintf)
    vsnprintf                                0x00003315   Thumb Code     0  printfa.o(i.__0vsnprintf)
    __aeabi_errno_addr                       0x00003339   Thumb Code     4  errno.o(i.__aeabi_errno_addr)
    __rt_errno_addr                          0x00003339   Thumb Code     0  errno.o(i.__aeabi_errno_addr)
    __scatterload_copy                       0x00003341   Thumb Code    14  handlers.o(i.__scatterload_copy)
    __scatterload_null                       0x0000334f   Thumb Code     2  handlers.o(i.__scatterload_null)
    __scatterload_zeroinit                   0x00003351   Thumb Code    14  handlers.o(i.__scatterload_zeroinit)
    build_rsp                                0x00003c19   Thumb Code   166  endpoints.o(i.build_rsp)
    coap_build                               0x00003cd9   Thumb Code   484  coap.o(i.coap_build)
    coap_dump                                0x00003ebd   Thumb Code    86  coap.o(i.coap_dump)
    coap_dumpHeader                          0x00003f31   Thumb Code    54  coap.o(i.coap_dumpHeader)
    coap_dumpOptions                         0x00003fc9   Thumb Code    70  coap.o(i.coap_dumpOptions)
    coap_dumpPacket                          0x0000402d   Thumb Code    48  coap.o(i.coap_dumpPacket)
    coap_findOptions                         0x0000406d   Thumb Code    70  coap.o(i.coap_findOptions)
    coap_handle_req                          0x000040b5   Thumb Code   204  coap.o(i.coap_handle_req)
    coap_make_response                       0x00004185   Thumb Code   118  coap.o(i.coap_make_response)
    coap_option_nibble                       0x000041fd   Thumb Code    32  coap.o(i.coap_option_nibble)
    coap_parse                               0x00004221   Thumb Code    84  coap.o(i.coap_parse)
    coap_parseHeader                         0x00004275   Thumb Code    60  coap.o(i.coap_parseHeader)
    coap_parseOption                         0x000042b1   Thumb Code   222  coap.o(i.coap_parseOption)
    coap_parseOptionsAndPayload              0x0000438f   Thumb Code   146  coap.o(i.coap_parseOptionsAndPayload)
    coap_parseToken                          0x00004421   Thumb Code    50  coap.o(i.coap_parseToken)
    coap_setup                               0x00004453   Thumb Code     8  coap.o(i.coap_setup)
    endpoint_setup                           0x0000445b   Thumb Code     8  endpoints.o(i.endpoint_setup)
    fputc                                    0x00004465   Thumb Code    22  retarget.o(i.fputc)
    insert                                   0x00004679   Thumb Code    48  list.o(i.insert)
    main                                     0x000046a9   Thumb Code    72  main.o(i.main)
    put_light_Callback                       0x00004719   Thumb Code    38  main.o(i.put_light_Callback)
    put_robot_motor_Callback                 0x00004745   Thumb Code    22  main.o(i.put_robot_motor_Callback)
    put_robot_servo_Callback                 0x00004765   Thumb Code    22  main.o(i.put_robot_servo_Callback)
    rxFIFOGet                                0x00004785   Thumb Code    64  hal_uart.o(i.rxFIFOGet)
    split                                    0x000047c5   Thumb Code    72  at.o(i.split)
    txFIFOPut                                0x0000480d   Thumb Code    52  hal_uart.o(i.txFIFOPut)
    wifiThread                               0x00004841   Thumb Code    22  main.o(i.wifiThread)
    rsplen                                   0x00004e04   Data           2  endpoints.o(.constdata)
    endpoints                                0x00004e38   Data          96  endpoints.o(.constdata)
    __ctype_table                            0x00004e98   Data         129  ctype_o.o(.constdata)
    Region$$Table$$Base                      0x00004f54   Number         0  anon$$obj.o(Region$$Table)
    Region$$Table$$Limit                     0x00004f74   Number         0  anon$$obj.o(Region$$Table)
    PC_txComplete                            0x20000000   Data           1  main.o(.data)
    CAN_TxFifo                               0x20000004   Data         588  main.o(.data)
    CAN_RxFifo                               0x20000250   Data         588  main.o(.data)
    scratch_buf                              0x2000049c   Data           8  main.o(.data)
    rxPC                                     0x200004b4   Data           1  main.o(.data)
    txPC                                     0x200004b5   Data           1  main.o(.data)
    rxESP8266                                0x200004b6   Data           1  main.o(.data)
    txESP8266                                0x200004b7   Data           1  main.o(.data)
    uart0                                    0x200004b8   Data          52  hal_uart.o(.data)
    uart1                                    0x200004ec   Data          52  hal_uart.o(.data)
    uart2                                    0x20000520   Data          52  hal_uart.o(.data)
    OS_sysTicks                              0x2000055c   Data           4  os.o(.data)
    OS_cyclesPerTick                         0x20000560   Data           4  os.o(.data)
    TCBhistoryCounter                        0x20000564   Data           4  os.o(.data)
    SW1Task                                  0x20000568   Data           4  os.o(.data)
    SW2Task                                  0x2000056c   Data           4  os.o(.data)
    periodicTask                             0x20000570   Data           4  os.o(.data)
    OS_TaskCount                             0x20000574   Data           4  os_task_lists.o(.data)
    OS_ReadyPriorityFlags                    0x20000578   Data           4  os_task_lists.o(.data)
    currentTCB                               0x2000057c   Data           4  os_task_lists.o(.data)
    __stdout                                 0x20000588   Data           4  stdout.o(.data)
    rxPCFIFO                                 0x20000590   Data         520  main.o(.bss)
    rxESP8266FIFO                            0x20000798   Data         520  main.o(.bss)
    rxStr                                    0x200009a0   Data          64  main.o(.bss)
    txStr                                    0x200009e0   Data          64  main.o(.bss)
    cmd                                      0x20000a20   Data          64  main.o(.bss)
    scratch_raw                              0x20000a60   Data        1024  main.o(.bss)
    readyTasksList                           0x20000e60   Data          60  os_task_lists.o(.bss)
    delayedTasksList                         0x20000e9c   Data          12  os_task_lists.o(.bss)
    TCB                                      0x20000ea8   Data       20960  os_task_lists.o(.bss)
    esp8266                                  0x200068d8   Data          24  esp8266.o(.bss)
    __initial_sp                             0x200072d0   Data           0  startup.o(STACK)



==============================================================================

Memory Map of the image

  Image Entry point : 0x0000026d

  Load Region LR_1 (Base: 0x00000000, Size: 0x00005504, Max: 0xffffffff, ABSOLUTE, COMPRESSED[0x00004fa0])

    Execution Region ER_RO (Base: 0x00000000, Size: 0x00004f74, Max: 0xffffffff, ABSOLUTE)

    Base Addr    Size         Type   Attr      Idx    E Section Name        Object

    0x00000000   0x00000284   Code   RO            3  * RESET               startup.o
    0x00000284   0x00000000   Code   RO         2444  * .ARM.Collect$$$$00000000  mc_w.l(entry.o)
    0x00000284   0x00000004   Code   RO         2744    .ARM.Collect$$$$00000001  mc_w.l(entry2.o)
    0x00000288   0x00000004   Code   RO         2747    .ARM.Collect$$$$00000004  mc_w.l(entry5.o)
    0x0000028c   0x00000000   Code   RO         2749    .ARM.Collect$$$$00000008  mc_w.l(entry7b.o)
    0x0000028c   0x00000000   Code   RO         2751    .ARM.Collect$$$$0000000A  mc_w.l(entry8b.o)
    0x0000028c   0x00000008   Code   RO         2752    .ARM.Collect$$$$0000000B  mc_w.l(entry9a.o)
    0x00000294   0x00000000   Code   RO         2754    .ARM.Collect$$$$0000000D  mc_w.l(entry10a.o)
    0x00000294   0x00000000   Code   RO         2756    .ARM.Collect$$$$0000000F  mc_w.l(entry11a.o)
    0x00000294   0x00000004   Code   RO         2745    .ARM.Collect$$$$00002712  mc_w.l(entry2.o)
    0x00000298   0x0000004c   Code   RO         1717    .emb_text           os.o
    0x000002e4   0x0000001c   Code   RO            4    .text               startup.o
    0x00000300   0x00000024   Code   RO         2449    .text               mc_w.l(memcpya.o)
    0x00000324   0x00000024   Code   RO         2451    .text               mc_w.l(strstr.o)
    0x00000348   0x00000018   Code   RO         2453    .text               mc_w.l(strncpy.o)
    0x00000360   0x0000000e   Code   RO         2455    .text               mc_w.l(strlen.o)
    0x0000036e   0x0000001a   Code   RO         2457    .text               mc_w.l(memcmp.o)
    0x00000388   0x00000028   Code   RO         2459    .text               mc_w.l(strncat.o)
    0x000003b0   0x00000044   Code   RO         2461    .text               mc_w.l(strtok.o)
    0x000003f4   0x00000038   Code   RO         2730    .text               mc_w.l(__0sscanf.o)
    0x0000042c   0x00000150   Code   RO         2732    .text               mc_w.l(_scanf_int.o)
    0x0000057c   0x000000da   Code   RO         2734    .text               mc_w.l(_scanf_str.o)
    0x00000656   0x0000001a   Code   RO         2736    .text               mc_w.l(atoi.o)
    0x00000670   0x000000e4   Code   RO         2738    .text               mf_w.l(dmul.o)
    0x00000754   0x0000002c   Code   RO         2760    .text               mc_w.l(uidiv.o)
    0x00000780   0x00000062   Code   RO         2762    .text               mc_w.l(uldiv.o)
    0x000007e2   0x00000020   Code   RO         2764    .text               mc_w.l(llushr.o)
    0x00000802   0x0000001c   Code   RO         2773    .text               mc_w.l(_chval.o)
    0x0000081e   0x00000002   PAD
    0x00000820   0x00000028   Code   RO         2775    .text               mc_w.l(scanf_char.o)
    0x00000848   0x00000040   Code   RO         2777    .text               mc_w.l(_sgetc.o)
    0x00000888   0x00000070   Code   RO         2779    .text               mc_w.l(strtol.o)
    0x000008f8   0x00000000   Code   RO         2781    .text               mc_w.l(iusefp.o)
    0x000008f8   0x000000be   Code   RO         2782    .text               mf_w.l(depilogue.o)
    0x000009b6   0x0000014e   Code   RO         2784    .text               mf_w.l(dadd.o)
    0x00000b04   0x000000de   Code   RO         2786    .text               mf_w.l(ddiv.o)
    0x00000be2   0x00000030   Code   RO         2788    .text               mf_w.l(dfixul.o)
    0x00000c12   0x00000002   PAD
    0x00000c14   0x00000028   Code   RO         2790    .text               mf_w.l(cdrcmple.o)
    0x00000c3c   0x00000024   Code   RO         2792    .text               mc_w.l(init.o)
    0x00000c60   0x0000001e   Code   RO         2794    .text               mc_w.l(llshl.o)
    0x00000c7e   0x00000024   Code   RO         2796    .text               mc_w.l(llsshr.o)
    0x00000ca2   0x00000002   PAD
    0x00000ca4   0x00000008   Code   RO         2800    .text               mc_w.l(ctype_o.o)
    0x00000cac   0x00000012   Code   RO         2822    .text               mc_w.l(isspace_o.o)
    0x00000cbe   0x00000002   PAD
    0x00000cc0   0x0000032c   Code   RO         2828    .text               mc_w.l(_scanf.o)
    0x00000fec   0x0000009e   Code   RO         2830    .text               mc_w.l(_strtoul.o)
    0x0000108a   0x0000005c   Code   RO         2843    .text               mc_w.l(__dczerorl2.o)
    0x000010e6   0x00000002   PAD
    0x000010e8   0x00000020   Code   RO         2065    i.AT_Init           at.o
    0x00001108   0x0000003a   Code   RO         2066    i.AT_checkResponse  at.o
    0x00001142   0x00000008   Code   RO         2067    i.AT_getResponseStruct  at.o
    0x0000114a   0x00000022   Code   RO         2130    i.AT_sendCommand    at.o
    0x0000116c   0x00000034   Code   RO         2068    i.AT_sendCommandf   at.o
    0x000011a0   0x00000048   Code   RO         2069    i.AT_sendRaw        at.o
    0x000011e8   0x00000024   Code   RO         2070    i.AT_splitLines     at.o
    0x0000120c   0x0000001e   Code   RO         2071    i.AT_uartRxCompleteCallback  at.o
    0x0000122a   0x00000002   PAD
    0x0000122c   0x00000040   Code   RO         2072    i.AT_waitResponse   at.o
    0x0000126c   0x00000084   Code   RO         1663    i.CAN0_Handler      can0.o
    0x000012f0   0x00000074   Code   RO         1664    i.CAN0_Open         can0.o
    0x00001364   0x0000001c   Code   RO         1665    i.CAN0_SendData     can0.o
    0x00001380   0x00000038   Code   RO         1666    i.CAN0_Setup_Message_Object  can0.o
    0x000013b8   0x00000078   Code   RO         1310    i.CANBitRateSet     can.o
    0x00001430   0x0000000a   Code   RO         1314    i.CANEnable         can.o
    0x0000143a   0x0000004c   Code   RO         1316    i.CANInit           can.o
    0x00001486   0x0000002a   Code   RO         1317    i.CANIntClear       can.o
    0x000014b0   0x00000008   Code   RO         1319    i.CANIntEnable      can.o
    0x000014b8   0x00000026   Code   RO         1321    i.CANIntStatus      can.o
    0x000014de   0x0000017e   Code   RO         1324    i.CANMessageGet     can.o
    0x0000165c   0x0000017e   Code   RO         1325    i.CANMessageSet     can.o
    0x000017da   0x0000004e   Code   RO         1328    i.CANStatusGet      can.o
    0x00001828   0x0000001c   Code   RO           14    i.CAN_RxCallback    main.o
    0x00001844   0x00000028   Code   RO           15    i.CAN_TxTask        main.o
    0x0000186c   0x000000dc   Code   RO           16    i.ESP8266_IPDCallback  main.o
    0x00001948   0x000000b0   Code   RO         2154    i.ESP8266_Init      esp8266.o
    0x000019f8   0x0000006c   Code   RO         2156    i.ESP8266_Reset     esp8266.o
    0x00001a64   0x00000064   Code   RO         2157    i.ESP8266_Server    esp8266.o
    0x00001ac8   0x00000044   Code   RO         2158    i.ESP8266_configureAP  esp8266.o
    0x00001b0c   0x0000006c   Code   RO         2159    i.ESP8266_getIP     esp8266.o
    0x00001b78   0x00000060   Code   RO         2160    i.ESP8266_sendData  esp8266.o
    0x00001bd8   0x00000038   Code   RO         2161    i.ESP8266_setDHCP   esp8266.o
    0x00001c10   0x00000028   Code   RO         2162    i.ESP8266_setEcho   esp8266.o
    0x00001c38   0x00000030   Code   RO         2163    i.ESP8266_setMultipleConnections  esp8266.o
    0x00001c68   0x0000002c   Code   RO         2164    i.ESP8266_setWiFiMode  esp8266.o
    0x00001c94   0x000000f4   Code   RO         2165    i.ESP8266_startUDPServer  esp8266.o
    0x00001d88   0x00000040   Code   RO         1011    i.GPIODirModeSet    gpio.o
    0x00001dc8   0x0000019a   Code   RO         1023    i.GPIOPadConfigSet  gpio.o
    0x00001f62   0x00000002   PAD
    0x00001f64   0x00000054   Code   RO         1024    i.GPIOPinConfigure  gpio.o
    0x00001fb8   0x0000000c   Code   RO         1025    i.GPIOPinRead       gpio.o
    0x00001fc4   0x0000001e   Code   RO         1027    i.GPIOPinTypeCAN    gpio.o
    0x00001fe2   0x0000001e   Code   RO         1035    i.GPIOPinTypeGPIOOutput  gpio.o
    0x00002000   0x0000001e   Code   RO         1047    i.GPIOPinTypeUART   gpio.o
    0x0000201e   0x0000000a   Code   RO         1053    i.GPIOPinWrite      gpio.o
    0x00002028   0x00000030   Code   RO         1612    i.HAL_GPIO_Init     hal_gpio.o
    0x00002058   0x00000010   Code   RO         1613    i.HAL_GPIO_PinRead  hal_gpio.o
    0x00002068   0x00000014   Code   RO         1614    i.HAL_GPIO_PinReset  hal_gpio.o
    0x0000207c   0x00000014   Code   RO         1615    i.HAL_GPIO_PinSet   hal_gpio.o
    0x00002090   0x00000024   Code   RO         1616    i.HAL_GPIO_PinToggle  hal_gpio.o
    0x000020b4   0x0000001e   Code   RO         1617    i.HAL_GPIO_PinWrite  hal_gpio.o
    0x000020d2   0x00000002   PAD
    0x000020d4   0x00000058   Code   RO         1455    i.HAL_UART0_Init    hal_uart.o
    0x0000212c   0x00000080   Code   RO         1457    i.HAL_UART2_Init    hal_uart.o
    0x000021ac   0x00000064   Code   RO         1458    i.HAL_UART_IdleCallback  hal_uart.o
    0x00002210   0x00000022   Code   RO         1459    i.HAL_UART_Init     hal_uart.o
    0x00002232   0x00000054   Code   RO         1462    i.HAL_UART_ReceiveUntilIdle  hal_uart.o
    0x00002286   0x0000005e   Code   RO         1463    i.HAL_UART_RxCallback  hal_uart.o
    0x000022e4   0x0000004e   Code   RO         1464    i.HAL_UART_Send     hal_uart.o
    0x00002332   0x00000034   Code   RO         1465    i.HAL_UART_SendBlocking  hal_uart.o
    0x00002366   0x00000034   Code   RO         1466    i.HAL_UART_TxCallback  hal_uart.o
    0x0000239a   0x00000004   Code   RO         1718    i.IdleTask          os.o
    0x0000239e   0x00000002   PAD
    0x000023a0   0x0000003c   Code   RO         1719    i.InitializeStack   os.o
    0x000023dc   0x00000074   Code   RO          526    i.IntEnable         interrupt.o
    0x00002450   0x00000060   Code   RO          531    i.IntPendSet        interrupt.o
    0x000024b0   0x00000034   Code   RO          537    i.IntPrioritySet    interrupt.o
    0x000024e4   0x00000014   Code   RO         2016    i.List_InsertEnd    list.o
    0x000024f8   0x00000052   Code   RO         2017    i.List_InsertSorted  list.o
    0x0000254a   0x00000014   Code   RO         2018    i.List_Iterate      list.o
    0x0000255e   0x00000046   Code   RO         2019    i.List_Remove       list.o
    0x000025a4   0x00000006   Code   RO         2020    i.List_ResetIterator  list.o
    0x000025aa   0x00000002   PAD
    0x000025ac   0x000000f8   Code   RO         1722    i.OS_AddThread      os.o
    0x000026a4   0x00000068   Code   RO         1889    i.OS_FIFO_Get       os_fifo.o
    0x0000270c   0x00000024   Code   RO         1890    i.OS_FIFO_Init      os_fifo.o
    0x00002730   0x0000006c   Code   RO         1891    i.OS_FIFO_Put       os_fifo.o
    0x0000279c   0x00000034   Code   RO         1723    i.OS_Init           os.o
    0x000027d0   0x00000018   Code   RO         1951    i.OS_InitMutex      os_signal.o
    0x000027e8   0x00000018   Code   RO         1952    i.OS_InitSemaphore  os_signal.o
    0x00002800   0x00000058   Code   RO         1954    i.OS_MutexSignal    os_signal.o
    0x00002858   0x0000008c   Code   RO         1955    i.OS_MutexWait      os_signal.o
    0x000028e4   0x0000005c   Code   RO         1956    i.OS_Signal         os_signal.o
    0x00002940   0x00000094   Code   RO         1727    i.OS_Sleep          os.o
    0x000029d4   0x000000a4   Code   RO         1728    i.OS_Start          os.o
    0x00002a78   0x00000014   Code   RO         1729    i.OS_Suspend        os.o
    0x00002a8c   0x00000094   Code   RO         1957    i.OS_Wait           os_signal.o
    0x00002b20   0x00000044   Code   RO         1734    i.Scheduler         os.o
    0x00002b64   0x000002c0   Code   RO          653    i.SysCtlClockFreqSet  sysctl.o
    0x00002e24   0x00000174   Code   RO          654    i.SysCtlClockGet    sysctl.o
    0x00002f98   0x00000040   Code   RO          685    i.SysCtlPeripheralEnable  sysctl.o
    0x00002fd8   0x00000038   Code   RO          689    i.SysCtlPeripheralReady  sysctl.o
    0x00003010   0x0000007c   Code   RO         1735    i.SysTick_Handler   os.o
    0x0000308c   0x00000008   Code   RO         1736    i.TaskExitErrorCallback  os.o
    0x00003094   0x00000010   Code   RO         1568    i.UART0_Handler     hal_uart_int.o
    0x000030a4   0x00000010   Code   RO         1569    i.UART1_Handler     hal_uart_int.o
    0x000030b4   0x00000010   Code   RO         1570    i.UART2_Handler     hal_uart_int.o
    0x000030c4   0x00000014   Code   RO          213    i.UARTCharGetNonBlocking  uart.o
    0x000030d8   0x0000000e   Code   RO          214    i.UARTCharPut       uart.o
    0x000030e6   0x00000014   Code   RO          215    i.UARTCharPutNonBlocking  uart.o
    0x000030fa   0x0000004c   Code   RO          220    i.UARTConfigSetExpClk  uart.o
    0x00003146   0x0000001e   Code   RO          223    i.UARTDisable       uart.o
    0x00003164   0x00000014   Code   RO          225    i.UARTEnable        uart.o
    0x00003178   0x0000000a   Code   RO          228    i.UARTFIFOEnable    uart.o
    0x00003182   0x00000012   Code   RO          229    i.UARTFIFOLevelGet  uart.o
    0x00003194   0x00000008   Code   RO          230    i.UARTFIFOLevelSet  uart.o
    0x0000319c   0x00000004   Code   RO          233    i.UARTIntClear      uart.o
    0x000031a0   0x00000008   Code   RO          234    i.UARTIntDisable    uart.o
    0x000031a8   0x00000008   Code   RO          235    i.UARTIntEnable     uart.o
    0x000031b0   0x0000000c   Code   RO          237    i.UARTIntStatus     uart.o
    0x000031bc   0x0000000c   Code   RO          252    i.UARTTxIntModeSet  uart.o
    0x000031c8   0x0000004c   Code   RO         1571    i.UART_Handler      hal_uart_int.o
    0x00003214   0x0000000a   Code   RO         1737    i.Yeild             os.o
    0x0000321e   0x00000024   Code   RO         1329    i._CANDataRegRead   can.o
    0x00003242   0x00000024   Code   RO         1330    i._CANDataRegWrite  can.o
    0x00003266   0x00000002   PAD
    0x00003268   0x00000064   Code   RO          707    i._SysCtlFrequencyGet  sysctl.o
    0x000032cc   0x00000028   Code   RO          708    i._SysCtlMemTimingGet  sysctl.o
    0x000032f4   0x00000020   Code   RO         2702    i.__0printf         mc_w.l(printfa.o)
    0x00003314   0x00000024   Code   RO         2707    i.__0vsnprintf      mc_w.l(printfa.o)
    0x00003338   0x00000008   Code   RO         2766    i.__aeabi_errno_addr  mc_w.l(errno.o)
    0x00003340   0x0000000e   Code   RO         2837    i.__scatterload_copy  mc_w.l(handlers.o)
    0x0000334e   0x00000002   Code   RO         2838    i.__scatterload_null  mc_w.l(handlers.o)
    0x00003350   0x0000000e   Code   RO         2839    i.__scatterload_zeroinit  mc_w.l(handlers.o)
    0x0000335e   0x00000002   PAD
    0x00003360   0x0000015c   Code   RO         2709    i._fp_digits        mc_w.l(printfa.o)
    0x000034bc   0x000006f0   Code   RO         2710    i._printf_core      mc_w.l(printfa.o)
    0x00003bac   0x00000026   Code   RO         2711    i._printf_post_padding  mc_w.l(printfa.o)
    0x00003bd2   0x00000030   Code   RO         2712    i._printf_pre_padding  mc_w.l(printfa.o)
    0x00003c02   0x00000016   Code   RO         2713    i._snputc           mc_w.l(printfa.o)
    0x00003c18   0x000000c0   Code   RO         2368    i.build_rsp         endpoints.o
    0x00003cd8   0x000001e4   Code   RO         2263    i.coap_build        coap.o
    0x00003ebc   0x00000074   Code   RO         2264    i.coap_dump         coap.o
    0x00003f30   0x00000098   Code   RO         2265    i.coap_dumpHeader   coap.o
    0x00003fc8   0x00000064   Code   RO         2266    i.coap_dumpOptions  coap.o
    0x0000402c   0x00000040   Code   RO         2267    i.coap_dumpPacket   coap.o
    0x0000406c   0x00000046   Code   RO         2268    i.coap_findOptions  coap.o
    0x000040b2   0x00000002   PAD
    0x000040b4   0x000000d0   Code   RO         2269    i.coap_handle_req   coap.o
    0x00004184   0x00000076   Code   RO         2270    i.coap_make_response  coap.o
    0x000041fa   0x00000002   PAD
    0x000041fc   0x00000024   Code   RO         2271    i.coap_option_nibble  coap.o
    0x00004220   0x00000054   Code   RO         2272    i.coap_parse        coap.o
    0x00004274   0x0000003c   Code   RO         2273    i.coap_parseHeader  coap.o
    0x000042b0   0x000000de   Code   RO         2274    i.coap_parseOption  coap.o
    0x0000438e   0x00000092   Code   RO         2275    i.coap_parseOptionsAndPayload  coap.o
    0x00004420   0x00000032   Code   RO         2276    i.coap_parseToken   coap.o
    0x00004452   0x00000008   Code   RO         2277    i.coap_setup        coap.o
    0x0000445a   0x00000008   Code   RO         2369    i.endpoint_setup    endpoints.o
    0x00004462   0x00000002   PAD
    0x00004464   0x0000001c   Code   RO          178    i.fputc             retarget.o
    0x00004480   0x0000003c   Code   RO         2370    i.handle_get_light  endpoints.o
    0x000044bc   0x00000044   Code   RO         2371    i.handle_get_well_known_core  endpoints.o
    0x00004500   0x000000a0   Code   RO         2372    i.handle_put_light  endpoints.o
    0x000045a0   0x0000006c   Code   RO         2373    i.handle_put_robot_motor  endpoints.o
    0x0000460c   0x0000006c   Code   RO         2374    i.handle_put_robot_servo  endpoints.o
    0x00004678   0x00000030   Code   RO         2021    i.insert            list.o
    0x000046a8   0x00000070   Code   RO           18    i.main              main.o
    0x00004718   0x0000002c   Code   RO           19    i.put_light_Callback  main.o
    0x00004744   0x00000020   Code   RO           20    i.put_robot_motor_Callback  main.o
    0x00004764   0x00000020   Code   RO           21    i.put_robot_servo_Callback  main.o
    0x00004784   0x00000040   Code   RO         1467    i.rxFIFOGet         hal_uart.o
    0x000047c4   0x00000048   Code   RO         2073    i.split             at.o
    0x0000480c   0x00000034   Code   RO         1468    i.txFIFOPut         hal_uart.o
    0x00004840   0x0000001c   Code   RO           23    i.wifiThread        main.o
    0x0000485c   0x0000010c   Data   RO          542    .constdata          interrupt.o
    0x00004968   0x00000254   Data   RO          709    .constdata          sysctl.o
    0x00004bbc   0x00000228   Data   RO         1055    .constdata          gpio.o
    0x00004de4   0x00000020   Data   RO         1332    .constdata          can.o
    0x00004e04   0x00000094   Data   RO         2379    .constdata          endpoints.o
    0x00004e98   0x00000081   Data   RO         2801    .constdata          mc_w.l(ctype_o.o)
    0x00004f19   0x00000003   PAD
    0x00004f1c   0x00000004   Data   RO         2802    .constdata          mc_w.l(ctype_o.o)
    0x00004f20   0x00000034   Data   RO         2380    .conststring        endpoints.o
    0x00004f54   0x00000020   Data   RO         2835    Region$$Table       anon$$obj.o


    Execution Region ER_RW (Base: 0x20000000, Size: 0x00000590, Max: 0xffffffff, ABSOLUTE, COMPRESSED[0x0000002c])

    Base Addr    Size         Type   Attr      Idx    E Section Name        Object

    0x20000000   0x000004b8   Data   RW           25    .data               main.o
    0x200004b8   0x0000009c   Data   RW         1469    .data               hal_uart.o
    0x20000554   0x00000008   Data   RW         1668    .data               can0.o
    0x2000055c   0x00000018   Data   RW         1739    .data               os.o
    0x20000574   0x0000000c   Data   RW         2000    .data               os_task_lists.o
    0x20000580   0x00000001   Data   RW         2381    .data               endpoints.o
    0x20000581   0x00000003   PAD
    0x20000584   0x00000004   Data   RW         2462    .data               mc_w.l(strtok.o)
    0x20000588   0x00000004   Data   RW         2759    .data               mc_w.l(stdout.o)
    0x2000058c   0x00000004   Data   RW         2769    .data               mc_w.l(errno.o)


    Execution Region ER_ZI (Base: 0x20000590, Size: 0x00006d40, Max: 0xffffffff, ABSOLUTE)

    Base Addr    Size         Type   Attr      Idx    E Section Name        Object

    0x20000590   0x000008d0   Zero   RW           24    .bss                main.o
    0x20000e60   0x00005228   Zero   RW         1999    .bss                os_task_lists.o
    0x20006088   0x00000450   Zero   RW         2074    .bss                at.o
    0x200064d8   0x00000418   Zero   RW         2166    .bss                esp8266.o
    0x200068f0   0x000005dc   Zero   RW         2378    .bss                endpoints.o
    0x20006ecc   0x00000004   PAD
    0x20006ed0   0x00000400   Zero   RW            1    STACK               startup.o


==============================================================================

Image component sizes


      Code (inc. data)   RO Data    RW Data    ZI Data      Debug   Object Name

       458         28          0          0       1104       8190   at.o
      1208         10         32          0          0      10449   can.o
       332         52          0          8          0       2895   can0.o
      1918        182          0          0          0      10299   coap.o
       704         50        200          1       1500       7304   endpoints.o
      1088        324          0          0       1048       8091   esp8266.o
       670         10        552          0          0       5223   gpio.o
       170         12          0          0          0       2954   hal_gpio.o
       826         44          0        156          0       8534   hal_uart.o
       124         18          0          0          0       3128   hal_uart_int.o
       264         24        268          0          0       2378   interrupt.o
       246          0          0          0          0       3232   list.o
       536        152          0       1208       2256      38724   main.o
       982        124          0         24          0      35256   os.o
       248          0          0          0          0       2503   os_fifo.o
       516         42          0          0          0       3632   os_signal.o
         0          0          0         12      21032       2508   os_task_lists.o
        28          6          0          0          0        444   retarget.o
       672        622          0          0       1024        884   startup.o
      1336        116        596          0          0       5939   sysctl.o
       260          0          0          0          0       7507   uart.o

    ----------------------------------------------------------------------
     12604       1816       1680       1412      27968     170074   Object Totals
         0          0         32          0          0          0   (incl. Generated)
        18          0          0          3          4          0   (incl. Padding)

    ----------------------------------------------------------------------

      Code (inc. data)   RO Data    RW Data    ZI Data      Debug   Library Member Name

        56          8          0          0          0         84   __0sscanf.o
        92          0          0          0          0          0   __dczerorl2.o
        28          0          0          0          0         68   _chval.o
       812          6          0          0          0        112   _scanf.o
       336          0          0          0          0         96   _scanf_int.o
       218          0          0          0          0         96   _scanf_str.o
        64          0          0          0          0         84   _sgetc.o
       158          0          0          0          0         92   _strtoul.o
        26          0          0          0          0         80   atoi.o
         8          4        133          0          0         68   ctype_o.o
         0          0          0          0          0          0   entry.o
         0          0          0          0          0          0   entry10a.o
         0          0          0          0          0          0   entry11a.o
         8          4          0          0          0          0   entry2.o
         4          0          0          0          0          0   entry5.o
         0          0          0          0          0          0   entry7b.o
         0          0          0          0          0          0   entry8b.o
         8          4          0          0          0          0   entry9a.o
         8          4          0          4          0         68   errno.o
        30          0          0          0          0          0   handlers.o
        36          8          0          0          0         68   init.o
        18          0          0          0          0         76   isspace_o.o
         0          0          0          0          0          0   iusefp.o
        30          0          0          0          0         68   llshl.o
        36          0          0          0          0         68   llsshr.o
        32          0          0          0          0         68   llushr.o
        26          0          0          0          0         80   memcmp.o
        36          0          0          0          0         68   memcpya.o
      2300         94          0          0          0        592   printfa.o
        40          8          0          0          0         84   scanf_char.o
         0          0          0          4          0          0   stdout.o
        14          0          0          0          0         68   strlen.o
        40          0          0          0          0         76   strncat.o
        24          0          0          0          0         76   strncpy.o
        36          0          0          0          0         80   strstr.o
        68          6          0          4          0         80   strtok.o
       112          0          0          0          0         88   strtol.o
        44          0          0          0          0         80   uidiv.o
        98          0          0          0          0         92   uldiv.o
        40          2          0          0          0         68   cdrcmple.o
       334          0          0          0          0        148   dadd.o
       222          0          0          0          0        100   ddiv.o
       190          0          0          0          0        176   depilogue.o
        48          0          0          0          0         68   dfixul.o
       228          0          0          0          0         96   dmul.o

    ----------------------------------------------------------------------
      5920        148        136         12          0       3316   Library Totals
        12          0          3          0          0          0   (incl. Padding)

    ----------------------------------------------------------------------

      Code (inc. data)   RO Data    RW Data    ZI Data      Debug   Library Name

      4846        146        133         12          0       2660   mc_w.l
      1062          2          0          0          0        656   mf_w.l

    ----------------------------------------------------------------------
      5920        148        136         12          0       3316   Library Totals

    ----------------------------------------------------------------------

==============================================================================


      Code (inc. data)   RO Data    RW Data    ZI Data      Debug   

     18524       1964       1816       1424      27968     164030   Grand Totals
     18524       1964       1816         44      27968     164030   ELF Image Totals (compressed)
     18524       1964       1816         44          0          0   ROM Totals

==============================================================================

    Total RO  Size (Code + RO Data)                20340 (  19.86kB)
    Total RW  Size (RW Data + ZI Data)             29392 (  28.70kB)
    Total ROM Size (Code + RO Data + RW Data)      20384 (  19.91kB)

==============================================================================

